<html>
<body>
<pre>
<h1>µVision Build Log</h1>
<h2>Tool Versions:</h2>
IDE-Version: ¦ÌVision V5.39.0.0
Copyright (C) 2023 ARM Ltd and ARM Germany GmbH. All rights reserved.
License Information: 1 zxf, 1, LIC=EXJT4-F5LV2-WF8I7-EEYK8-LQ262-920LD
 
Tool Versions:
Toolchain:       MDK-ARM Plus  Version: 5.39.0.0
Toolchain Path:  D:\Keil_v5\ARM\ARMCC\Bin
C Compiler:      Armcc.exe V5.06 update 6 (build 750)
Assembler:       Armasm.exe V5.06 update 6 (build 750)
Linker/Locator:  ArmLink.exe V5.06 update 6 (build 750)
Library Manager: ArmAr.exe V5.06 update 6 (build 750)
Hex Converter:   FromElf.exe V5.06 update 6 (build 750)
CPU DLL:         SARMCM3.DLL V5.39.0.0
Dialog DLL:      DCM.DLL V1.17.5.0
Target DLL:      Segger\JL2CM3.dll V2.99.43.0
Dialog DLL:      TCM.DLL V1.56.4.0
 
<h2>Project:</h2>
D:\Users_origincar\origincar_controller\USER\OriginCar.uvprojx
Project File Date:  04/02/2025

<h2>Output:</h2>
*** Using Compiler 'V5.06 update 6 (build 750)', folder: 'D:\Keil_v5\ARM\ARMCC\Bin'
Rebuild target 'FreeRTOS'
compiling stm32f4xx_it.c...
compiling sys.c...
compiling system_stm32f4xx.c...
compiling delay.c...
compiling oled.c...
compiling key.c...
compiling timer.c...
compiling LED.C...
compiling adc.c...
compiling motor.c...
compiling main.c...
compiling encoder.c...
assembling startup_stm32f40_41xxx.s...
compiling pstwo.c...
compiling usartx.c...
compiling can.c...
compiling usart.c...
compiling misc.c...
compiling stm32f4xx_gpio.c...
compiling stm32f4xx_syscfg.c...
compiling stm32f4xx_usart.c...
compiling stm32f4xx_rcc.c...
compiling stm32f4xx_adc.c...
compiling stm32f4xx_can.c...
compiling stm32f4xx_pwr.c...
compiling stm32f4xx_tim.c...
compiling list.c...
compiling croutine.c...
compiling event_groups.c...
compiling queue.c...
compiling tasks.c...
compiling timers.c...
compiling port.c...
compiling heap_4.c...
compiling system.c...
compiling robot_select_init.c...
compiling MPU6050.c...
compiling show.c...
compiling balance.c...
compiling I2C.c...
linking...
Program Size: Code=48986 RO-data=6390 RW-data=652 ZI-data=24324  
FromELF: creating hex file...
"..\OBJ\OriginCar.axf" - 0 Error(s), 0 Warning(s).

<h2>Software Packages used:</h2>

Package Vendor: Keil
                https://www.keil.com/pack/Keil.STM32F4xx_DFP.3.0.0.pack
                Keil::STM32F4xx_DFP@3.0.0
                STMicroelectronics STM32F4 Series Device Support

<h2>Collection of Component include folders:</h2>

<h2>Collection of Component Files used:</h2>
Build Time Elapsed:  00:00:03
</pre>
</body>
</html>
