Component: ARM Compiler 5.06 update 6 (build 750) Tool: armlink [4d35ed]

==============================================================================

Section Cross References

    main.o(i.main) refers to system.o(i.systemInit) for systemInit
    main.o(i.main) refers to tasks.o(i.xTaskCreate) for xTaskCreate
    main.o(i.main) refers to tasks.o(i.vTaskStartScheduler) for vTaskStartScheduler
    main.o(i.main) refers to main.o(.data) for StartTask_Handler
    main.o(i.main) refers to main.o(i.start_task) for start_task
    main.o(i.start_task) refers to port.o(i.vPortEnterCritical) for vPortEnterCritical
    main.o(i.start_task) refers to tasks.o(i.xTaskCreate) for xTaskCreate
    main.o(i.start_task) refers to tasks.o(i.vTaskDelete) for vTaskDelete
    main.o(i.start_task) refers to port.o(i.vPortExitCritical) for vPortExitCritical
    main.o(i.start_task) refers to balance.o(i.Balance_task) for Balance_task
    main.o(i.start_task) refers to mpu6050.o(i.MPU6050_task) for MPU6050_task
    main.o(i.start_task) refers to show.o(i.show_task) for show_task
    main.o(i.start_task) refers to led.o(i.led_task) for led_task
    main.o(i.start_task) refers to pstwo.o(i.pstwo_task) for pstwo_task
    main.o(i.start_task) refers to usartx.o(i.data_task) for data_task
    main.o(i.start_task) refers to main.o(.data) for StartTask_Handler
    system_stm32f4xx.o(i.SystemCoreClockUpdate) refers to system_stm32f4xx.o(.data) for SystemCoreClock
    system_stm32f4xx.o(i.SystemInit) refers to system_stm32f4xx.o(i.SetSysClock) for SetSysClock
    adc.o(i.Adc_Init) refers to stm32f4xx_rcc.o(i.RCC_AHB1PeriphClockCmd) for RCC_AHB1PeriphClockCmd
    adc.o(i.Adc_Init) refers to stm32f4xx_rcc.o(i.RCC_APB2PeriphClockCmd) for RCC_APB2PeriphClockCmd
    adc.o(i.Adc_Init) refers to stm32f4xx_gpio.o(i.GPIO_Init) for GPIO_Init
    adc.o(i.Adc_Init) refers to stm32f4xx_rcc.o(i.RCC_APB2PeriphResetCmd) for RCC_APB2PeriphResetCmd
    adc.o(i.Adc_Init) refers to stm32f4xx_adc.o(i.ADC_CommonInit) for ADC_CommonInit
    adc.o(i.Adc_Init) refers to stm32f4xx_adc.o(i.ADC_Init) for ADC_Init
    adc.o(i.Adc_Init) refers to stm32f4xx_adc.o(i.ADC_Cmd) for ADC_Cmd
    adc.o(i.Adc_POWER_Init) refers to stm32f4xx_rcc.o(i.RCC_AHB1PeriphClockCmd) for RCC_AHB1PeriphClockCmd
    adc.o(i.Adc_POWER_Init) refers to stm32f4xx_rcc.o(i.RCC_APB2PeriphClockCmd) for RCC_APB2PeriphClockCmd
    adc.o(i.Adc_POWER_Init) refers to stm32f4xx_gpio.o(i.GPIO_Init) for GPIO_Init
    adc.o(i.Adc_POWER_Init) refers to stm32f4xx_rcc.o(i.RCC_APB2PeriphResetCmd) for RCC_APB2PeriphResetCmd
    adc.o(i.Adc_POWER_Init) refers to stm32f4xx_adc.o(i.ADC_CommonInit) for ADC_CommonInit
    adc.o(i.Adc_POWER_Init) refers to stm32f4xx_adc.o(i.ADC_Init) for ADC_Init
    adc.o(i.Adc_POWER_Init) refers to stm32f4xx_adc.o(i.ADC_Cmd) for ADC_Cmd
    adc.o(i.Get_Adc) refers to stm32f4xx_adc.o(i.ADC_RegularChannelConfig) for ADC_RegularChannelConfig
    adc.o(i.Get_Adc) refers to stm32f4xx_adc.o(i.ADC_SoftwareStartConv) for ADC_SoftwareStartConv
    adc.o(i.Get_Adc) refers to stm32f4xx_adc.o(i.ADC_GetFlagStatus) for ADC_GetFlagStatus
    adc.o(i.Get_Adc) refers to stm32f4xx_adc.o(i.ADC_GetConversionValue) for ADC_GetConversionValue
    adc.o(i.Get_Adc2) refers to stm32f4xx_adc.o(i.ADC_RegularChannelConfig) for ADC_RegularChannelConfig
    adc.o(i.Get_Adc2) refers to stm32f4xx_adc.o(i.ADC_SoftwareStartConv) for ADC_SoftwareStartConv
    adc.o(i.Get_Adc2) refers to stm32f4xx_adc.o(i.ADC_GetFlagStatus) for ADC_GetFlagStatus
    adc.o(i.Get_Adc2) refers to stm32f4xx_adc.o(i.ADC_GetConversionValue) for ADC_GetConversionValue
    adc.o(i.Get_adc_Average) refers to adc.o(i.Get_Adc) for Get_Adc
    adc.o(i.Get_adc_Average) refers to delay.o(i.delay_ms) for delay_ms
    adc.o(i.Get_battery_volt) refers to adc.o(i.Get_Adc2) for Get_Adc2
    adc.o(i.Get_battery_volt) refers to dfltui.o(.text) for __aeabi_ui2d
    adc.o(i.Get_battery_volt) refers to dmul.o(.text) for __aeabi_dmul
    adc.o(i.Get_battery_volt) refers to ddiv.o(.text) for __aeabi_ddiv
    adc.o(i.Get_battery_volt) refers to d2f.o(.text) for __aeabi_d2f
    can.o(i.CAN1_Mode_Init) refers to stm32f4xx_rcc.o(i.RCC_AHB1PeriphClockCmd) for RCC_AHB1PeriphClockCmd
    can.o(i.CAN1_Mode_Init) refers to stm32f4xx_rcc.o(i.RCC_APB1PeriphClockCmd) for RCC_APB1PeriphClockCmd
    can.o(i.CAN1_Mode_Init) refers to stm32f4xx_gpio.o(i.GPIO_Init) for GPIO_Init
    can.o(i.CAN1_Mode_Init) refers to stm32f4xx_gpio.o(i.GPIO_PinAFConfig) for GPIO_PinAFConfig
    can.o(i.CAN1_Mode_Init) refers to misc.o(i.NVIC_Init) for NVIC_Init
    can.o(i.CAN1_Mode_Init) refers to stm32f4xx_can.o(i.CAN_ITConfig) for CAN_ITConfig
    can.o(i.CAN1_RX0_IRQHandler) refers to can.o(i.CAN1_Rx_Msg) for CAN1_Rx_Msg
    can.o(i.CAN1_RX0_IRQHandler) refers to usartx.o(i.Vz_to_Akm_Angle) for Vz_to_Akm_Angle
    can.o(i.CAN1_RX0_IRQHandler) refers to system.o(.data) for CAN_ON_Flag
    can.o(i.CAN1_RX0_IRQHandler) refers to balance.o(.data) for command_lost_count
[...]
    PS2_SetInit                              0x08003799   Thumb Code    28  pstwo.o(i.PS2_SetInit)
    PS2_ShortPoll                            0x080037b5   Thumb Code    60  pstwo.o(i.PS2_ShortPoll)
    PS2_TurnOnAnalogMode                     0x080037f9   Thumb Code    78  pstwo.o(i.PS2_TurnOnAnalogMode)
    PWR_BackupAccessCmd                      0x08003851   Thumb Code     6  stm32f4xx_pwr.o(i.PWR_BackupAccessCmd)
    RCC_AHB1PeriphClockCmd                   0x0800385d   Thumb Code    26  stm32f4xx_rcc.o(i.RCC_AHB1PeriphClockCmd)
    RCC_APB1PeriphClockCmd                   0x0800387d   Thumb Code    26  stm32f4xx_rcc.o(i.RCC_APB1PeriphClockCmd)
    RCC_APB2PeriphClockCmd                   0x0800389d   Thumb Code    26  stm32f4xx_rcc.o(i.RCC_APB2PeriphClockCmd)
    RCC_APB2PeriphResetCmd                   0x080038bd   Thumb Code    26  stm32f4xx_rcc.o(i.RCC_APB2PeriphResetCmd)
    RCC_GetClocksFreq                        0x080038dd   Thumb Code   214  stm32f4xx_rcc.o(i.RCC_GetClocksFreq)
    RCC_LSEConfig                            0x080039c5   Thumb Code    40  stm32f4xx_rcc.o(i.RCC_LSEConfig)
    Read_DMP                                 0x080039f1   Thumb Code   610  mpu6050.o(i.Read_DMP)
    Read_Encoder                             0x08003c89   Thumb Code    88  encoder.o(i.Read_Encoder)
    Robot_Init                               0x08003ced   Thumb Code   160  robot_select_init.o(i.Robot_Init)
    Robot_Odometry                           0x08003da9   Thumb Code   348  balance.o(i.Robot_Odometry)
    Robot_Select                             0x08003f1d   Thumb Code   348  robot_select_init.o(i.Robot_Select)
    Set_Pwm                                  0x080041c9   Thumb Code   134  balance.o(i.Set_Pwm)
    Smooth_control                           0x08004265   Thumb Code   432  balance.o(i.Smooth_control)
    SysTick_CLKSourceConfig                  0x08004421   Thumb Code    40  misc.o(i.SysTick_CLKSourceConfig)
    SysTick_Handler                          0x08004449   Thumb Code    16  delay.o(i.SysTick_Handler)
    SystemInit                               0x08004459   Thumb Code    88  system_stm32f4xx.o(i.SystemInit)
    Systick_GetDeltaT                        0x080044c1   Thumb Code    78  delay.o(i.Systick_GetDeltaT)
    TIM10_PWM_Init                           0x08004641   Thumb Code   150  motor.o(i.TIM10_PWM_Init)
    TIM11_PWM_Init                           0x080046e1   Thumb Code   158  motor.o(i.TIM11_PWM_Init)
    TIM12_SERVO_Init                         0x08004789   Thumb Code   196  timer.o(i.TIM12_SERVO_Init)
    TIM1_PWM_Init                            0x08004855   Thumb Code   238  motor.o(i.TIM1_PWM_Init)
    TIM2_IRQHandler                          0x0800494d   Thumb Code    24  encoder.o(i.TIM2_IRQHandler)
    TIM3_IRQHandler                          0x08004965   Thumb Code    18  encoder.o(i.TIM3_IRQHandler)
    TIM4_IRQHandler                          0x0800497d   Thumb Code    18  encoder.o(i.TIM4_IRQHandler)
    TIM5_IRQHandler                          0x08004995   Thumb Code    18  encoder.o(i.TIM5_IRQHandler)
    TIM8_BRK_TIM12_IRQHandler                0x080049ad   Thumb Code    18  encoder.o(i.TIM8_BRK_TIM12_IRQHandler)
    TIM8_CC_IRQHandler                       0x080049c5   Thumb Code   810  timer.o(i.TIM8_CC_IRQHandler)
    TIM8_Cap_Init                            0x08004d71   Thumb Code   328  timer.o(i.TIM8_Cap_Init)
    TIM8_UP_TIM13_IRQHandler                 0x08004ec1   Thumb Code    14  timer.o(i.TIM8_UP_TIM13_IRQHandler)
    TIM9_PWM_Init                            0x08004ed5   Thumb Code   174  motor.o(i.TIM9_PWM_Init)
    TIM_ARRPreloadConfig                     0x08004f8d   Thumb Code    24  stm32f4xx_tim.o(i.TIM_ARRPreloadConfig)
    TIM_ClearFlag                            0x08004fa5   Thumb Code     6  stm32f4xx_tim.o(i.TIM_ClearFlag)
    TIM_ClearITPendingBit                    0x08004fab   Thumb Code     6  stm32f4xx_tim.o(i.TIM_ClearITPendingBit)
    TIM_Cmd                                  0x08004fb1   Thumb Code    24  stm32f4xx_tim.o(i.TIM_Cmd)
    TIM_CtrlPWMOutputs                       0x08004fc9   Thumb Code    30  stm32f4xx_tim.o(i.TIM_CtrlPWMOutputs)
    TIM_EncoderInterfaceConfig               0x08004fe7   Thumb Code    66  stm32f4xx_tim.o(i.TIM_EncoderInterfaceConfig)
    TIM_GetCapture1                          0x08005029   Thumb Code     6  stm32f4xx_tim.o(i.TIM_GetCapture1)
    TIM_GetCapture2                          0x0800502f   Thumb Code     6  stm32f4xx_tim.o(i.TIM_GetCapture2)
    TIM_GetCapture3                          0x08005035   Thumb Code     6  stm32f4xx_tim.o(i.TIM_GetCapture3)
    TIM_GetCapture4                          0x0800503b   Thumb Code     6  stm32f4xx_tim.o(i.TIM_GetCapture4)
    TIM_GetITStatus                          0x08005041   Thumb Code    34  stm32f4xx_tim.o(i.TIM_GetITStatus)
    TIM_ICInit                               0x08005063   Thumb Code   110  stm32f4xx_tim.o(i.TIM_ICInit)
    TIM_ICStructInit                         0x080050d1   Thumb Code    18  stm32f4xx_tim.o(i.TIM_ICStructInit)
    TIM_ITConfig                             0x080050e3   Thumb Code    18  stm32f4xx_tim.o(i.TIM_ITConfig)
    TIM_OC1Init                              0x080050f5   Thumb Code   114  stm32f4xx_tim.o(i.TIM_OC1Init)
    TIM_OC1PolarityConfig                    0x08005171   Thumb Code    18  stm32f4xx_tim.o(i.TIM_OC1PolarityConfig)
    TIM_OC1PreloadConfig                     0x08005183   Thumb Code    18  stm32f4xx_tim.o(i.TIM_OC1PreloadConfig)
    TIM_OC2Init                              0x08005195   Thumb Code   154  stm32f4xx_tim.o(i.TIM_OC2Init)
    TIM_OC2PolarityConfig                    0x08005239   Thumb Code    26  stm32f4xx_tim.o(i.TIM_OC2PolarityConfig)
    TIM_OC2PreloadConfig                     0x08005253   Thumb Code    26  stm32f4xx_tim.o(i.TIM_OC2PreloadConfig)
    TIM_OC3Init                              0x0800526d   Thumb Code   150  stm32f4xx_tim.o(i.TIM_OC3Init)
    TIM_OC3PolarityConfig                    0x0800530d   Thumb Code    26  stm32f4xx_tim.o(i.TIM_OC3PolarityConfig)
    TIM_OC3PreloadConfig                     0x08005327   Thumb Code    18  stm32f4xx_tim.o(i.TIM_OC3PreloadConfig)
    TIM_OC4Init                              0x08005339   Thumb Code   112  stm32f4xx_tim.o(i.TIM_OC4Init)
    TIM_OC4PolarityConfig                    0x080053b1   Thumb Code    26  stm32f4xx_tim.o(i.TIM_OC4PolarityConfig)
    TIM_OC4PreloadConfig                     0x080053cb   Thumb Code    26  stm32f4xx_tim.o(i.TIM_OC4PreloadConfig)
    TIM_SetCounter                           0x080053e5   Thumb Code     4  stm32f4xx_tim.o(i.TIM_SetCounter)
    TIM_SetIC1Prescaler                      0x080053e9   Thumb Code    18  stm32f4xx_tim.o(i.TIM_SetIC1Prescaler)
    TIM_SetIC2Prescaler                      0x080053fb   Thumb Code    26  stm32f4xx_tim.o(i.TIM_SetIC2Prescaler)
    TIM_SetIC3Prescaler                      0x08005415   Thumb Code    18  stm32f4xx_tim.o(i.TIM_SetIC3Prescaler)
    TIM_SetIC4Prescaler                      0x08005427   Thumb Code    26  stm32f4xx_tim.o(i.TIM_SetIC4Prescaler)
    TIM_TimeBaseInit                         0x08005441   Thumb Code   104  stm32f4xx_tim.o(i.TIM_TimeBaseInit)
    TIM_TimeBaseStructInit                   0x080054c5   Thumb Code    18  stm32f4xx_tim.o(i.TIM_TimeBaseStructInit)
    UART5_IRQHandler                         0x080054d9   Thumb Code   246  usartx.o(i.UART5_IRQHandler)
    USART1_IRQHandler                        0x08005609   Thumb Code   282  usartx.o(i.USART1_IRQHandler)
    USART2_IRQHandler                        0x0800575d   Thumb Code   646  usartx.o(i.USART2_IRQHandler)
    USART3_IRQHandler                        0x08005a4d   Thumb Code   284  usartx.o(i.USART3_IRQHandler)
    USART3_SEND                              0x08005bb5   Thumb Code    36  usartx.o(i.USART3_SEND)
    USART_Cmd                                0x08005be1   Thumb Code    24  stm32f4xx_usart.o(i.USART_Cmd)
    USART_GetITStatus                        0x08005bf9   Thumb Code    84  stm32f4xx_usart.o(i.USART_GetITStatus)
    USART_ITConfig                           0x08005c4d   Thumb Code    74  stm32f4xx_usart.o(i.USART_ITConfig)
    USART_Init                               0x08005c99   Thumb Code   204  stm32f4xx_usart.o(i.USART_Init)
    USART_ReceiveData                        0x08005d6d   Thumb Code    10  stm32f4xx_usart.o(i.USART_ReceiveData)
    Uart_aliving_checkout_func               0x08005d79   Thumb Code    36  usartx.o(i.Uart_aliving_checkout_func)
    UsageFault_Handler                       0x08005da9   Thumb Code     4  stm32f4xx_it.o(i.UsageFault_Handler)
    Vz_to_Akm_Angle                          0x08005dad   Thumb Code   206  usartx.o(i.Vz_to_Akm_Angle)
    XYZ_Target_Speed_transition              0x08005e8d   Thumb Code   102  usartx.o(i.XYZ_Target_Speed_transition)
    __0printf$3                              0x08005efd   Thumb Code    22  printf3.o(i.__0printf$3)
    __1printf$3                              0x08005efd   Thumb Code     0  printf3.o(i.__0printf$3)
    __2printf                                0x08005efd   Thumb Code     0  printf3.o(i.__0printf$3)
    __ARM_fpclassify                         0x08005f1d   Thumb Code    48  fpclassify.o(i.__ARM_fpclassify)
    __hardfp_asin                            0x08005f51   Thumb Code   770  asin.o(i.__hardfp_asin)
    __hardfp_atan                            0x080062b1   Thumb Code   622  atan.o(i.__hardfp_atan)
    __hardfp_atan2                           0x08006589   Thumb Code   432  atan2.o(i.__hardfp_atan2)
    __hardfp_cos                             0x08006779   Thumb Code   180  cos.o(i.__hardfp_cos)
    __hardfp_fabs                            0x08006841   Thumb Code    20  fabs.o(i.__hardfp_fabs)
    __hardfp_pow                             0x08006859   Thumb Code  3072  pow.o(i.__hardfp_pow)
    __hardfp_sin                             0x080074a9   Thumb Code   180  sin.o(i.__hardfp_sin)
    __hardfp_sqrt                            0x08007571   Thumb Code   122  sqrt.o(i.__hardfp_sqrt)
    __hardfp_tan                             0x080075f1   Thumb Code   108  tan.o(i.__hardfp_tan)
    __ieee754_rem_pio2                       0x08007671   Thumb Code   938  rred.o(i.__ieee754_rem_pio2)
    __kernel_cos                             0x08007aa9   Thumb Code   322  cos_i.o(i.__kernel_cos)
    __kernel_poly                            0x08007c19   Thumb Code   248  poly.o(i.__kernel_poly)
    __kernel_sin                             0x08007d11   Thumb Code   280  sin_i.o(i.__kernel_sin)
    __kernel_tan                             0x08007e41   Thumb Code   764  tan_i.o(i.__kernel_tan)
    __mathlib_dbl_divzero                    0x08008191   Thumb Code    28  dunder.o(i.__mathlib_dbl_divzero)
    __mathlib_dbl_infnan                     0x080081c1   Thumb Code    20  dunder.o(i.__mathlib_dbl_infnan)
    __mathlib_dbl_infnan2                    0x080081d5   Thumb Code    20  dunder.o(i.__mathlib_dbl_infnan2)
    __mathlib_dbl_invalid                    0x080081e9   Thumb Code    24  dunder.o(i.__mathlib_dbl_invalid)
    __mathlib_dbl_overflow                   0x08008209   Thumb Code    24  dunder.o(i.__mathlib_dbl_overflow)
    __mathlib_dbl_underflow                  0x08008229   Thumb Code    24  dunder.o(i.__mathlib_dbl_underflow)
    __scatterload_copy                       0x08008249   Thumb Code    14  handlers.o(i.__scatterload_copy)
    __scatterload_null                       0x08008257   Thumb Code     2  handlers.o(i.__scatterload_null)
    __scatterload_zeroinit                   0x08008259   Thumb Code    14  handlers.o(i.__scatterload_zeroinit)
    __set_errno                              0x08008269   Thumb Code     6  errno.o(i.__set_errno)
    atan                                     0x080084ed   Thumb Code    16  atan.o(i.atan)
    click_N_Double_MPU6050                   0x080084fd   Thumb Code   184  key.o(i.click_N_Double_MPU6050)
    data_task                                0x080085cd   Thumb Code    68  usartx.o(i.data_task)
    data_transition                          0x0800861d   Thumb Code   260  usartx.o(i.data_transition)
    delay_init                               0x080087b1   Thumb Code    62  delay.o(i.delay_init)
    delay_ms                                 0x080087fd   Thumb Code    60  delay.o(i.delay_ms)
    delay_us                                 0x0800883d   Thumb Code    68  delay.o(i.delay_us)
    dmp_enable_6x_lp_quat                    0x08008885   Thumb Code    60  inv_mpu_dmp_motion_driver.o(i.dmp_enable_6x_lp_quat)
    dmp_enable_feature                       0x080088c1   Thumb Code   530  inv_mpu_dmp_motion_driver.o(i.dmp_enable_feature)
    dmp_enable_gyro_cal                      0x08008add   Thumb Code    62  inv_mpu_dmp_motion_driver.o(i.dmp_enable_gyro_cal)
    dmp_enable_lp_quat                       0x08008b35   Thumb Code    60  inv_mpu_dmp_motion_driver.o(i.dmp_enable_lp_quat)
    dmp_load_motion_driver_firmware          0x08008b71   Thumb Code    20  inv_mpu_dmp_motion_driver.o(i.dmp_load_motion_driver_firmware)
    dmp_read_fifo                            0x08008b89   Thumb Code   456  inv_mpu_dmp_motion_driver.o(i.dmp_read_fifo)
    dmp_set_accel_bias                       0x08008d55   Thumb Code   300  inv_mpu_dmp_motion_driver.o(i.dmp_set_accel_bias)
    dmp_set_fifo_rate                        0x08008e85   Thumb Code    96  inv_mpu_dmp_motion_driver.o(i.dmp_set_fifo_rate)
    dmp_set_gyro_bias                        0x08008ef5   Thumb Code   294  inv_mpu_dmp_motion_driver.o(i.dmp_set_gyro_bias)
    dmp_set_orientation                      0x08009025   Thumb Code   290  inv_mpu_dmp_motion_driver.o(i.dmp_set_orientation)
    dmp_set_shake_reject_thresh              0x0800915d   Thumb Code    56  inv_mpu_dmp_motion_driver.o(i.dmp_set_shake_reject_thresh)
    dmp_set_shake_reject_time                0x08009195   Thumb Code    38  inv_mpu_dmp_motion_driver.o(i.dmp_set_shake_reject_time)
    dmp_set_shake_reject_timeout             0x080091bb   Thumb Code    38  inv_mpu_dmp_motion_driver.o(i.dmp_set_shake_reject_timeout)
    dmp_set_tap_axes                         0x080091e1   Thumb Code    70  inv_mpu_dmp_motion_driver.o(i.dmp_set_tap_axes)
    dmp_set_tap_count                        0x08009227   Thumb Code    38  inv_mpu_dmp_motion_driver.o(i.dmp_set_tap_count)
    dmp_set_tap_thresh                       0x0800924d   Thumb Code   412  inv_mpu_dmp_motion_driver.o(i.dmp_set_tap_thresh)
    dmp_set_tap_time                         0x0800940d   Thumb Code    38  inv_mpu_dmp_motion_driver.o(i.dmp_set_tap_time)
    dmp_set_tap_time_multi                   0x08009433   Thumb Code    38  inv_mpu_dmp_motion_driver.o(i.dmp_set_tap_time_multi)
    fabs                                     0x08009459   Thumb Code    24  fabs.o(i.fabs)
    float_abs                                0x08009471   Thumb Code    26  balance.o(i.float_abs)
    fputc                                    0x0800948d   Thumb Code    24  usart.o(i.fputc)
    getSysTickCnt                            0x080094a9   Thumb Code    22  delay.o(i.getSysTickCnt)
    get_calibration_status                   0x08009595   Thumb Code   122  mpu6050.o(i.get_calibration_status)
    i2cRead                                  0x08009bb1   Thumb Code   118  i2c.o(i.i2cRead)
    i2cWrite                                 0x08009c27   Thumb Code    96  i2c.o(i.i2cWrite)
    led_task                                 0x08009cfd   Thumb Code    24  led.o(i.led_task)
    main                                     0x08009d21   Thumb Code    34  main.o(i.main)
    mpu_configure_fifo                       0x08009d59   Thumb Code   106  inv_mpu.o(i.mpu_configure_fifo)
    mpu_get_accel_fsr                        0x08009dc9   Thumb Code    72  inv_mpu.o(i.mpu_get_accel_fsr)
    mpu_get_accel_sens                       0x08009e15   Thumb Code    78  inv_mpu.o(i.mpu_get_accel_sens)
    mpu_get_fifo_config                      0x08009e69   Thumb Code    12  inv_mpu.o(i.mpu_get_fifo_config)
    mpu_get_gyro_fsr                         0x08009e79   Thumb Code    64  inv_mpu.o(i.mpu_get_gyro_fsr)
    mpu_get_gyro_sens                        0x08009ebd   Thumb Code    74  inv_mpu.o(i.mpu_get_gyro_sens)
    mpu_get_lpf                              0x08009f1d   Thumb Code    74  inv_mpu.o(i.mpu_get_lpf)
    mpu_get_sample_rate                      0x08009f6d   Thumb Code    26  inv_mpu.o(i.mpu_get_sample_rate)
    mpu_init                                 0x08009f8d   Thumb Code   416  inv_mpu.o(i.mpu_init)
    mpu_load_firmware                        0x0800a17d   Thumb Code   180  inv_mpu.o(i.mpu_load_firmware)
    mpu_lp_accel_mode                        0x0800a235   Thumb Code   218  inv_mpu.o(i.mpu_lp_accel_mode)
    mpu_read_fifo_stream                     0x0800a315   Thumb Code   186  inv_mpu.o(i.mpu_read_fifo_stream)
    mpu_read_mem                             0x0800a3d5   Thumb Code   122  inv_mpu.o(i.mpu_read_mem)
    mpu_reset_fifo                           0x0800a455   Thumb Code   438  inv_mpu.o(i.mpu_reset_fifo)
    mpu_run_self_test                        0x0800a611   Thumb Code   278  inv_mpu.o(i.mpu_run_self_test)
    mpu_set_accel_fsr                        0x0800a72d   Thumb Code   126  inv_mpu.o(i.mpu_set_accel_fsr)
    mpu_set_bypass                           0x0800a7b1   Thumb Code   328  inv_mpu.o(i.mpu_set_bypass)
    mpu_set_dmp_state                        0x0800a8fd   Thumb Code   138  inv_mpu.o(i.mpu_set_dmp_state)
    mpu_set_gyro_fsr                         0x0800a98d   Thumb Code   132  inv_mpu.o(i.mpu_set_gyro_fsr)
    mpu_set_int_latched                      0x0800aa15   Thumb Code   102  inv_mpu.o(i.mpu_set_int_latched)
    mpu_set_lpf                              0x0800aa81   Thumb Code   126  inv_mpu.o(i.mpu_set_lpf)
    mpu_set_sample_rate                      0x0800ab05   Thumb Code   152  inv_mpu.o(i.mpu_set_sample_rate)
    mpu_set_sensors                          0x0800aba1   Thumb Code   202  inv_mpu.o(i.mpu_set_sensors)
    mpu_write_mem                            0x0800ac71   Thumb Code   122  inv_mpu.o(i.mpu_write_mem)
    myget_ms                                 0x0800acf1   Thumb Code     2  inv_mpu.o(i.myget_ms)
    oled_pow                                 0x0800acf3   Thumb Code    22  oled.o(i.oled_pow)
    oled_show                                0x0800ad09   Thumb Code  2926  show.o(i.oled_show)
    pstwo_task                               0x0800c3fd   Thumb Code    24  pstwo.o(i.pstwo_task)
    pvPortMalloc                             0x0800c415   Thumb Code   262  heap_4.o(i.pvPortMalloc)
    pvTaskIncrementMutexHeldCount            0x0800c569   Thumb Code    26  tasks.o(i.pvTaskIncrementMutexHeldCount)
    pxPortInitialiseStack                    0x0800c589   Thumb Code    38  port.o(i.pxPortInitialiseStack)
    show_task                                0x0800c6dd   Thumb Code   360  show.o(i.show_task)
    sqrt                                     0x0800c869   Thumb Code   110  sqrt.o(i.sqrt)
    start_task                               0x0800c8d9   Thumb Code   146  main.o(i.start_task)
    systemInit                               0x0800c9d9   Thumb Code   194  system.o(i.systemInit)
    target_limit_float                       0x0800ca9b   Thumb Code    42  balance.o(i.target_limit_float)
    target_limit_int                         0x0800cac5   Thumb Code    22  balance.o(i.target_limit_int)
    uart1_init                               0x0800cadd   Thumb Code   168  usartx.o(i.uart1_init)
    uart2_init                               0x0800cb8d   Thumb Code   166  usartx.o(i.uart2_init)
    uart3_init                               0x0800cc3d   Thumb Code   168  usartx.o(i.uart3_init)
    uart5_init                               0x0800cced   Thumb Code   212  usartx.o(i.uart5_init)
    usart3_send                              0x0800cdcd   Thumb Code    22  usartx.o(i.usart3_send)
    uxListRemove                             0x0800cde9   Thumb Code    40  list.o(i.uxListRemove)
    vListInitialise                          0x0800ce11   Thumb Code    26  list.o(i.vListInitialise)
    vListInitialiseItem                      0x0800ce2b   Thumb Code     6  list.o(i.vListInitialiseItem)
    vListInsert                              0x0800ce31   Thumb Code    52  list.o(i.vListInsert)
    vListInsertEnd                           0x0800ce65   Thumb Code    24  list.o(i.vListInsertEnd)
    vPortEnterCritical                       0x0800ce7d   Thumb Code    68  port.o(i.vPortEnterCritical)
    vPortExitCritical                        0x0800cf05   Thumb Code    48  port.o(i.vPortExitCritical)
    vPortFree                                0x0800cf75   Thumb Code   120  heap_4.o(i.vPortFree)
    vPortSetupTimerInterrupt                 0x0800d02d   Thumb Code    26  port.o(i.vPortSetupTimerInterrupt)
    vPortValidateInterruptPriority           0x0800d04d   Thumb Code    86  port.o(i.vPortValidateInterruptPriority)
    vQueueAddToRegistry                      0x0800d0ed   Thumb Code    38  queue.o(i.vQueueAddToRegistry)
    vQueueWaitForMessageRestricted           0x0800d119   Thumb Code    74  queue.o(i.vQueueWaitForMessageRestricted)
    vTaskDelay                               0x0800d165   Thumb Code    72  tasks.o(i.vTaskDelay)
    vTaskDelayUntil                          0x0800d1d9   Thumb Code   170  tasks.o(i.vTaskDelayUntil)
    vTaskDelete                              0x0800d2b5   Thumb Code   192  tasks.o(i.vTaskDelete)
    vTaskMissedYield                         0x0800d3c1   Thumb Code     8  tasks.o(i.vTaskMissedYield)
    vTaskPlaceOnEventList                    0x0800d3cd   Thumb Code    42  tasks.o(i.vTaskPlaceOnEventList)
    vTaskPlaceOnEventListRestricted          0x0800d421   Thumb Code    50  tasks.o(i.vTaskPlaceOnEventListRestricted)
    vTaskPriorityInherit                     0x0800d47d   Thumb Code   164  tasks.o(i.vTaskPriorityInherit)
    vTaskSetTimeOutState                     0x0800d52d   Thumb Code    32  tasks.o(i.vTaskSetTimeOutState)
    vTaskStartScheduler                      0x0800d579   Thumb Code   108  tasks.o(i.vTaskStartScheduler)
    vTaskSuspendAll                          0x0800d625   Thumb Code    12  tasks.o(i.vTaskSuspendAll)
    vTaskSwitchContext                       0x0800d635   Thumb Code   110  tasks.o(i.vTaskSwitchContext)
    xPortStartScheduler                      0x0800d6dd   Thumb Code   258  port.o(i.xPortStartScheduler)
    xPortSysTickHandler                      0x0800d839   Thumb Code    46  port.o(i.xPortSysTickHandler)
    xQueueGenericCreate                      0x0800d86d   Thumb Code    78  queue.o(i.xQueueGenericCreate)
    xQueueGenericReceive                     0x0800d8e1   Thumb Code   416  queue.o(i.xQueueGenericReceive)
    xQueueGenericReset                       0x0800daa9   Thumb Code   136  queue.o(i.xQueueGenericReset)
    xQueueGenericSend                        0x0800db59   Thumb Code   412  queue.o(i.xQueueGenericSend)
    xQueueGenericSendFromISR                 0x0800dd1d   Thumb Code   234  queue.o(i.xQueueGenericSendFromISR)
    xTaskCheckForTimeOut                     0x0800de2d   Thumb Code   116  tasks.o(i.xTaskCheckForTimeOut)
    xTaskCreate                              0x0800decd   Thumb Code    96  tasks.o(i.xTaskCreate)
    xTaskGetSchedulerState                   0x0800df2d   Thumb Code    24  tasks.o(i.xTaskGetSchedulerState)
    xTaskGetTickCount                        0x0800df4d   Thumb Code     6  tasks.o(i.xTaskGetTickCount)
    xTaskIncrementTick                       0x0800df59   Thumb Code   272  tasks.o(i.xTaskIncrementTick)
    xTaskPriorityDisinherit                  0x0800e0b9   Thumb Code   168  tasks.o(i.xTaskPriorityDisinherit)
    xTaskRemoveFromEventList                 0x0800e191   Thumb Code   118  tasks.o(i.xTaskRemoveFromEventList)
    xTaskResumeAll                           0x0800e245   Thumb Code   214  tasks.o(i.xTaskResumeAll)
    xTimerCreateTimerTask                    0x0800e365   Thumb Code    56  timers.o(i.xTimerCreateTimerTask)
    xTimerGenericCommand                     0x0800e3d9   Thumb Code   118  timers.o(i.xTimerGenericCommand)
    oled_asc2_1206                           0x0800e47c   Data        1140  oled.o(.constdata)
    oled_asc2_1608                           0x0800e8f0   Data        1520  oled.o(.constdata)
    Hzk16                                    0x0800eee0   Data        2624  oled.o(.constdata)
    hw                                       0x0800f920   Data          12  inv_mpu.o(.constdata)
    reg                                      0x0800f92c   Data          27  inv_mpu.o(.constdata)
    test                                     0x0800f948   Data          40  inv_mpu.o(.constdata)
    __mathlib_zero                           0x08010708   Data           8  qnan.o(.constdata)
    Region$$Table$$Base                      0x080108b0   Number         0  anon$$obj.o(Region$$Table)
    Region$$Table$$Limit                     0x080108d0   Number         0  anon$$obj.o(Region$$Table)
    StartTask_Handler                        0x20000000   Data           4  main.o(.data)
    SystemCoreClock                          0x20000004   Data           4  system_stm32f4xx.o(.data)
    AHBPrescTable                            0x20000008   Data          16  system_stm32f4xx.o(.data)
    Voltage                                  0x20000018   Data           4  adc.o(.data)
    Voltage_Count                            0x2000001c   Data           4  adc.o(.data)
    Voltage_All                              0x20000020   Data           4  adc.o(.data)
    Led_Count                                0x20000038   Data           4  led.o(.data)
    Handkey                                  0x20000040   Data           2  pstwo.o(.data)
    Comd                                     0x20000042   Data           2  pstwo.o(.data)
    MASK                                     0x20000044   Data          32  pstwo.o(.data)
    TIM8CH1_CAPTURE_STA                      0x20000068   Data           1  timer.o(.data)
    TIM8CH1_CAPTURE_UPVAL                    0x2000006a   Data           2  timer.o(.data)
    TIM8CH1_CAPTURE_DOWNVAL                  0x2000006c   Data           2  timer.o(.data)
    TIM8CH2_CAPTURE_STA                      0x2000006e   Data           1  timer.o(.data)
    TIM8CH2_CAPTURE_UPVAL                    0x20000070   Data           2  timer.o(.data)
    TIM8CH2_CAPTURE_DOWNVAL                  0x20000072   Data           2  timer.o(.data)
    TIM8CH3_CAPTURE_STA                      0x20000074   Data           1  timer.o(.data)
    TIM8CH3_CAPTURE_UPVAL                    0x20000076   Data           2  timer.o(.data)
    TIM8CH3_CAPTURE_DOWNVAL                  0x20000078   Data           2  timer.o(.data)
    TIM8CH4_CAPTURE_STA                      0x2000007a   Data           1  timer.o(.data)
    TIM8CH4_CAPTURE_UPVAL                    0x2000007c   Data           2  timer.o(.data)
    TIM8CH4_CAPTURE_DOWNVAL                  0x2000007e   Data           2  timer.o(.data)
    TIM8_T1                                  0x20000080   Data           4  timer.o(.data)
    TIM8_T2                                  0x20000084   Data           4  timer.o(.data)
    TIM8_T3                                  0x20000088   Data           4  timer.o(.data)
    TIM8_T4                                  0x2000008c   Data           4  timer.o(.data)
    Remoter_Ch1                              0x20000090   Data           4  timer.o(.data)
    Remoter_Ch2                              0x20000094   Data           4  timer.o(.data)
    Remoter_Ch3                              0x20000098   Data           4  timer.o(.data)
    Remoter_Ch4                              0x2000009c   Data           4  timer.o(.data)
    L_Remoter_Ch1                            0x200000a0   Data           4  timer.o(.data)
    L_Remoter_Ch2                            0x200000a4   Data           4  timer.o(.data)
    L_Remoter_Ch3                            0x200000a8   Data           4  timer.o(.data)
    L_Remoter_Ch4                            0x200000ac   Data           4  timer.o(.data)
    uart3_rx_data                            0x200000b0   Data           7  usartx.o(.data)
    Uart_alive_Flag                          0x200000c0   Data           4  usartx.o(.data)
    Pre_Uart_alive_Flag                      0x200000c4   Data           4  usartx.o(.data)
    Uart_alive_status                        0x200000c8   Data           1  usartx.o(.data)
    Tmp_Vx                                   0x200000cc   Data           4  usartx.o(.data)
    Tmp_Vz                                   0x200000d0   Data           4  usartx.o(.data)
    last_tim_count                           0x200000d4   Data           4  usartx.o(.data)
    dt                                       0x200000d8   Data           4  usartx.o(.data)
    cnt_now                                  0x200000f8   Data           4  delay.o(.data)
    __stdout                                 0x200000fc   Data           4  usart.o(.data)
    USART_RX_STA                             0x20000100   Data           2  usart.o(.data)
    pxCurrentTCB                             0x20000114   Data           4  tasks.o(.data)
    Flag_Stop                                0x20000188   Data           1  system.o(.data)
    Divisor_Mode                             0x2000018c   Data           4  system.o(.data)
    Car_Mode                                 0x20000190   Data           1  system.o(.data)
    Servo                                    0x20000194   Data           4  system.o(.data)
    RC_Velocity                              0x20000198   Data           4  system.o(.data)
    Move_X                                   0x2000019c   Data           4  system.o(.data)
    Move_Y                                   0x200001a0   Data           4  system.o(.data)
    Move_Z                                   0x200001a4   Data           4  system.o(.data)
    Velocity_KP                              0x200001a8   Data           4  system.o(.data)
    Velocity_KI                              0x200001ac   Data           4  system.o(.data)
    Velocity_KD                              0x200001b0   Data           4  system.o(.data)
    I_Out_Max                                0x200001b4   Data           4  system.o(.data)
    OutPut_Max                               0x200001b8   Data           4  system.o(.data)
    Encoder_precision                        0x200001bc   Data           4  system.o(.data)
    Wheel_perimeter                          0x200001c0   Data           4  system.o(.data)
    Wheel_spacing                            0x200001c4   Data           4  system.o(.data)
    Axle_spacing                             0x200001c8   Data           4  system.o(.data)
    Omni_turn_radiaus                        0x200001cc   Data           4  system.o(.data)
    PS2_ON_Flag                              0x200001d0   Data           1  system.o(.data)
    APP_ON_Flag                              0x200001d1   Data           1  system.o(.data)
    Remote_ON_Flag                           0x200001d2   Data           1  system.o(.data)
    CAN_ON_Flag                              0x200001d3   Data           1  system.o(.data)
    Usart1_ON_Flag                           0x200001d4   Data           1  system.o(.data)
    Usart5_ON_Flag                           0x200001d5   Data           1  system.o(.data)
    Flag_Left                                0x200001d6   Data           1  system.o(.data)
    Flag_Right                               0x200001d7   Data           1  system.o(.data)
    Flag_Direction                           0x200001d8   Data           1  system.o(.data)
    Turn_Flag                                0x200001d9   Data           1  system.o(.data)
    PID_Send                                 0x200001da   Data           1  system.o(.data)
    PS2_LX                                   0x200001dc   Data           4  system.o(.data)
    PS2_LY                                   0x200001e0   Data           4  system.o(.data)
    PS2_RX                                   0x200001e4   Data           4  system.o(.data)
    PS2_RY                                   0x200001e8   Data           4  system.o(.data)
    PS2_KEY                                  0x200001ec   Data           4  system.o(.data)
    Check                                    0x200001f0   Data           4  system.o(.data)
    Checking                                 0x200001f4   Data           4  system.o(.data)
    Checked                                  0x200001f8   Data           4  system.o(.data)
    CheckCount                               0x200001fc   Data           4  system.o(.data)
    CheckPhrase1                             0x20000200   Data           4  system.o(.data)
    CheckPhrase2                             0x20000204   Data           4  system.o(.data)
    ErrorCode                                0x20000208   Data           4  system.o(.data)
    Time_count                               0x2000020c   Data           4  balance.o(.data)
    robot_mode_check_flag                    0x20000210   Data           4  balance.o(.data)
    test_num                                 0x20000214   Data           2  balance.o(.data)
    command_lost_count                       0x20000216   Data           1  balance.o(.data)
    Chassis_Vx                               0x20000218   Data           4  balance.o(.data)
    Chassis_Vz                               0x2000021c   Data           4  balance.o(.data)
    Chassis_Odom_X                           0x20000220   Data           4  balance.o(.data)
    Chassis_Odom_Y                           0x20000224   Data           4  balance.o(.data)
    Chassis_Odom_Z                           0x20000228   Data           4  balance.o(.data)
    Chassis_Odom_Length                      0x2000022c   Data           4  balance.o(.data)
    Cailbrate_Yaw_CurrentAngle               0x20000230   Data           4  balance.o(.data)
    p_out                                    0x20000234   Data           4  balance.o(.data)
    i_out                                    0x20000238   Data           4  balance.o(.data)
    d_out                                    0x2000023c   Data           4  balance.o(.data)
    output                                   0x20000240   Data           4  balance.o(.data)
    error                                    0x20000244   Data           4  balance.o(.data)
    pre_error                                0x20000248   Data           4  balance.o(.data)
    Voltage_Show                             0x20000280   Data           4  show.o(.data)
    i                                        0x20000284   Data           1  show.o(.data)
    Send_Count                               0x20000285   Data           1  show.o(.data)
    Buzzer_count                             0x20000288   Data           4  show.o(.data)
    gyro                                     0x2000029c   Data           6  mpu6050.o(.data)
    accel                                    0x200002a2   Data           6  mpu6050.o(.data)
    sensors                                  0x200002a8   Data           2  mpu6050.o(.data)
    Roll                                     0x200002ac   Data           4  mpu6050.o(.data)
    Pitch                                    0x200002b0   Data           4  mpu6050.o(.data)
    Yaw                                      0x200002b4   Data           4  mpu6050.o(.data)
    Deviation_Count                          0x200002b8   Data           4  mpu6050.o(.data)
    Deviation_gyro                           0x200002bc   Data           6  mpu6050.o(.data)
    Original_gyro                            0x200002c2   Data           6  mpu6050.o(.data)
    Deviation_accel                          0x200002c8   Data           6  mpu6050.o(.data)
    Original_accel                           0x200002ce   Data           6  mpu6050.o(.data)
    q0                                       0x200002d4   Data           4  mpu6050.o(.data)
    q1                                       0x200002d8   Data           4  mpu6050.o(.data)
    q2                                       0x200002dc   Data           4  mpu6050.o(.data)
    q3                                       0x200002e0   Data           4  mpu6050.o(.data)
    INS_Systick_Dt                           0x200002e4   Data           4  mpu6050.o(.data)
    last_systick_cnt                         0x200002e8   Data           4  mpu6050.o(.data)
    exInt                                    0x200002ec   Data           4  mpu6050.o(.data)
    eyInt                                    0x200002f0   Data           4  mpu6050.o(.data)
    ezInt                                    0x200002f4   Data           4  mpu6050.o(.data)
    yaw                                      0x200002f8   Data           4  mpu6050.o(.data)
    pitch                                    0x200002fc   Data           4  mpu6050.o(.data)
    roll                                     0x20000300   Data           4  mpu6050.o(.data)
    calibrate_flag                           0x2000030d   Data           1  mpu6050.o(.data)
    Gx_offset                                0x2000030e   Data           2  mpu6050.o(.data)
    Gy_offset                                0x20000310   Data           2  mpu6050.o(.data)
    Gz_offset                                0x20000312   Data           2  mpu6050.o(.data)
    OLED_GRAM                                0x2000034c   Data        1024  oled.o(.bss)
    Data                                     0x2000074c   Data           9  pstwo.o(.bss)
    Send_Data                                0x20000758   Data          48  usartx.o(.bss)
    Receive_Data                             0x20000788   Data          32  usartx.o(.bss)
    uart3_tx_data                            0x200007a8   Data          26  usartx.o(.bss)
    xQueueRegistry                           0x2000081c   Data          64  queue.o(.bss)
    smooth_control                           0x20005b68   Data          12  system.o(.bss)
    MOTOR_A                                  0x20005b74   Data          20  system.o(.bss)
    MOTOR_B                                  0x20005b88   Data          20  system.o(.bss)
    MOTOR_C                                  0x20005b9c   Data          20  system.o(.bss)
    MOTOR_D                                  0x20005bb0   Data          20  system.o(.bss)
    OriginalEncoder                          0x20005bc4   Data          16  balance.o(.bss)
    Robot_Parament                           0x20005bd4   Data          24  robot_select_init.o(.bss)
    __initial_sp                             0x20006000   Data           0  startup_stm32f40_41xxx.o(STACK)



==============================================================================

Memory Map of the image

  Image Entry point : 0x08000189

  Load Region LR_IROM1 (Base: 0x08000000, Size: 0x00010c1c, Max: 0x00100000, ABSOLUTE, COMPRESSED[0x0001095c])

    Execution Region ER_IROM1 (Exec base: 0x08000000, Load base: 0x08000000, Size: 0x000108d0, Max: 0x00100000, ABSOLUTE)

    Exec Addr    Load Addr    Size         Type   Attr      Idx    E Section Name        Object

    0x08000000   0x08000000   0x00000188   Data   RO         1444    RESET               startup_stm32f40_41xxx.o
    0x08000188   0x08000188   0x00000000   Code   RO        11940  * .ARM.Collect$$$$00000000  mc_w.l(entry.o)
    0x08000188   0x08000188   0x00000004   Code   RO        12333    .ARM.Collect$$$$00000001  mc_w.l(entry2.o)
    0x0800018c   0x0800018c   0x00000004   Code   RO        12336    .ARM.Collect$$$$00000004  mc_w.l(entry5.o)
    0x08000190   0x08000190   0x00000000   Code   RO        12338    .ARM.Collect$$$$00000008  mc_w.l(entry7b.o)
    0x08000190   0x08000190   0x00000000   Code   RO        12340    .ARM.Collect$$$$0000000A  mc_w.l(entry8b.o)
    0x08000190   0x08000190   0x00000008   Code   RO        12341    .ARM.Collect$$$$0000000B  mc_w.l(entry9a.o)
    0x08000198   0x08000198   0x00000000   Code   RO        12343    .ARM.Collect$$$$0000000D  mc_w.l(entry10a.o)
    0x08000198   0x08000198   0x00000000   Code   RO        12345    .ARM.Collect$$$$0000000F  mc_w.l(entry11a.o)
    0x08000198   0x08000198   0x00000004   Code   RO        12334    .ARM.Collect$$$$00002712  mc_w.l(entry2.o)
    0x0800019c   0x0800019c   0x000000b6   Code   RO         4262    .emb_text           port.o
    0x08000252   0x08000252   0x00000002   PAD
    0x08000254   0x08000254   0x00000024   Code   RO         1445    .text               startup_stm32f40_41xxx.o
    0x08000278   0x08000278   0x00000062   Code   RO        11943    .text               mc_w.l(uldiv.o)
    0x080002da   0x080002da   0x00000062   Code   RO        11945    .text               mc_w.l(ldiv.o)
    0x0800033c   0x0800033c   0x0000001e   Code   RO        11947    .text               mc_w.l(llshl.o)
    0x0800035a   0x0800035a   0x00000024   Code   RO        11949    .text               mc_w.l(llsshr.o)
    0x0800037e   0x0800037e   0x00000024   Code   RO        11951    .text               mc_w.l(memcpya.o)
    0x080003a2   0x080003a2   0x00000024   Code   RO        11953    .text               mc_w.l(memseta.o)
    0x080003c6   0x080003c6   0x0000001a   Code   RO        11957    .text               mc_w.l(memcmp.o)
    0x080003e0   0x080003e0   0x0000014e   Code   RO        12252    .text               mf_w.l(dadd.o)
    0x0800052e   0x0800052e   0x000000e4   Code   RO        12254    .text               mf_w.l(dmul.o)
    0x08000612   0x08000612   0x000000de   Code   RO        12256    .text               mf_w.l(ddiv.o)
    0x080006f0   0x080006f0   0x00000022   Code   RO        12260    .text               mf_w.l(dflti.o)
    0x08000712   0x08000712   0x0000001a   Code   RO        12262    .text               mf_w.l(dfltui.o)
    0x0800072c   0x0800072c   0x0000003e   Code   RO        12266    .text               mf_w.l(dfixi.o)
    0x0800076a   0x0800076a   0x00000026   Code   RO        12270    .text               mf_w.l(f2d.o)
    0x08000790   0x08000790   0x00000030   Code   RO        12272    .text               mf_w.l(cdcmple.o)
    0x080007c0   0x080007c0   0x00000030   Code   RO        12274    .text               mf_w.l(cdrcmple.o)
    0x080007f0   0x080007f0   0x00000038   Code   RO        12276    .text               mf_w.l(d2f.o)
    0x08000828   0x08000828   0x0000002c   Code   RO        12347    .text               mc_w.l(uidiv.o)
    0x08000854   0x08000854   0x00000020   Code   RO        12349    .text               mc_w.l(llushr.o)
    0x08000874   0x08000874   0x00000000   Code   RO        12360    .text               mc_w.l(iusefp.o)
    0x08000874   0x08000874   0x0000006e   Code   RO        12361    .text               mf_w.l(fepilogue.o)
    0x080008e2   0x080008e2   0x000000ba   Code   RO        12363    .text               mf_w.l(depilogue.o)
    0x0800099c   0x0800099c   0x0000002e   Code   RO        12365    .text               mf_w.l(dscalb.o)
    0x080009ca   0x080009ca   0x000000a2   Code   RO        12367    .text               mf_w.l(dsqrt.o)
    0x08000a6c   0x08000a6c   0x00000024   Code   RO        12373    .text               mc_w.l(init.o)
    0x08000a90   0x08000a90   0x00000056   Code   RO        12383    .text               mc_w.l(__dczerorl2.o)
    0x08000ae6   0x08000ae6   0x00000016   Code   RO         2198    i.ADC_Cmd           stm32f4xx_adc.o
    0x08000afc   0x08000afc   0x00000030   Code   RO         2199    i.ADC_CommonInit    stm32f4xx_adc.o
    0x08000b2c   0x08000b2c   0x00000008   Code   RO         2210    i.ADC_GetConversionValue  stm32f4xx_adc.o
    0x08000b34   0x08000b34   0x00000012   Code   RO         2211    i.ADC_GetFlagStatus  stm32f4xx_adc.o
    0x08000b46   0x08000b46   0x00000002   PAD
    0x08000b48   0x08000b48   0x00000054   Code   RO         2218    i.ADC_Init          stm32f4xx_adc.o
    0x08000b9c   0x08000b9c   0x000000b8   Code   RO         2223    i.ADC_RegularChannelConfig  stm32f4xx_adc.o
    0x08000c54   0x08000c54   0x0000000a   Code   RO         2225    i.ADC_SoftwareStartConv  stm32f4xx_adc.o
    0x08000c5e   0x08000c5e   0x00000002   PAD
    0x08000c60   0x08000c60   0x00000144   Code   RO         4643    i.APP_Show          show.o
    0x08000da4   0x08000da4   0x00000084   Code   RO          473    i.Adc_Init          adc.o
    0x08000e28   0x08000e28   0x00000084   Code   RO          474    i.Adc_POWER_Init    adc.o
    0x08000eac   0x08000eac   0x00000348   Code   RO         4443    i.Balance_task      balance.o
    0x080011f4   0x080011f4   0x00000004   Code   RO          349    i.BusFault_Handler  stm32f4xx_it.o
    0x080011f8   0x080011f8   0x00000038   Code   RO          752    i.Buzzer_Init       led.o
    0x08001230   0x08001230   0x000001f4   Code   RO          541    i.CAN1_Mode_Init    can.o
    0x08001424   0x08001424   0x00000130   Code   RO          543    i.CAN1_RX0_IRQHandler  can.o
    0x08001554   0x08001554   0x000000d8   Code   RO          545    i.CAN1_Rx_Msg       can.o
    0x0800162c   0x0800162c   0x00000012   Code   RO         2450    i.CAN_ITConfig      stm32f4xx_can.o
    0x0800163e   0x0800163e   0x00000002   PAD
    0x08001640   0x08001640   0x0000003c   Code   RO         1133    i.Check_Sum         usartx.o
    0x0800167c   0x0800167c   0x00000214   Code   RO         4837    i.DMP_Init          mpu6050.o
    0x08001890   0x08001890   0x00000002   Code   RO          350    i.DebugMon_Handler  stm32f4xx_it.o
    0x08001892   0x08001892   0x00000002   PAD
    0x08001894   0x08001894   0x00000808   Code   RO         4444    i.Drive_Motor       balance.o
    0x0800209c   0x0800209c   0x00000030   Code   RO          800    i.Enable_Pin        motor.o
    0x080020cc   0x080020cc   0x000000e8   Code   RO          619    i.Encoder_Init_TIM2  encoder.o
    0x080021b4   0x080021b4   0x000000bc   Code   RO          620    i.Encoder_Init_TIM3  encoder.o
    0x08002270   0x08002270   0x000000bc   Code   RO          621    i.Encoder_Init_TIM4  encoder.o
    0x0800232c   0x0800232c   0x000000bc   Code   RO          622    i.Encoder_Init_TIM5  encoder.o
    0x080023e8   0x080023e8   0x00000090   Code   RO         1501    i.GPIO_Init         stm32f4xx_gpio.o
    0x08002478   0x08002478   0x00000046   Code   RO         1502    i.GPIO_PinAFConfig  stm32f4xx_gpio.o
    0x080024be   0x080024be   0x00000004   Code   RO         1509    i.GPIO_SetBits      stm32f4xx_gpio.o
    0x080024c2   0x080024c2   0x00000002   PAD
    0x080024c4   0x080024c4   0x00000030   Code   RO          475    i.Get_Adc           adc.o
    0x080024f4   0x080024f4   0x00000030   Code   RO          476    i.Get_Adc2          adc.o
    0x08002524   0x08002524   0x00000208   Code   RO         4446    i.Get_Velocity_Form_Encoder  balance.o
    0x0800272c   0x0800272c   0x0000002e   Code   RO          477    i.Get_adc_Average   adc.o
    0x0800275a   0x0800275a   0x00000002   PAD
    0x0800275c   0x0800275c   0x000000a0   Code   RO          478    i.Get_battery_volt  adc.o
    0x080027fc   0x080027fc   0x00000004   Code   RO          351    i.HardFault_Handler  stm32f4xx_it.o
    0x08002800   0x08002800   0x0000004c   Code   RO         5029    i.I2C_GPIOInit      i2c.o
    0x0800284c   0x0800284c   0x00000046   Code   RO         5030    i.I2C_ReadOneByte   i2c.o
    0x08002892   0x08002892   0x00000032   Code   RO         5031    i.I2C_WriteOneByte  i2c.o
    0x080028c4   0x080028c4   0x0000004c   Code   RO         5032    i.IIC_Ack           i2c.o
    0x08002910   0x08002910   0x0000004c   Code   RO         5033    i.IIC_NAck          i2c.o
    0x0800295c   0x0800295c   0x0000006c   Code   RO         5034    i.IIC_Read_Byte     i2c.o
    0x080029c8   0x080029c8   0x00000064   Code   RO         5035    i.IIC_Send_Byte     i2c.o
    0x08002a2c   0x08002a2c   0x00000068   Code   RO         5036    i.IIC_Start         i2c.o
    0x08002a94   0x08002a94   0x00000048   Code   RO         5037    i.IIC_Stop          i2c.o
    0x08002adc   0x08002adc   0x00000064   Code   RO         5038    i.IIC_Wait_Ack      i2c.o
    0x08002b40   0x08002b40   0x00000016   Code   RO         5039    i.IICreadByte       i2c.o
    0x08002b56   0x08002b56   0x0000006a   Code   RO         5042    i.IICwriteBits      i2c.o
    0x08002bc0   0x08002bc0   0x00000014   Code   RO         5043    i.IICwriteByte      i2c.o
    0x08002bd4   0x08002bd4   0x00000046   Code   RO         5044    i.IICwriteBytes     i2c.o
    0x08002c1a   0x08002c1a   0x00000002   PAD
    0x08002c1c   0x08002c1c   0x000000ec   Code   RO         4447    i.Incremental_PID_Controler  balance.o
    0x08002d08   0x08002d08   0x00000030   Code   RO          698    i.KEY_Init          key.o
    0x08002d38   0x08002d38   0x00000038   Code   RO         4452    i.Key               balance.o
    0x08002d70   0x08002d70   0x00000040   Code   RO          753    i.LED_Init          led.o
    0x08002db0   0x08002db0   0x0000003c   Code   RO         4839    i.MPU6050_Set_LPF   mpu6050.o
    0x08002dec   0x08002dec   0x0000003c   Code   RO         4840    i.MPU6050_Set_Rate  mpu6050.o
    0x08002e28   0x08002e28   0x00000088   Code   RO         4842    i.MPU6050_initialize  mpu6050.o
    0x08002eb0   0x08002eb0   0x00000014   Code   RO         4845    i.MPU6050_setFullScaleAccelRange  mpu6050.o
    0x08002ec4   0x08002ec4   0x00000014   Code   RO         4846    i.MPU6050_setFullScaleGyroRange  mpu6050.o
    0x08002ed8   0x08002ed8   0x00000044   Code   RO         4850    i.MPU6050_task      mpu6050.o
    0x08002f1c   0x08002f1c   0x00000028   Code   RO         4454    i.Math_Constrain    balance.o
    0x08002f44   0x08002f44   0x00000004   Code   RO          352    i.MemManage_Handler  stm32f4xx_it.o
    0x08002f48   0x08002f48   0x00000002   Code   RO          353    i.NMI_Handler       stm32f4xx_it.o
    0x08002f4a   0x08002f4a   0x00000002   PAD
    0x08002f4c   0x08002f4c   0x00000078   Code   RO         1452    i.NVIC_Init         misc.o
    0x08002fc4   0x08002fc4   0x00000014   Code   RO         1453    i.NVIC_PriorityGroupConfig  misc.o
    0x08002fd8   0x08002fd8   0x00000030   Code   RO          848    i.OLED_Clear        oled.o
    0x08003008   0x08003008   0x00000068   Code   RO          851    i.OLED_DrawPoint    oled.o
    0x08003070   0x08003070   0x00000134   Code   RO          852    i.OLED_Init         oled.o
    0x080031a4   0x080031a4   0x0000004c   Code   RO          853    i.OLED_Refresh_Gram  oled.o
    0x080031f0   0x080031f0   0x000000a8   Code   RO          856    i.OLED_ShowChar     oled.o
    0x08003298   0x08003298   0x00000094   Code   RO          857    i.OLED_ShowNumber   oled.o
    0x0800332c   0x0800332c   0x00000044   Code   RO          858    i.OLED_ShowString   oled.o
    0x08003370   0x08003370   0x00000058   Code   RO          859    i.OLED_WR_Byte      oled.o
    0x080033c8   0x080033c8   0x0000000c   Code   RO          951    i.PS2_AnologData    pstwo.o
    0x080033d4   0x080033d4   0x00000018   Code   RO          952    i.PS2_ClearData     pstwo.o
    0x080033ec   0x080033ec   0x00000090   Code   RO          953    i.PS2_Cmd           pstwo.o
    0x0800347c   0x0800347c   0x00000054   Code   RO          954    i.PS2_DataKey       pstwo.o
    0x080034d0   0x080034d0   0x0000005c   Code   RO          955    i.PS2_EnterConfing  pstwo.o
    0x0800352c   0x0800352c   0x0000005c   Code   RO          956    i.PS2_ExitConfing   pstwo.o
    0x08003588   0x08003588   0x00000058   Code   RO          957    i.PS2_Init          pstwo.o
    0x080035e0   0x080035e0   0x00000104   Code   RO          958    i.PS2_Read          pstwo.o
    0x080036e4   0x080036e4   0x000000b4   Code   RO          959    i.PS2_ReadData      pstwo.o
    0x08003798   0x08003798   0x0000001c   Code   RO          962    i.PS2_SetInit       pstwo.o
    0x080037b4   0x080037b4   0x00000044   Code   RO          963    i.PS2_ShortPoll     pstwo.o
    0x080037f8   0x080037f8   0x00000058   Code   RO          964    i.PS2_TurnOnAnalogMode  pstwo.o
    0x08003850   0x08003850   0x0000000c   Code   RO         3171    i.PWR_BackupAccessCmd  stm32f4xx_pwr.o
    0x0800385c   0x0800385c   0x00000020   Code   RO         1602    i.RCC_AHB1PeriphClockCmd  stm32f4xx_rcc.o
    0x0800387c   0x0800387c   0x00000020   Code   RO         1611    i.RCC_APB1PeriphClockCmd  stm32f4xx_rcc.o
    0x0800389c   0x0800389c   0x00000020   Code   RO         1614    i.RCC_APB2PeriphClockCmd  stm32f4xx_rcc.o
    0x080038bc   0x080038bc   0x00000020   Code   RO         1616    i.RCC_APB2PeriphResetCmd  stm32f4xx_rcc.o
    0x080038dc   0x080038dc   0x000000e8   Code   RO         1623    i.RCC_GetClocksFreq  stm32f4xx_rcc.o
    0x080039c4   0x080039c4   0x0000002c   Code   RO         1632    i.RCC_LSEConfig     stm32f4xx_rcc.o
    0x080039f0   0x080039f0   0x00000298   Code   RO         4856    i.Read_DMP          mpu6050.o
    0x08003c88   0x08003c88   0x00000064   Code   RO          623    i.Read_Encoder      encoder.o
    0x08003cec   0x08003cec   0x000000bc   Code   RO         4610    i.Robot_Init        robot_select_init.o
    0x08003da8   0x08003da8   0x00000174   Code   RO         4457    i.Robot_Odometry    balance.o
    0x08003f1c   0x08003f1c   0x000001c0   Code   RO         4611    i.Robot_Select      robot_select_init.o
    0x080040dc   0x080040dc   0x000000ec   Code   RO          432    i.SetSysClock       system_stm32f4xx.o
    0x080041c8   0x080041c8   0x0000009c   Code   RO         4458    i.Set_Pwm           balance.o
    0x08004264   0x08004264   0x000001bc   Code   RO         4459    i.Smooth_control    balance.o
    0x08004420   0x08004420   0x00000028   Code   RO         1456    i.SysTick_CLKSourceConfig  misc.o
    0x08004448   0x08004448   0x00000010   Code   RO         1306    i.SysTick_Handler   delay.o
    0x08004458   0x08004458   0x00000068   Code   RO          434    i.SystemInit        system_stm32f4xx.o
    0x080044c0   0x080044c0   0x0000005c   Code   RO         1307    i.Systick_GetDeltaT  delay.o
    0x0800451c   0x0800451c   0x0000003a   Code   RO         2605    i.TI1_Config        stm32f4xx_tim.o
    0x08004556   0x08004556   0x00000050   Code   RO         2606    i.TI2_Config        stm32f4xx_tim.o
    0x080045a6   0x080045a6   0x00000048   Code   RO         2607    i.TI3_Config        stm32f4xx_tim.o
    0x080045ee   0x080045ee   0x00000050   Code   RO         2608    i.TI4_Config        stm32f4xx_tim.o
    0x0800463e   0x0800463e   0x00000002   PAD
    0x08004640   0x08004640   0x000000a0   Code   RO          801    i.TIM10_PWM_Init    motor.o
    0x080046e0   0x080046e0   0x000000a8   Code   RO          802    i.TIM11_PWM_Init    motor.o
    0x08004788   0x08004788   0x000000cc   Code   RO         1078    i.TIM12_SERVO_Init  timer.o
    0x08004854   0x08004854   0x000000f8   Code   RO          803    i.TIM1_PWM_Init     motor.o
    0x0800494c   0x0800494c   0x00000018   Code   RO          624    i.TIM2_IRQHandler   encoder.o
    0x08004964   0x08004964   0x00000018   Code   RO          625    i.TIM3_IRQHandler   encoder.o
    0x0800497c   0x0800497c   0x00000018   Code   RO          626    i.TIM4_IRQHandler   encoder.o
    0x08004994   0x08004994   0x00000018   Code   RO          627    i.TIM5_IRQHandler   encoder.o
    0x080049ac   0x080049ac   0x00000018   Code   RO          628    i.TIM8_BRK_TIM12_IRQHandler  encoder.o
    0x080049c4   0x080049c4   0x000003ac   Code   RO         1079    i.TIM8_CC_IRQHandler  timer.o
    0x08004d70   0x08004d70   0x00000150   Code   RO         1080    i.TIM8_Cap_Init     timer.o
    0x08004ec0   0x08004ec0   0x00000014   Code   RO         1082    i.TIM8_UP_TIM13_IRQHandler  timer.o
    0x08004ed4   0x08004ed4   0x000000b8   Code   RO          804    i.TIM9_PWM_Init     motor.o
    0x08004f8c   0x08004f8c   0x00000018   Code   RO         2609    i.TIM_ARRPreloadConfig  stm32f4xx_tim.o
    0x08004fa4   0x08004fa4   0x00000006   Code   RO         2615    i.TIM_ClearFlag     stm32f4xx_tim.o
    0x08004faa   0x08004faa   0x00000006   Code   RO         2616    i.TIM_ClearITPendingBit  stm32f4xx_tim.o
    0x08004fb0   0x08004fb0   0x00000018   Code   RO         2621    i.TIM_Cmd           stm32f4xx_tim.o
    0x08004fc8   0x08004fc8   0x0000001e   Code   RO         2623    i.TIM_CtrlPWMOutputs  stm32f4xx_tim.o
    0x08004fe6   0x08004fe6   0x00000042   Code   RO         2630    i.TIM_EncoderInterfaceConfig  stm32f4xx_tim.o
    0x08005028   0x08005028   0x00000006   Code   RO         2636    i.TIM_GetCapture1   stm32f4xx_tim.o
    0x0800502e   0x0800502e   0x00000006   Code   RO         2637    i.TIM_GetCapture2   stm32f4xx_tim.o
    0x08005034   0x08005034   0x00000006   Code   RO         2638    i.TIM_GetCapture3   stm32f4xx_tim.o
    0x0800503a   0x0800503a   0x00000006   Code   RO         2639    i.TIM_GetCapture4   stm32f4xx_tim.o
    0x08005040   0x08005040   0x00000022   Code   RO         2642    i.TIM_GetITStatus   stm32f4xx_tim.o
    0x08005062   0x08005062   0x0000006e   Code   RO         2644    i.TIM_ICInit        stm32f4xx_tim.o
    0x080050d0   0x080050d0   0x00000012   Code   RO         2645    i.TIM_ICStructInit  stm32f4xx_tim.o
    0x080050e2   0x080050e2   0x00000012   Code   RO         2646    i.TIM_ITConfig      stm32f4xx_tim.o
    0x080050f4   0x080050f4   0x0000007c   Code   RO         2650    i.TIM_OC1Init       stm32f4xx_tim.o
    0x08005170   0x08005170   0x00000012   Code   RO         2652    i.TIM_OC1PolarityConfig  stm32f4xx_tim.o
    0x08005182   0x08005182   0x00000012   Code   RO         2653    i.TIM_OC1PreloadConfig  stm32f4xx_tim.o
    0x08005194   0x08005194   0x000000a4   Code   RO         2655    i.TIM_OC2Init       stm32f4xx_tim.o
    0x08005238   0x08005238   0x0000001a   Code   RO         2657    i.TIM_OC2PolarityConfig  stm32f4xx_tim.o
    0x08005252   0x08005252   0x0000001a   Code   RO         2658    i.TIM_OC2PreloadConfig  stm32f4xx_tim.o
    0x0800526c   0x0800526c   0x000000a0   Code   RO         2660    i.TIM_OC3Init       stm32f4xx_tim.o
    0x0800530c   0x0800530c   0x0000001a   Code   RO         2662    i.TIM_OC3PolarityConfig  stm32f4xx_tim.o
    0x08005326   0x08005326   0x00000012   Code   RO         2663    i.TIM_OC3PreloadConfig  stm32f4xx_tim.o
    0x08005338   0x08005338   0x00000078   Code   RO         2665    i.TIM_OC4Init       stm32f4xx_tim.o
    0x080053b0   0x080053b0   0x0000001a   Code   RO         2666    i.TIM_OC4PolarityConfig  stm32f4xx_tim.o
    0x080053ca   0x080053ca   0x0000001a   Code   RO         2667    i.TIM_OC4PreloadConfig  stm32f4xx_tim.o
    0x080053e4   0x080053e4   0x00000004   Code   RO         2687    i.TIM_SetCounter    stm32f4xx_tim.o
    0x080053e8   0x080053e8   0x00000012   Code   RO         2688    i.TIM_SetIC1Prescaler  stm32f4xx_tim.o
    0x080053fa   0x080053fa   0x0000001a   Code   RO         2689    i.TIM_SetIC2Prescaler  stm32f4xx_tim.o
    0x08005414   0x08005414   0x00000012   Code   RO         2690    i.TIM_SetIC3Prescaler  stm32f4xx_tim.o
    0x08005426   0x08005426   0x0000001a   Code   RO         2691    i.TIM_SetIC4Prescaler  stm32f4xx_tim.o
    0x08005440   0x08005440   0x00000084   Code   RO         2693    i.TIM_TimeBaseInit  stm32f4xx_tim.o
    0x080054c4   0x080054c4   0x00000012   Code   RO         2694    i.TIM_TimeBaseStructInit  stm32f4xx_tim.o
    0x080054d6   0x080054d6   0x00000002   PAD
    0x080054d8   0x080054d8   0x00000130   Code   RO         1134    i.UART5_IRQHandler  usartx.o
    0x08005608   0x08005608   0x00000154   Code   RO         1135    i.USART1_IRQHandler  usartx.o
    0x0800575c   0x0800575c   0x000002f0   Code   RO         1137    i.USART2_IRQHandler  usartx.o
    0x08005a4c   0x08005a4c   0x00000168   Code   RO         1138    i.USART3_IRQHandler  usartx.o
    0x08005bb4   0x08005bb4   0x0000002c   Code   RO         1139    i.USART3_SEND       usartx.o
    0x08005be0   0x08005be0   0x00000018   Code   RO         2004    i.USART_Cmd         stm32f4xx_usart.o
    0x08005bf8   0x08005bf8   0x00000054   Code   RO         2008    i.USART_GetITStatus  stm32f4xx_usart.o
    0x08005c4c   0x08005c4c   0x0000004a   Code   RO         2010    i.USART_ITConfig    stm32f4xx_usart.o
    0x08005c96   0x08005c96   0x00000002   PAD
    0x08005c98   0x08005c98   0x000000d4   Code   RO         2011    i.USART_Init        stm32f4xx_usart.o
    0x08005d6c   0x08005d6c   0x0000000a   Code   RO         2018    i.USART_ReceiveData  stm32f4xx_usart.o
    0x08005d76   0x08005d76   0x00000002   PAD
    0x08005d78   0x08005d78   0x00000030   Code   RO         1141    i.Uart_aliving_checkout_func  usartx.o
    0x08005da8   0x08005da8   0x00000004   Code   RO          354    i.UsageFault_Handler  stm32f4xx_it.o
    0x08005dac   0x08005dac   0x000000e0   Code   RO         1142    i.Vz_to_Akm_Angle   usartx.o
    0x08005e8c   0x08005e8c   0x00000070   Code   RO         1143    i.XYZ_Target_Speed_transition  usartx.o
    0x08005efc   0x08005efc   0x00000020   Code   RO        12052    i.__0printf$3       mc_w.l(printf3.o)
    0x08005f1c   0x08005f1c   0x00000030   Code   RO        12295    i.__ARM_fpclassify  m_wm.l(fpclassify.o)
    0x08005f4c   0x08005f4c   0x00000004   PAD
    0x08005f50   0x08005f50   0x00000360   Code   RO        11714    i.__hardfp_asin     m_wm.l(asin.o)
    0x080062b0   0x080062b0   0x000002d8   Code   RO        11740    i.__hardfp_atan     m_wm.l(atan.o)
    0x08006588   0x08006588   0x000001f0   Code   RO        11754    i.__hardfp_atan2    m_wm.l(atan2.o)
    0x08006778   0x08006778   0x000000c8   Code   RO        11778    i.__hardfp_cos      m_wm.l(cos.o)
    0x08006840   0x08006840   0x00000014   Code   RO        11818    i.__hardfp_fabs     m_wm.l(fabs.o)
    0x08006854   0x08006854   0x00000004   PAD
    0x08006858   0x08006858   0x00000c50   Code   RO        11852    i.__hardfp_pow      m_wm.l(pow.o)
    0x080074a8   0x080074a8   0x000000c8   Code   RO        11880    i.__hardfp_sin      m_wm.l(sin.o)
    0x08007570   0x08007570   0x0000007a   Code   RO        11892    i.__hardfp_sqrt     m_wm.l(sqrt.o)
    0x080075ea   0x080075ea   0x00000006   PAD
    0x080075f0   0x080075f0   0x00000080   Code   RO        11916    i.__hardfp_tan      m_wm.l(tan.o)
    0x08007670   0x08007670   0x00000438   Code   RO        12316    i.__ieee754_rem_pio2  m_wm.l(rred.o)
    0x08007aa8   0x08007aa8   0x00000170   Code   RO        12278    i.__kernel_cos      m_wm.l(cos_i.o)
    0x08007c18   0x08007c18   0x000000f8   Code   RO        12313    i.__kernel_poly     m_wm.l(poly.o)
    0x08007d10   0x08007d10   0x00000130   Code   RO        12321    i.__kernel_sin      m_wm.l(sin_i.o)
    0x08007e40   0x08007e40   0x00000350   Code   RO        12327    i.__kernel_tan      m_wm.l(tan_i.o)
    0x08008190   0x08008190   0x00000030   Code   RO        12281    i.__mathlib_dbl_divzero  m_wm.l(dunder.o)
    0x080081c0   0x080081c0   0x00000014   Code   RO        12282    i.__mathlib_dbl_infnan  m_wm.l(dunder.o)
    0x080081d4   0x080081d4   0x00000014   Code   RO        12283    i.__mathlib_dbl_infnan2  m_wm.l(dunder.o)
    0x080081e8   0x080081e8   0x00000020   Code   RO        12284    i.__mathlib_dbl_invalid  m_wm.l(dunder.o)
    0x08008208   0x08008208   0x00000020   Code   RO        12285    i.__mathlib_dbl_overflow  m_wm.l(dunder.o)
    0x08008228   0x08008228   0x00000020   Code   RO        12287    i.__mathlib_dbl_underflow  m_wm.l(dunder.o)
    0x08008248   0x08008248   0x0000000e   Code   RO        12377    i.__scatterload_copy  mc_w.l(handlers.o)
    0x08008256   0x08008256   0x00000002   Code   RO        12378    i.__scatterload_null  mc_w.l(handlers.o)
    0x08008258   0x08008258   0x0000000e   Code   RO        12379    i.__scatterload_zeroinit  mc_w.l(handlers.o)
    0x08008266   0x08008266   0x00000002   PAD
    0x08008268   0x08008268   0x0000000c   Code   RO        12355    i.__set_errno       mc_w.l(errno.o)
    0x08008274   0x08008274   0x000001b8   Code   RO        12059    i._printf_core      mc_w.l(printf3.o)
    0x0800842c   0x0800842c   0x000000c0   Code   RO         5155    i.accel_self_test   inv_mpu.o
    0x080084ec   0x080084ec   0x00000010   Code   RO        11742    i.atan              m_wm.l(atan.o)
    0x080084fc   0x080084fc   0x000000d0   Code   RO          702    i.click_N_Double_MPU6050  key.o
    0x080085cc   0x080085cc   0x00000050   Code   RO         1144    i.data_task         usartx.o
    0x0800861c   0x0800861c   0x00000130   Code   RO         1145    i.data_transition   usartx.o
    0x0800874c   0x0800874c   0x00000064   Code   RO         5449    i.decode_gesture    inv_mpu_dmp_motion_driver.o
    0x080087b0   0x080087b0   0x0000004c   Code   RO         1308    i.delay_init        delay.o
    0x080087fc   0x080087fc   0x00000040   Code   RO         1309    i.delay_ms          delay.o
    0x0800883c   0x0800883c   0x00000048   Code   RO         1310    i.delay_us          delay.o
    0x08008884   0x08008884   0x0000003c   Code   RO         5450    i.dmp_enable_6x_lp_quat  inv_mpu_dmp_motion_driver.o
    0x080088c0   0x080088c0   0x0000021c   Code   RO         5451    i.dmp_enable_feature  inv_mpu_dmp_motion_driver.o
    0x08008adc   0x08008adc   0x00000058   Code   RO         5452    i.dmp_enable_gyro_cal  inv_mpu_dmp_motion_driver.o
    0x08008b34   0x08008b34   0x0000003c   Code   RO         5453    i.dmp_enable_lp_quat  inv_mpu_dmp_motion_driver.o
    0x08008b70   0x08008b70   0x00000018   Code   RO         5458    i.dmp_load_motion_driver_firmware  inv_mpu_dmp_motion_driver.o
    0x08008b88   0x08008b88   0x000001cc   Code   RO         5459    i.dmp_read_fifo     inv_mpu_dmp_motion_driver.o
    0x08008d54   0x08008d54   0x00000130   Code   RO         5462    i.dmp_set_accel_bias  inv_mpu_dmp_motion_driver.o
    0x08008e84   0x08008e84   0x00000070   Code   RO         5463    i.dmp_set_fifo_rate  inv_mpu_dmp_motion_driver.o
    0x08008ef4   0x08008ef4   0x00000130   Code   RO         5464    i.dmp_set_gyro_bias  inv_mpu_dmp_motion_driver.o
    0x08009024   0x08009024   0x00000138   Code   RO         5466    i.dmp_set_orientation  inv_mpu_dmp_motion_driver.o
    0x0800915c   0x0800915c   0x00000038   Code   RO         5469    i.dmp_set_shake_reject_thresh  inv_mpu_dmp_motion_driver.o
    0x08009194   0x08009194   0x00000026   Code   RO         5470    i.dmp_set_shake_reject_time  inv_mpu_dmp_motion_driver.o
    0x080091ba   0x080091ba   0x00000026   Code   RO         5471    i.dmp_set_shake_reject_timeout  inv_mpu_dmp_motion_driver.o
    0x080091e0   0x080091e0   0x00000046   Code   RO         5472    i.dmp_set_tap_axes  inv_mpu_dmp_motion_driver.o
    0x08009226   0x08009226   0x00000026   Code   RO         5473    i.dmp_set_tap_count  inv_mpu_dmp_motion_driver.o
    0x0800924c   0x0800924c   0x000001c0   Code   RO         5474    i.dmp_set_tap_thresh  inv_mpu_dmp_motion_driver.o
    0x0800940c   0x0800940c   0x00000026   Code   RO         5475    i.dmp_set_tap_time  inv_mpu_dmp_motion_driver.o
    0x08009432   0x08009432   0x00000026   Code   RO         5476    i.dmp_set_tap_time_multi  inv_mpu_dmp_motion_driver.o
    0x08009458   0x08009458   0x00000018   Code   RO        11820    i.fabs              m_wm.l(fabs.o)
    0x08009470   0x08009470   0x0000001a   Code   RO         4461    i.float_abs         balance.o
    0x0800948a   0x0800948a   0x00000002   PAD
    0x0800948c   0x0800948c   0x0000001c   Code   RO         1396    i.fputc             usart.o
    0x080094a8   0x080094a8   0x0000001c   Code   RO         1312    i.getSysTickCnt     delay.o
    0x080094c4   0x080094c4   0x000000d0   Code   RO         5156    i.get_accel_prod_shift  inv_mpu.o
    0x08009594   0x08009594   0x00000090   Code   RO         4858    i.get_calibration_status  mpu6050.o
    0x08009624   0x08009624   0x00000470   Code   RO         5157    i.get_st_biases     inv_mpu.o
    0x08009a94   0x08009a94   0x0000011c   Code   RO         5158    i.gyro_self_test    inv_mpu.o
    0x08009bb0   0x08009bb0   0x00000076   Code   RO         5045    i.i2cRead           i2c.o
    0x08009c26   0x08009c26   0x00000060   Code   RO         5046    i.i2cWrite          i2c.o
    0x08009c86   0x08009c86   0x00000028   Code   RO         4859    i.inv_orientation_matrix_to_scalar  mpu6050.o
    0x08009cae   0x08009cae   0x0000004e   Code   RO         4860    i.inv_row_2_scale   mpu6050.o
    0x08009cfc   0x08009cfc   0x00000024   Code   RO          755    i.led_task          led.o
    0x08009d20   0x08009d20   0x00000038   Code   RO            4    i.main              main.o
    0x08009d58   0x08009d58   0x00000070   Code   RO         5159    i.mpu_configure_fifo  inv_mpu.o
    0x08009dc8   0x08009dc8   0x0000004c   Code   RO         5160    i.mpu_get_accel_fsr  inv_mpu.o
    0x08009e14   0x08009e14   0x00000054   Code   RO         5162    i.mpu_get_accel_sens  inv_mpu.o
    0x08009e68   0x08009e68   0x00000010   Code   RO         5167    i.mpu_get_fifo_config  inv_mpu.o
    0x08009e78   0x08009e78   0x00000044   Code   RO         5168    i.mpu_get_gyro_fsr  inv_mpu.o
    0x08009ebc   0x08009ebc   0x00000060   Code   RO         5170    i.mpu_get_gyro_sens  inv_mpu.o
    0x08009f1c   0x08009f1c   0x00000050   Code   RO         5172    i.mpu_get_lpf       inv_mpu.o
    0x08009f6c   0x08009f6c   0x00000020   Code   RO         5174    i.mpu_get_sample_rate  inv_mpu.o
    0x08009f8c   0x08009f8c   0x000001f0   Code   RO         5176    i.mpu_init          inv_mpu.o
    0x0800a17c   0x0800a17c   0x000000b8   Code   RO         5177    i.mpu_load_firmware  inv_mpu.o
    0x0800a234   0x0800a234   0x000000e0   Code   RO         5178    i.mpu_lp_accel_mode  inv_mpu.o
    0x0800a314   0x0800a314   0x000000c0   Code   RO         5181    i.mpu_read_fifo_stream  inv_mpu.o
    0x0800a3d4   0x0800a3d4   0x00000080   Code   RO         5182    i.mpu_read_mem      inv_mpu.o
    0x0800a454   0x0800a454   0x000001bc   Code   RO         5185    i.mpu_reset_fifo    inv_mpu.o
    0x0800a610   0x0800a610   0x0000011c   Code   RO         5186    i.mpu_run_self_test  inv_mpu.o
    0x0800a72c   0x0800a72c   0x00000084   Code   RO         5188    i.mpu_set_accel_fsr  inv_mpu.o
    0x0800a7b0   0x0800a7b0   0x0000014c   Code   RO         5189    i.mpu_set_bypass    inv_mpu.o
    0x0800a8fc   0x0800a8fc   0x00000090   Code   RO         5191    i.mpu_set_dmp_state  inv_mpu.o
    0x0800a98c   0x0800a98c   0x00000088   Code   RO         5192    i.mpu_set_gyro_fsr  inv_mpu.o
    0x0800aa14   0x0800aa14   0x0000006c   Code   RO         5193    i.mpu_set_int_latched  inv_mpu.o
    0x0800aa80   0x0800aa80   0x00000084   Code   RO         5195    i.mpu_set_lpf       inv_mpu.o
    0x0800ab04   0x0800ab04   0x0000009c   Code   RO         5196    i.mpu_set_sample_rate  inv_mpu.o
    0x0800aba0   0x0800aba0   0x000000d0   Code   RO         5197    i.mpu_set_sensors   inv_mpu.o
    0x0800ac70   0x0800ac70   0x00000080   Code   RO         5198    i.mpu_write_mem     inv_mpu.o
    0x0800acf0   0x0800acf0   0x00000002   Code   RO         5199    i.myget_ms          inv_mpu.o
    0x0800acf2   0x0800acf2   0x00000016   Code   RO          860    i.oled_pow          oled.o
    0x0800ad08   0x0800ad08   0x00000bfc   Code   RO         4644    i.oled_show         show.o
    0x0800b904   0x0800b904   0x00000098   Code   RO         3748    i.prvAddCurrentTaskToDelayedList  tasks.o
    0x0800b99c   0x0800b99c   0x000000b8   Code   RO         3749    i.prvAddNewTaskToReadyList  tasks.o
    0x0800ba54   0x0800ba54   0x00000064   Code   RO         4120    i.prvCheckForValidListAndQueue  timers.o
    0x0800bab8   0x0800bab8   0x00000064   Code   RO         3750    i.prvCheckTasksWaitingTermination  tasks.o
    0x0800bb1c   0x0800bb1c   0x0000002a   Code   RO         3506    i.prvCopyDataFromQueue  queue.o
    0x0800bb46   0x0800bb46   0x0000007c   Code   RO         3507    i.prvCopyDataToQueue  queue.o
    0x0800bbc2   0x0800bbc2   0x00000012   Code   RO         3751    i.prvDeleteTCB      tasks.o
    0x0800bbd4   0x0800bbd4   0x00000028   Code   RO         4121    i.prvGetNextExpireTime  timers.o
    0x0800bbfc   0x0800bbfc   0x0000007c   Code   RO         4351    i.prvHeapInit       heap_4.o
    0x0800bc78   0x0800bc78   0x00000028   Code   RO         3752    i.prvIdleTask       tasks.o
    0x0800bca0   0x0800bca0   0x0000002e   Code   RO         3509    i.prvInitialiseNewQueue  queue.o
    0x0800bcce   0x0800bcce   0x00000002   PAD
    0x0800bcd0   0x0800bcd0   0x000000d0   Code   RO         3753    i.prvInitialiseNewTask  tasks.o
    0x0800bda0   0x0800bda0   0x00000068   Code   RO         3754    i.prvInitialiseTaskLists  tasks.o
    0x0800be08   0x0800be08   0x00000068   Code   RO         4352    i.prvInsertBlockIntoFreeList  heap_4.o
    0x0800be70   0x0800be70   0x00000058   Code   RO         4123    i.prvInsertTimerInActiveList  timers.o
    0x0800bec8   0x0800bec8   0x0000001a   Code   RO         3510    i.prvIsQueueEmpty   queue.o
    0x0800bee2   0x0800bee2   0x0000001e   Code   RO         3511    i.prvIsQueueFull    queue.o
    0x0800bf00   0x0800bf00   0x000000a0   Code   RO         3512    i.prvNotifyQueueSetContainer  queue.o
    0x0800bfa0   0x0800bfa0   0x00000080   Code   RO         4124    i.prvProcessExpiredTimer  timers.o
    0x0800c020   0x0800c020   0x0000012c   Code   RO         4125    i.prvProcessReceivedCommands  timers.o
    0x0800c14c   0x0800c14c   0x00000074   Code   RO         4126    i.prvProcessTimerOrBlockTask  timers.o
    0x0800c1c0   0x0800c1c0   0x00000034   Code   RO         3756    i.prvResetNextTaskUnblockTime  tasks.o
    0x0800c1f4   0x0800c1f4   0x0000002c   Code   RO         4127    i.prvSampleTimeNow  timers.o
    0x0800c220   0x0800c220   0x000000bc   Code   RO         4128    i.prvSwitchTimerLists  timers.o
    0x0800c2dc   0x0800c2dc   0x00000074   Code   RO         4263    i.prvTaskExitError  port.o
    0x0800c350   0x0800c350   0x0000001a   Code   RO         4129    i.prvTimerTask      timers.o
    0x0800c36a   0x0800c36a   0x00000092   Code   RO         3513    i.prvUnlockQueue    queue.o
    0x0800c3fc   0x0800c3fc   0x00000018   Code   RO          967    i.pstwo_task        pstwo.o
    0x0800c414   0x0800c414   0x00000154   Code   RO         4353    i.pvPortMalloc      heap_4.o
    0x0800c568   0x0800c568   0x00000020   Code   RO         3760    i.pvTaskIncrementMutexHeldCount  tasks.o
    0x0800c588   0x0800c588   0x0000002c   Code   RO         4264    i.pxPortInitialiseStack  port.o
    0x0800c5b4   0x0800c5b4   0x00000096   Code   RO         4861    i.run_self_test     mpu6050.o
    0x0800c64a   0x0800c64a   0x00000002   PAD
    0x0800c64c   0x0800c64c   0x00000090   Code   RO         5200    i.set_int_enable    inv_mpu.o
    0x0800c6dc   0x0800c6dc   0x0000018c   Code   RO         4645    i.show_task         show.o
    0x0800c868   0x0800c868   0x0000006e   Code   RO        11894    i.sqrt              m_wm.l(sqrt.o)
    0x0800c8d6   0x0800c8d6   0x00000002   PAD
    0x0800c8d8   0x0800c8d8   0x00000100   Code   RO            5    i.start_task        main.o
    0x0800c9d8   0x0800c9d8   0x000000c2   Code   RO         4412    i.systemInit        system.o
    0x0800ca9a   0x0800ca9a   0x0000002a   Code   RO         4464    i.target_limit_float  balance.o
    0x0800cac4   0x0800cac4   0x00000016   Code   RO         4465    i.target_limit_int  balance.o
    0x0800cada   0x0800cada   0x00000002   PAD
    0x0800cadc   0x0800cadc   0x000000b0   Code   RO         1146    i.uart1_init        usartx.o
    0x0800cb8c   0x0800cb8c   0x000000b0   Code   RO         1147    i.uart2_init        usartx.o
    0x0800cc3c   0x0800cc3c   0x000000b0   Code   RO         1148    i.uart3_init        usartx.o
    0x0800ccec   0x0800ccec   0x000000e0   Code   RO         1149    i.uart5_init        usartx.o
    0x0800cdcc   0x0800cdcc   0x0000001c   Code   RO         1152    i.usart3_send       usartx.o
    0x0800cde8   0x0800cde8   0x00000028   Code   RO         3457    i.uxListRemove      list.o
    0x0800ce10   0x0800ce10   0x0000001a   Code   RO         3458    i.vListInitialise   list.o
    0x0800ce2a   0x0800ce2a   0x00000006   Code   RO         3459    i.vListInitialiseItem  list.o
    0x0800ce30   0x0800ce30   0x00000034   Code   RO         3460    i.vListInsert       list.o
    0x0800ce64   0x0800ce64   0x00000018   Code   RO         3461    i.vListInsertEnd    list.o
    0x0800ce7c   0x0800ce7c   0x00000088   Code   RO         4266    i.vPortEnterCritical  port.o
    0x0800cf04   0x0800cf04   0x00000070   Code   RO         4267    i.vPortExitCritical  port.o
    0x0800cf74   0x0800cf74   0x000000b8   Code   RO         4354    i.vPortFree         heap_4.o
    0x0800d02c   0x0800d02c   0x00000020   Code   RO         4268    i.vPortSetupTimerInterrupt  port.o
    0x0800d04c   0x0800d04c   0x000000a0   Code   RO         4269    i.vPortValidateInterruptPriority  port.o
    0x0800d0ec   0x0800d0ec   0x0000002c   Code   RO         3519    i.vQueueAddToRegistry  queue.o
    0x0800d118   0x0800d118   0x0000004a   Code   RO         3523    i.vQueueWaitForMessageRestricted  queue.o
    0x0800d162   0x0800d162   0x00000002   PAD
    0x0800d164   0x0800d164   0x00000074   Code   RO         3768    i.vTaskDelay        tasks.o
    0x0800d1d8   0x0800d1d8   0x000000dc   Code   RO         3769    i.vTaskDelayUntil   tasks.o
    0x0800d2b4   0x0800d2b4   0x0000010c   Code   RO         3770    i.vTaskDelete       tasks.o
    0x0800d3c0   0x0800d3c0   0x0000000c   Code   RO         3774    i.vTaskMissedYield  tasks.o
    0x0800d3cc   0x0800d3cc   0x00000054   Code   RO         3776    i.vTaskPlaceOnEventList  tasks.o
    0x0800d420   0x0800d420   0x0000005c   Code   RO         3777    i.vTaskPlaceOnEventListRestricted  tasks.o
    0x0800d47c   0x0800d47c   0x000000b0   Code   RO         3779    i.vTaskPriorityInherit  tasks.o
    0x0800d52c   0x0800d52c   0x0000004c   Code   RO         3783    i.vTaskSetTimeOutState  tasks.o
    0x0800d578   0x0800d578   0x000000ac   Code   RO         3784    i.vTaskStartScheduler  tasks.o
    0x0800d624   0x0800d624   0x00000010   Code   RO         3786    i.vTaskSuspendAll   tasks.o
    0x0800d634   0x0800d634   0x000000a8   Code   RO         3787    i.vTaskSwitchContext  tasks.o
    0x0800d6dc   0x0800d6dc   0x0000015c   Code   RO         4270    i.xPortStartScheduler  port.o
    0x0800d838   0x0800d838   0x00000034   Code   RO         4271    i.xPortSysTickHandler  port.o
    0x0800d86c   0x0800d86c   0x00000074   Code   RO         3528    i.xQueueGenericCreate  queue.o
    0x0800d8e0   0x0800d8e0   0x000001c8   Code   RO         3529    i.xQueueGenericReceive  queue.o
    0x0800daa8   0x0800daa8   0x000000b0   Code   RO         3530    i.xQueueGenericReset  queue.o
    0x0800db58   0x0800db58   0x000001c4   Code   RO         3531    i.xQueueGenericSend  queue.o
    0x0800dd1c   0x0800dd1c   0x00000110   Code   RO         3532    i.xQueueGenericSendFromISR  queue.o
    0x0800de2c   0x0800de2c   0x000000a0   Code   RO         3788    i.xTaskCheckForTimeOut  tasks.o
    0x0800decc   0x0800decc   0x00000060   Code   RO         3789    i.xTaskCreate       tasks.o
    0x0800df2c   0x0800df2c   0x00000020   Code   RO         3793    i.xTaskGetSchedulerState  tasks.o
    0x0800df4c   0x0800df4c   0x0000000c   Code   RO         3794    i.xTaskGetTickCount  tasks.o
    0x0800df58   0x0800df58   0x00000160   Code   RO         3796    i.xTaskIncrementTick  tasks.o
    0x0800e0b8   0x0800e0b8   0x000000d8   Code   RO         3799    i.xTaskPriorityDisinherit  tasks.o
    0x0800e190   0x0800e190   0x000000b4   Code   RO         3800    i.xTaskRemoveFromEventList  tasks.o
    0x0800e244   0x0800e244   0x00000120   Code   RO         3802    i.xTaskResumeAll    tasks.o
    0x0800e364   0x0800e364   0x00000074   Code   RO         4133    i.xTimerCreateTimerTask  timers.o
    0x0800e3d8   0x0800e3d8   0x000000a4   Code   RO         4134    i.xTimerGenericCommand  timers.o
    0x0800e47c   0x0800e47c   0x000014a4   Data   RO          862    .constdata          oled.o
    0x0800f920   0x0800f920   0x00000050   Data   RO         5201    .constdata          inv_mpu.o
    0x0800f970   0x0800f970   0x00000bf6   Data   RO         5478    .constdata          inv_mpu_dmp_motion_driver.o
    0x08010566   0x08010566   0x00000002   PAD
    0x08010568   0x08010568   0x00000050   Data   RO        11717    .constdata          m_wm.l(asin.o)
    0x080105b8   0x080105b8   0x00000098   Data   RO        11743    .constdata          m_wm.l(atan.o)
    0x08010650   0x08010650   0x00000088   Data   RO        11855    .constdata          m_wm.l(pow.o)
    0x080106d8   0x080106d8   0x00000030   Data   RO        12279    .constdata          m_wm.l(cos_i.o)
    0x08010708   0x08010708   0x00000008   Data   RO        12315    .constdata          m_wm.l(qnan.o)
    0x08010710   0x08010710   0x000000c8   Data   RO        12318    .constdata          m_wm.l(rred.o)
    0x080107d8   0x080107d8   0x00000028   Data   RO        12322    .constdata          m_wm.l(sin_i.o)
    0x08010800   0x08010800   0x00000060   Data   RO        12328    .constdata          m_wm.l(tan_i.o)
    0x08010860   0x08010860   0x0000004e   Data   RO         5202    .conststring        inv_mpu.o
    0x080108ae   0x080108ae   0x00000002   PAD
    0x080108b0   0x080108b0   0x00000020   Data   RO        12375    Region$$Table       anon$$obj.o


    Execution Region RW_IRAM1 (Exec base: 0x20000000, Load base: 0x080108d0, Size: 0x00006000, Max: 0x00020000, ABSOLUTE, COMPRESSED[0x0000008c])

    Exec Addr    Load Addr    Size         Type   Attr      Idx    E Section Name        Object

    0x20000000   COMPRESSED   0x00000004   Data   RW            6    .data               main.o
    0x20000004   COMPRESSED   0x00000014   Data   RW          435    .data               system_stm32f4xx.o
    0x20000018   COMPRESSED   0x0000000c   Data   RW          480    .data               adc.o
    0x20000024   COMPRESSED   0x00000014   Data   RW          703    .data               key.o
    0x20000038   COMPRESSED   0x00000008   Data   RW          756    .data               led.o
    0x20000040   COMPRESSED   0x00000028   Data   RW          969    .data               pstwo.o
    0x20000068   COMPRESSED   0x00000048   Data   RW         1083    .data               timer.o
    0x200000b0   COMPRESSED   0x0000003a   Data   RW         1155    .data               usartx.o
    0x200000ea   COMPRESSED   0x00000002   PAD
    0x200000ec   COMPRESSED   0x00000010   Data   RW         1313    .data               delay.o
    0x200000fc   COMPRESSED   0x00000006   Data   RW         1399    .data               usart.o
    0x20000102   COMPRESSED   0x00000010   Data   RW         1655    .data               stm32f4xx_rcc.o
    0x20000112   COMPRESSED   0x00000002   PAD
    0x20000114   COMPRESSED   0x0000003c   Data   RW         3805    .data               tasks.o
    0x20000150   COMPRESSED   0x00000014   Data   RW         4142    .data               timers.o
    0x20000164   COMPRESSED   0x0000000c   Data   RW         4272    .data               port.o
    0x20000170   COMPRESSED   0x00000018   Data   RW         4359    .data               heap_4.o
    0x20000188   COMPRESSED   0x00000084   Data   RW         4414    .data               system.o
    0x2000020c   COMPRESSED   0x00000072   Data   RW         4467    .data               balance.o
    0x2000027e   COMPRESSED   0x00000002   PAD
    0x20000280   COMPRESSED   0x00000019   Data   RW         4646    .data               show.o
    0x20000299   COMPRESSED   0x00000003   PAD
    0x2000029c   COMPRESSED   0x00000080   Data   RW         4863    .data               mpu6050.o
    0x2000031c   COMPRESSED   0x0000002c   Data   RW         5203    .data               inv_mpu.o
    0x20000348   COMPRESSED   0x00000004   Data   RW        12356    .data               mc_w.l(errno.o)
    0x2000034c        -       0x00000400   Zero   RW          861    .bss                oled.o
    0x2000074c        -       0x00000009   Zero   RW          968    .bss                pstwo.o
    0x20000755   COMPRESSED   0x00000003   PAD
    0x20000758        -       0x000000c1   Zero   RW         1154    .bss                usartx.o
    0x20000819   COMPRESSED   0x00000003   PAD
    0x2000081c        -       0x00000040   Zero   RW         3543    .bss                queue.o
    0x2000085c        -       0x000002e4   Zero   RW         3804    .bss                tasks.o
    0x20000b40        -       0x00000028   Zero   RW         4141    .bss                timers.o
    0x20000b68        -       0x00005000   Zero   RW         4358    .bss                heap_4.o
    0x20005b68        -       0x0000005c   Zero   RW         4413    .bss                system.o
    0x20005bc4        -       0x00000010   Zero   RW         4466    .bss                balance.o
    0x20005bd4        -       0x00000018   Zero   RW         4612    .bss                robot_select_init.o
    0x20005bec        -       0x00000010   Zero   RW         5477    .bss                inv_mpu_dmp_motion_driver.o
    0x20005bfc   COMPRESSED   0x00000004   PAD
    0x20005c00        -       0x00000400   Zero   RW         1442    STACK               startup_stm32f40_41xxx.o


==============================================================================

Image component sizes


      Code (inc. data)   RO Data    RW Data    ZI Data      Debug   Object Name

       566         64          0         12          0       4005   adc.o
      4810        396          0        114         16      13398   balance.o
      1020         70          0          0          0       2929   can.o
       348         42          0         16          0       4099   delay.o
      1016         70          0          0          0       5835   encoder.o
         0          0          0          0          0       9336   event_groups.o
       752        176          0         24      20480       3907   heap_4.o
      1264        102          0          0          0      10820   i2c.o
      5958        298        158         44          0      27530   inv_mpu.o
      3128        138       3062          0         16      20806   inv_mpu_dmp_motion_driver.o
       256         30          0         20          0       2906   key.o
       156         22          0          8          0       2148   led.o
       148          0          0          0          0       3150   list.o
       312        132          0          4          0     325701   main.o
       180         24          0          0          0       2033   misc.o
       808         46          0          0          0       3627   motor.o
      1972        416          0        128          0      50844   mpu6050.o
      1030         44       5284          0       1024       7144   oled.o
      1182        396          0         12          0      10745   port.o
      1184        148          0         40          9       7738   pstwo.o
      2164        238          0          0         64      13213   queue.o
       636        140          0          0         24       1885   robot_select_init.o
      3788        454          0         25          0       3380   show.o
        36          8        392          0       1024        828   startup_stm32f40_41xxx.o
       374         24          0          0          0       5458   stm32f4xx_adc.o
        18          0          0          0          0       1439   stm32f4xx_can.o
       218          0          0          0          0       2270   stm32f4xx_gpio.o
        20          0          0          0          0       2657   stm32f4xx_it.o
        12          6          0          0          0        522   stm32f4xx_pwr.o
       404         46          0         16          0       5664   stm32f4xx_rcc.o
      1644         66          0          0          0      23413   stm32f4xx_tim.o
       404          8          0          0          0       4190   stm32f4xx_usart.o
       194          0          0        132         92       3891   system.o
       340         32          0         20          0       1701   system_stm32f4xx.o
      3626        928          0         60        740      30125   tasks.o
      1500        152          0         72          0       4441   timer.o
      1310        312          0         20         40       8711   timers.o
        28          4          0          6          0       2384   usart.o
      3408        464          0         58        193      14666   usartx.o

    ----------------------------------------------------------------------
     46250       5496       8932        840      23732     649539   Object Totals
         0          0         32          0          0          0   (incl. Generated)
        36          0          4          9         10          0   (incl. Padding)

    ----------------------------------------------------------------------

      Code (inc. data)   RO Data    RW Data    ZI Data      Debug   Library Member Name

       864         94         80          0          0        280   asin.o
       744        106        152          0          0        352   atan.o
       496         64          0          0          0        192   atan2.o
       200         20          0          0          0        164   cos.o
       368         46         48          0          0        200   cos_i.o
       184         44          0          0          0        744   dunder.o
        44          0          0          0          0        248   fabs.o
        48          0          0          0          0        124   fpclassify.o
       248          0          0          0          0        152   poly.o
      3152        296        136          0          0        352   pow.o
         0          0          8          0          0          0   qnan.o
      1080        142        200          0          0        188   rred.o
       200         20          0          0          0        164   sin.o
       304         24         40          0          0        208   sin_i.o
       232          0          0          0          0        296   sqrt.o
       128         20          0          0          0        144   tan.o
       848         84         96          0          0        196   tan_i.o
        86          0          0          0          0          0   __dczerorl2.o
         0          0          0          0          0          0   entry.o
         0          0          0          0          0          0   entry10a.o
         0          0          0          0          0          0   entry11a.o
         8          4          0          0          0          0   entry2.o
         4          0          0          0          0          0   entry5.o
         0          0          0          0          0          0   entry7b.o
         0          0          0          0          0          0   entry8b.o
         8          4          0          0          0          0   entry9a.o
        12          6          0          4          0         68   errno.o
        30          0          0          0          0          0   handlers.o
        36          8          0          0          0         68   init.o
         0          0          0          0          0          0   iusefp.o
        98          0          0          0          0         84   ldiv.o
        30          0          0          0          0         68   llshl.o
        36          0          0          0          0         68   llsshr.o
        32          0          0          0          0         68   llushr.o
        26          0          0          0          0         80   memcmp.o
        36          0          0          0          0         68   memcpya.o
        36          0          0          0          0        108   memseta.o
       472         14          0          0          0        184   printf3.o
        44          0          0          0          0         80   uidiv.o
        98          0          0          0          0         92   uldiv.o
        48          0          0          0          0         68   cdcmple.o
        48          0          0          0          0         68   cdrcmple.o
        56          0          0          0          0         88   d2f.o
       334          0          0          0          0        148   dadd.o
       222          0          0          0          0        100   ddiv.o
       186          0          0          0          0        176   depilogue.o
        62          0          0          0          0         80   dfixi.o
        34          0          0          0          0         76   dflti.o
        26          0          0          0          0         76   dfltui.o
       228          0          0          0          0         96   dmul.o
        46          0          0          0          0         80   dscalb.o
       162          0          0          0          0        100   dsqrt.o
        38          0          0          0          0         68   f2d.o
       110          0          0          0          0        168   fepilogue.o

    ----------------------------------------------------------------------
     11850        996        760          4          0       6432   Library Totals
        18          0          0          0          0          0   (incl. Padding)

    ----------------------------------------------------------------------

      Code (inc. data)   RO Data    RW Data    ZI Data      Debug   Library Name

      9140        960        760          0          0       4004   m_wm.l
      1092         36          0          4          0       1036   mc_w.l
      1600          0          0          0          0       1392   mf_w.l

    ----------------------------------------------------------------------
     11850        996        760          4          0       6432   Library Totals

    ----------------------------------------------------------------------

==============================================================================


      Code (inc. data)   RO Data    RW Data    ZI Data      Debug   

     58100       6492       9692        844      23732     622207   Grand Totals
     58100       6492       9692        140      23732     622207   ELF Image Totals (compressed)
     58100       6492       9692        140          0          0   ROM Totals

==============================================================================

    Total RO  Size (Code + RO Data)                67792 (  66.20kB)
    Total RW  Size (RW Data + ZI Data)             24576 (  24.00kB)
    Total ROM Size (Code + RO Data + RW Data)      67932 (  66.34kB)

==============================================================================

