Component: ARM Compiler 5.06 update 6 (build 750) Tool: armlink [4d35ed]

==============================================================================

Section Cross References

    main.o(i.main) refers to system.o(i.systemInit) for systemInit
    main.o(i.main) refers to tasks.o(i.xTaskCreate) for xTaskCreate
    main.o(i.main) refers to tasks.o(i.vTaskStartScheduler) for vTaskStartScheduler
    main.o(i.main) refers to main.o(.data) for StartTask_Handler
    main.o(i.main) refers to main.o(i.start_task) for start_task
    main.o(i.start_task) refers to port.o(i.vPortEnterCritical) for vPortEnterCritical
    main.o(i.start_task) refers to tasks.o(i.xTaskCreate) for xTaskCreate
    main.o(i.start_task) refers to tasks.o(i.vTaskDelete) for vTaskDelete
    main.o(i.start_task) refers to port.o(i.vPortExitCritical) for vPortExitCritical
    main.o(i.start_task) refers to balance.o(i.Balance_task) for Balance_task
    main.o(i.start_task) refers to mpu6050.o(i.MPU6050_task) for MPU6050_task
    main.o(i.start_task) refers to show.o(i.show_task) for show_task
    main.o(i.start_task) refers to led.o(i.led_task) for led_task
    main.o(i.start_task) refers to pstwo.o(i.pstwo_task) for pstwo_task
    main.o(i.start_task) refers to usartx.o(i.data_task) for data_task
    main.o(i.start_task) refers to main.o(.data) for StartTask_Handler
    system_stm32f4xx.o(i.SystemCoreClockUpdate) refers to system_stm32f4xx.o(.data) for SystemCoreClock
    system_stm32f4xx.o(i.SystemInit) refers to system_stm32f4xx.o(i.SetSysClock) for SetSysClock
    adc.o(i.Adc_Init) refers to stm32f4xx_rcc.o(i.RCC_AHB1PeriphClockCmd) for RCC_AHB1PeriphClockCmd
    adc.o(i.Adc_Init) refers to stm32f4xx_rcc.o(i.RCC_APB2PeriphClockCmd) for RCC_APB2PeriphClockCmd
    adc.o(i.Adc_Init) refers to stm32f4xx_gpio.o(i.GPIO_Init) for GPIO_Init
    adc.o(i.Adc_Init) refers to stm32f4xx_rcc.o(i.RCC_APB2PeriphResetCmd) for RCC_APB2PeriphResetCmd
    adc.o(i.Adc_Init) refers to stm32f4xx_adc.o(i.ADC_CommonInit) for ADC_CommonInit
    adc.o(i.Adc_Init) refers to stm32f4xx_adc.o(i.ADC_Init) for ADC_Init
    adc.o(i.Adc_Init) refers to stm32f4xx_adc.o(i.ADC_Cmd) for ADC_Cmd
    adc.o(i.Adc_POWER_Init) refers to stm32f4xx_rcc.o(i.RCC_AHB1PeriphClockCmd) for RCC_AHB1PeriphClockCmd
    adc.o(i.Adc_POWER_Init) refers to stm32f4xx_rcc.o(i.RCC_APB2PeriphClockCmd) for RCC_APB2PeriphClockCmd
    adc.o(i.Adc_POWER_Init) refers to stm32f4xx_gpio.o(i.GPIO_Init) for GPIO_Init
    adc.o(i.Adc_POWER_Init) refers to stm32f4xx_rcc.o(i.RCC_APB2PeriphResetCmd) for RCC_APB2PeriphResetCmd
    adc.o(i.Adc_POWER_Init) refers to stm32f4xx_adc.o(i.ADC_CommonInit) for ADC_CommonInit
    adc.o(i.Adc_POWER_Init) refers to stm32f4xx_adc.o(i.ADC_Init) for ADC_Init
    adc.o(i.Adc_POWER_Init) refers to stm32f4xx_adc.o(i.ADC_Cmd) for ADC_Cmd
    adc.o(i.Get_Adc) refers to stm32f4xx_adc.o(i.ADC_RegularChannelConfig) for ADC_RegularChannelConfig
    adc.o(i.Get_Adc) refers to stm32f4xx_adc.o(i.ADC_SoftwareStartConv) for ADC_SoftwareStartConv
    adc.o(i.Get_Adc) refers to stm32f4xx_adc.o(i.ADC_GetFlagStatus) for ADC_GetFlagStatus
    adc.o(i.Get_Adc) refers to stm32f4xx_adc.o(i.ADC_GetConversionValue) for ADC_GetConversionValue
    adc.o(i.Get_Adc2) refers to stm32f4xx_adc.o(i.ADC_RegularChannelConfig) for ADC_RegularChannelConfig
    adc.o(i.Get_Adc2) refers to stm32f4xx_adc.o(i.ADC_SoftwareStartConv) for ADC_SoftwareStartConv
    adc.o(i.Get_Adc2) refers to stm32f4xx_adc.o(i.ADC_GetFlagStatus) for ADC_GetFlagStatus
    adc.o(i.Get_Adc2) refers to stm32f4xx_adc.o(i.ADC_GetConversionValue) for ADC_GetConversionValue
    adc.o(i.Get_adc_Average) refers to adc.o(i.Get_Adc) for Get_Adc
    adc.o(i.Get_adc_Average) refers to delay.o(i.delay_ms) for delay_ms
    adc.o(i.Get_battery_volt) refers to adc.o(i.Get_Adc2) for Get_Adc2
    adc.o(i.Get_battery_volt) refers to dfltui.o(.text) for __aeabi_ui2d
    adc.o(i.Get_battery_volt) refers to dmul.o(.text) for __aeabi_dmul
    adc.o(i.Get_battery_volt) refers to ddiv.o(.text) for __aeabi_ddiv
    adc.o(i.Get_battery_volt) refers to d2f.o(.text) for __aeabi_d2f
    can.o(i.CAN1_Mode_Init) refers to stm32f4xx_rcc.o(i.RCC_AHB1PeriphClockCmd) for RCC_AHB1PeriphClockCmd
    can.o(i.CAN1_Mode_Init) refers to stm32f4xx_rcc.o(i.RCC_APB1PeriphClockCmd) for RCC_APB1PeriphClockCmd
    can.o(i.CAN1_Mode_Init) refers to stm32f4xx_gpio.o(i.GPIO_Init) for GPIO_Init
    can.o(i.CAN1_Mode_Init) refers to stm32f4xx_gpio.o(i.GPIO_PinAFConfig) for GPIO_PinAFConfig
    can.o(i.CAN1_Mode_Init) refers to misc.o(i.NVIC_Init) for NVIC_Init
    can.o(i.CAN1_Mode_Init) refers to stm32f4xx_can.o(i.CAN_ITConfig) for CAN_ITConfig
    can.o(i.CAN1_RX0_IRQHandler) refers to can.o(i.CAN1_Rx_Msg) for CAN1_Rx_Msg
    can.o(i.CAN1_RX0_IRQHandler) refers to usartx.o(i.Vz_to_Akm_Angle) for Vz_to_Akm_Angle
    can.o(i.CAN1_RX0_IRQHandler) refers to system.o(.data) for CAN_ON_Flag
    can.o(i.CAN1_RX0_IRQHandler) refers to balance.o(.data) for command_lost_count
[...]
    EXTI9_5_IRQHandler                       0x0800026f   Thumb Code     0  startup_stm32f40_41xxx.o(.text)
    FLASH_IRQHandler                         0x0800026f   Thumb Code     0  startup_stm32f40_41xxx.o(.text)
    FPU_IRQHandler                           0x0800026f   Thumb Code     0  startup_stm32f40_41xxx.o(.text)
    FSMC_IRQHandler                          0x0800026f   Thumb Code     0  startup_stm32f40_41xxx.o(.text)
    HASH_RNG_IRQHandler                      0x0800026f   Thumb Code     0  startup_stm32f40_41xxx.o(.text)
    I2C1_ER_IRQHandler                       0x0800026f   Thumb Code     0  startup_stm32f40_41xxx.o(.text)
    I2C1_EV_IRQHandler                       0x0800026f   Thumb Code     0  startup_stm32f40_41xxx.o(.text)
    I2C2_ER_IRQHandler                       0x0800026f   Thumb Code     0  startup_stm32f40_41xxx.o(.text)
    I2C2_EV_IRQHandler                       0x0800026f   Thumb Code     0  startup_stm32f40_41xxx.o(.text)
    I2C3_ER_IRQHandler                       0x0800026f   Thumb Code     0  startup_stm32f40_41xxx.o(.text)
    I2C3_EV_IRQHandler                       0x0800026f   Thumb Code     0  startup_stm32f40_41xxx.o(.text)
    OTG_FS_IRQHandler                        0x0800026f   Thumb Code     0  startup_stm32f40_41xxx.o(.text)
    OTG_FS_WKUP_IRQHandler                   0x0800026f   Thumb Code     0  startup_stm32f40_41xxx.o(.text)
    OTG_HS_EP1_IN_IRQHandler                 0x0800026f   Thumb Code     0  startup_stm32f40_41xxx.o(.text)
    OTG_HS_EP1_OUT_IRQHandler                0x0800026f   Thumb Code     0  startup_stm32f40_41xxx.o(.text)
    OTG_HS_IRQHandler                        0x0800026f   Thumb Code     0  startup_stm32f40_41xxx.o(.text)
    OTG_HS_WKUP_IRQHandler                   0x0800026f   Thumb Code     0  startup_stm32f40_41xxx.o(.text)
    PVD_IRQHandler                           0x0800026f   Thumb Code     0  startup_stm32f40_41xxx.o(.text)
    RCC_IRQHandler                           0x0800026f   Thumb Code     0  startup_stm32f40_41xxx.o(.text)
    RTC_Alarm_IRQHandler                     0x0800026f   Thumb Code     0  startup_stm32f40_41xxx.o(.text)
    RTC_WKUP_IRQHandler                      0x0800026f   Thumb Code     0  startup_stm32f40_41xxx.o(.text)
    SDIO_IRQHandler                          0x0800026f   Thumb Code     0  startup_stm32f40_41xxx.o(.text)
    SPI1_IRQHandler                          0x0800026f   Thumb Code     0  startup_stm32f40_41xxx.o(.text)
    SPI2_IRQHandler                          0x0800026f   Thumb Code     0  startup_stm32f40_41xxx.o(.text)
    SPI3_IRQHandler                          0x0800026f   Thumb Code     0  startup_stm32f40_41xxx.o(.text)
    TAMP_STAMP_IRQHandler                    0x0800026f   Thumb Code     0  startup_stm32f40_41xxx.o(.text)
    TIM1_BRK_TIM9_IRQHandler                 0x0800026f   Thumb Code     0  startup_stm32f40_41xxx.o(.text)
    TIM1_CC_IRQHandler                       0x0800026f   Thumb Code     0  startup_stm32f40_41xxx.o(.text)
    TIM1_TRG_COM_TIM11_IRQHandler            0x0800026f   Thumb Code     0  startup_stm32f40_41xxx.o(.text)
    TIM1_UP_TIM10_IRQHandler                 0x0800026f   Thumb Code     0  startup_stm32f40_41xxx.o(.text)
    TIM6_DAC_IRQHandler                      0x0800026f   Thumb Code     0  startup_stm32f40_41xxx.o(.text)
    TIM7_IRQHandler                          0x0800026f   Thumb Code     0  startup_stm32f40_41xxx.o(.text)
    TIM8_TRG_COM_TIM14_IRQHandler            0x0800026f   Thumb Code     0  startup_stm32f40_41xxx.o(.text)
    UART4_IRQHandler                         0x0800026f   Thumb Code     0  startup_stm32f40_41xxx.o(.text)
    USART6_IRQHandler                        0x0800026f   Thumb Code     0  startup_stm32f40_41xxx.o(.text)
    WWDG_IRQHandler                          0x0800026f   Thumb Code     0  startup_stm32f40_41xxx.o(.text)
    __aeabi_llsl                             0x08000279   Thumb Code    30  llshl.o(.text)
    _ll_shift_l                              0x08000279   Thumb Code     0  llshl.o(.text)
    __aeabi_lasr                             0x08000297   Thumb Code    36  llsshr.o(.text)
    _ll_sshift_r                             0x08000297   Thumb Code     0  llsshr.o(.text)
    __aeabi_memcpy                           0x080002bb   Thumb Code    36  memcpya.o(.text)
    __aeabi_memcpy4                          0x080002bb   Thumb Code     0  memcpya.o(.text)
    __aeabi_memcpy8                          0x080002bb   Thumb Code     0  memcpya.o(.text)
    __aeabi_memset                           0x080002df   Thumb Code    14  memseta.o(.text)
    __aeabi_memset4                          0x080002df   Thumb Code     0  memseta.o(.text)
    __aeabi_memset8                          0x080002df   Thumb Code     0  memseta.o(.text)
    __aeabi_memclr                           0x080002ed   Thumb Code     4  memseta.o(.text)
    __aeabi_memclr4                          0x080002ed   Thumb Code     0  memseta.o(.text)
    __aeabi_memclr8                          0x080002ed   Thumb Code     0  memseta.o(.text)
    _memset$wrapper                          0x080002f1   Thumb Code    18  memseta.o(.text)
    __aeabi_dadd                             0x08000303   Thumb Code   322  dadd.o(.text)
    __aeabi_dsub                             0x08000445   Thumb Code     6  dadd.o(.text)
    __aeabi_drsub                            0x0800044b   Thumb Code     6  dadd.o(.text)
    __aeabi_dmul                             0x08000451   Thumb Code   228  dmul.o(.text)
    __aeabi_ddiv                             0x08000535   Thumb Code   222  ddiv.o(.text)
    __aeabi_i2d                              0x08000613   Thumb Code    34  dflti.o(.text)
    __aeabi_ui2d                             0x08000635   Thumb Code    26  dfltui.o(.text)
    __aeabi_d2iz                             0x0800064f   Thumb Code    62  dfixi.o(.text)
    __aeabi_f2d                              0x0800068d   Thumb Code    38  f2d.o(.text)
    __aeabi_cdrcmple                         0x080006b5   Thumb Code    48  cdrcmple.o(.text)
    __aeabi_d2f                              0x080006e5   Thumb Code    56  d2f.o(.text)
    __aeabi_uidiv                            0x0800071d   Thumb Code     0  uidiv.o(.text)
    __aeabi_uidivmod                         0x0800071d   Thumb Code    44  uidiv.o(.text)
    __aeabi_llsr                             0x08000749   Thumb Code    32  llushr.o(.text)
    _ll_ushift_r                             0x08000749   Thumb Code     0  llushr.o(.text)
    __I$use$fp                               0x08000769   Thumb Code     0  iusefp.o(.text)
    _float_round                             0x08000769   Thumb Code    18  fepilogue.o(.text)
    _float_epilogue                          0x0800077b   Thumb Code    92  fepilogue.o(.text)
    _double_round                            0x080007d7   Thumb Code    30  depilogue.o(.text)
    _double_epilogue                         0x080007f5   Thumb Code   156  depilogue.o(.text)
    __ARM_scalbn                             0x08000891   Thumb Code    46  dscalb.o(.text)
    scalbn                                   0x08000891   Thumb Code     0  dscalb.o(.text)
    _dsqrt                                   0x080008bf   Thumb Code   162  dsqrt.o(.text)
    __scatterload                            0x08000961   Thumb Code    28  init.o(.text)
    __scatterload_rt2                        0x08000961   Thumb Code     0  init.o(.text)
    __decompress                             0x08000985   Thumb Code     0  __dczerorl2.o(.text)
    __decompress1                            0x08000985   Thumb Code    86  __dczerorl2.o(.text)
    ADC_Cmd                                  0x080009db   Thumb Code    22  stm32f4xx_adc.o(i.ADC_Cmd)
    ADC_CommonInit                           0x080009f1   Thumb Code    34  stm32f4xx_adc.o(i.ADC_CommonInit)
    ADC_GetConversionValue                   0x08000a21   Thumb Code     8  stm32f4xx_adc.o(i.ADC_GetConversionValue)
    ADC_GetFlagStatus                        0x08000a29   Thumb Code    18  stm32f4xx_adc.o(i.ADC_GetFlagStatus)
    ADC_Init                                 0x08000a3d   Thumb Code    74  stm32f4xx_adc.o(i.ADC_Init)
    ADC_RegularChannelConfig                 0x08000a91   Thumb Code   184  stm32f4xx_adc.o(i.ADC_RegularChannelConfig)
    ADC_SoftwareStartConv                    0x08000b49   Thumb Code    10  stm32f4xx_adc.o(i.ADC_SoftwareStartConv)
    APP_Show                                 0x08000b55   Thumb Code   228  show.o(i.APP_Show)
    Adc_Init                                 0x08000c99   Thumb Code   124  adc.o(i.Adc_Init)
    Adc_POWER_Init                           0x08000d1d   Thumb Code   124  adc.o(i.Adc_POWER_Init)
    Balance_task                             0x08000da1   Thumb Code   690  balance.o(i.Balance_task)
    BusFault_Handler                         0x080010a9   Thumb Code     4  stm32f4xx_it.o(i.BusFault_Handler)
    Buzzer_Init                              0x080010ad   Thumb Code    50  led.o(i.Buzzer_Init)
    CAN1_Mode_Init                           0x080010e5   Thumb Code   488  can.o(i.CAN1_Mode_Init)
    CAN1_RX0_IRQHandler                      0x080012d9   Thumb Code   254  can.o(i.CAN1_RX0_IRQHandler)
    CAN1_Rx_Msg                              0x08001409   Thumb Code   208  can.o(i.CAN1_Rx_Msg)
    CAN_ITConfig                             0x080014e1   Thumb Code    18  stm32f4xx_can.o(i.CAN_ITConfig)
    Check_Sum                                0x080014f5   Thumb Code    52  usartx.o(i.Check_Sum)
    DebugMon_Handler                         0x08001531   Thumb Code     2  stm32f4xx_it.o(i.DebugMon_Handler)
    Drive_Motor                              0x08001535   Thumb Code  1992  balance.o(i.Drive_Motor)
    Enable_Pin                               0x08001d3d   Thumb Code    42  motor.o(i.Enable_Pin)
    Encoder_Init_TIM2                        0x08001d6d   Thumb Code   224  encoder.o(i.Encoder_Init_TIM2)
    Encoder_Init_TIM3                        0x08001e55   Thumb Code   180  encoder.o(i.Encoder_Init_TIM3)
    Encoder_Init_TIM4                        0x08001f11   Thumb Code   180  encoder.o(i.Encoder_Init_TIM4)
    Encoder_Init_TIM5                        0x08001fcd   Thumb Code   178  encoder.o(i.Encoder_Init_TIM5)
    GPIO_Init                                0x08002089   Thumb Code   144  stm32f4xx_gpio.o(i.GPIO_Init)
    GPIO_PinAFConfig                         0x08002119   Thumb Code    70  stm32f4xx_gpio.o(i.GPIO_PinAFConfig)
    GPIO_SetBits                             0x0800215f   Thumb Code     4  stm32f4xx_gpio.o(i.GPIO_SetBits)
    Get_Adc                                  0x08002165   Thumb Code    44  adc.o(i.Get_Adc)
    Get_Adc2                                 0x08002195   Thumb Code    44  adc.o(i.Get_Adc2)
    Get_Velocity_Form_Encoder                0x080021c5   Thumb Code   484  balance.o(i.Get_Velocity_Form_Encoder)
    Get_adc_Average                          0x080023cd   Thumb Code    46  adc.o(i.Get_adc_Average)
    Get_battery_volt                         0x080023fd   Thumb Code   120  adc.o(i.Get_battery_volt)
    HardFault_Handler                        0x0800249d   Thumb Code     4  stm32f4xx_it.o(i.HardFault_Handler)
    I2C_Ack                                  0x080024a1   Thumb Code    64  i2c.o(i.I2C_Ack)
    I2C_GPIOInit                             0x080024ed   Thumb Code    62  i2c.o(i.I2C_GPIOInit)
    I2C_NAck                                 0x08002539   Thumb Code    62  i2c.o(i.I2C_NAck)
    I2C_ReadByte                             0x08002585   Thumb Code   100  i2c.o(i.I2C_ReadByte)
    I2C_ReadOneByte                          0x080025f5   Thumb Code    64  i2c.o(i.I2C_ReadOneByte)
    I2C_Start                                0x08002635   Thumb Code    88  i2c.o(i.I2C_Start)
    I2C_Stop                                 0x08002699   Thumb Code    60  i2c.o(i.I2C_Stop)
    I2C_WaiteForAck                          0x080026e1   Thumb Code    88  i2c.o(i.I2C_WaiteForAck)
    I2C_WriteBits                            0x08002745   Thumb Code    88  i2c.o(i.I2C_WriteBits)
    I2C_WriteByte                            0x0800279d   Thumb Code    88  i2c.o(i.I2C_WriteByte)
    I2C_WriteOneByte                         0x08002801   Thumb Code    50  i2c.o(i.I2C_WriteOneByte)
    Incremental_PID_Controler                0x08002835   Thumb Code   198  balance.o(i.Incremental_PID_Controler)
    KEY_Init                                 0x08002921   Thumb Code    42  key.o(i.KEY_Init)
    Key                                      0x08002951   Thumb Code    40  balance.o(i.Key)
    LED_Init                                 0x08002989   Thumb Code    60  led.o(i.LED_Init)
    MPU6050_Set_LPF                          0x080029c9   Thumb Code    60  mpu6050.o(i.MPU6050_Set_LPF)
    MPU6050_Set_Rate                         0x08002a05   Thumb Code    60  mpu6050.o(i.MPU6050_Set_Rate)
    MPU6050_initialize                       0x08002a41   Thumb Code   136  mpu6050.o(i.MPU6050_initialize)
    MPU6050_setFullScaleAccelRange           0x08002ac9   Thumb Code    20  mpu6050.o(i.MPU6050_setFullScaleAccelRange)
    MPU6050_setFullScaleGyroRange            0x08002add   Thumb Code    20  mpu6050.o(i.MPU6050_setFullScaleGyroRange)
    MPU6050_task                             0x08002af1   Thumb Code    70  mpu6050.o(i.MPU6050_task)
    MPU_Get_Accelscope                       0x08002b4d   Thumb Code   168  mpu6050.o(i.MPU_Get_Accelscope)
    MPU_Get_Gyroscope                        0x08002c05   Thumb Code   198  mpu6050.o(i.MPU_Get_Gyroscope)
    Math_Constrain                           0x08002ce5   Thumb Code    40  balance.o(i.Math_Constrain)
    MemManage_Handler                        0x08002d0d   Thumb Code     4  stm32f4xx_it.o(i.MemManage_Handler)
    NMI_Handler                              0x08002d11   Thumb Code     2  stm32f4xx_it.o(i.NMI_Handler)
    NVIC_Init                                0x08002d15   Thumb Code   106  misc.o(i.NVIC_Init)
    NVIC_PriorityGroupConfig                 0x08002d8d   Thumb Code    10  misc.o(i.NVIC_PriorityGroupConfig)
    OLED_Clear                               0x08002da1   Thumb Code    42  oled.o(i.OLED_Clear)
    OLED_DrawPoint                           0x08002dd1   Thumb Code   100  oled.o(i.OLED_DrawPoint)
    OLED_Init                                0x08002e39   Thumb Code   296  oled.o(i.OLED_Init)
    OLED_Refresh_Gram                        0x08002f6d   Thumb Code    70  oled.o(i.OLED_Refresh_Gram)
    OLED_ShowChar                            0x08002fb9   Thumb Code   158  oled.o(i.OLED_ShowChar)
    OLED_ShowNumber                          0x08003061   Thumb Code   148  oled.o(i.OLED_ShowNumber)
    OLED_ShowString                          0x080030f5   Thumb Code    68  oled.o(i.OLED_ShowString)
    OLED_WR_Byte                             0x08003139   Thumb Code    82  oled.o(i.OLED_WR_Byte)
    PS2_AnologData                           0x08003191   Thumb Code     8  pstwo.o(i.PS2_AnologData)
    PS2_ClearData                            0x0800319d   Thumb Code    20  pstwo.o(i.PS2_ClearData)
    PS2_Cmd                                  0x080031b5   Thumb Code   130  pstwo.o(i.PS2_Cmd)
    PS2_DataKey                              0x08003245   Thumb Code    70  pstwo.o(i.PS2_DataKey)
    PS2_EnterConfing                         0x08003299   Thumb Code    84  pstwo.o(i.PS2_EnterConfing)
    PS2_ExitConfing                          0x080032f5   Thumb Code    84  pstwo.o(i.PS2_ExitConfing)
    PS2_Init                                 0x08003351   Thumb Code    82  pstwo.o(i.PS2_Init)
    PS2_Read                                 0x080033a9   Thumb Code   202  pstwo.o(i.PS2_Read)
    PS2_ReadData                             0x080034ad   Thumb Code   164  pstwo.o(i.PS2_ReadData)
    PS2_SetInit                              0x08003561   Thumb Code    28  pstwo.o(i.PS2_SetInit)
    PS2_ShortPoll                            0x0800357d   Thumb Code    60  pstwo.o(i.PS2_ShortPoll)
    PS2_TurnOnAnalogMode                     0x080035c1   Thumb Code    78  pstwo.o(i.PS2_TurnOnAnalogMode)
    PWR_BackupAccessCmd                      0x08003619   Thumb Code     6  stm32f4xx_pwr.o(i.PWR_BackupAccessCmd)
    RCC_AHB1PeriphClockCmd                   0x08003625   Thumb Code    26  stm32f4xx_rcc.o(i.RCC_AHB1PeriphClockCmd)
    RCC_APB1PeriphClockCmd                   0x08003645   Thumb Code    26  stm32f4xx_rcc.o(i.RCC_APB1PeriphClockCmd)
    RCC_APB2PeriphClockCmd                   0x08003665   Thumb Code    26  stm32f4xx_rcc.o(i.RCC_APB2PeriphClockCmd)
    RCC_APB2PeriphResetCmd                   0x08003685   Thumb Code    26  stm32f4xx_rcc.o(i.RCC_APB2PeriphResetCmd)
    RCC_GetClocksFreq                        0x080036a5   Thumb Code   214  stm32f4xx_rcc.o(i.RCC_GetClocksFreq)
    RCC_LSEConfig                            0x0800378d   Thumb Code    40  stm32f4xx_rcc.o(i.RCC_LSEConfig)
    Read_Encoder                             0x080037b9   Thumb Code    88  encoder.o(i.Read_Encoder)
    Robot_Init                               0x0800381d   Thumb Code   160  robot_select_init.o(i.Robot_Init)
    Robot_Odometry                           0x080038d9   Thumb Code   348  balance.o(i.Robot_Odometry)
    Robot_Select                             0x08003a4d   Thumb Code   348  robot_select_init.o(i.Robot_Select)
    Set_Pwm                                  0x08003cf9   Thumb Code   134  balance.o(i.Set_Pwm)
    Smooth_control                           0x08003d95   Thumb Code   432  balance.o(i.Smooth_control)
    SysTick_CLKSourceConfig                  0x08003f51   Thumb Code    40  misc.o(i.SysTick_CLKSourceConfig)
    SysTick_Handler                          0x08003f79   Thumb Code    16  delay.o(i.SysTick_Handler)
    SystemInit                               0x08003f89   Thumb Code    88  system_stm32f4xx.o(i.SystemInit)
    TIM10_PWM_Init                           0x08004115   Thumb Code   150  motor.o(i.TIM10_PWM_Init)
    TIM11_PWM_Init                           0x080041b5   Thumb Code   158  motor.o(i.TIM11_PWM_Init)
    TIM12_SERVO_Init                         0x0800425d   Thumb Code   196  timer.o(i.TIM12_SERVO_Init)
    TIM1_PWM_Init                            0x08004329   Thumb Code   238  motor.o(i.TIM1_PWM_Init)
    TIM2_IRQHandler                          0x08004421   Thumb Code    24  encoder.o(i.TIM2_IRQHandler)
    TIM3_IRQHandler                          0x08004439   Thumb Code    18  encoder.o(i.TIM3_IRQHandler)
    TIM4_IRQHandler                          0x08004451   Thumb Code    18  encoder.o(i.TIM4_IRQHandler)
    TIM5_IRQHandler                          0x08004469   Thumb Code    18  encoder.o(i.TIM5_IRQHandler)
    TIM8_BRK_TIM12_IRQHandler                0x08004481   Thumb Code    18  encoder.o(i.TIM8_BRK_TIM12_IRQHandler)
    TIM8_CC_IRQHandler                       0x08004499   Thumb Code   808  timer.o(i.TIM8_CC_IRQHandler)
    TIM8_Cap_Init                            0x08004841   Thumb Code   328  timer.o(i.TIM8_Cap_Init)
    TIM8_UP_TIM13_IRQHandler                 0x08004991   Thumb Code    14  timer.o(i.TIM8_UP_TIM13_IRQHandler)
    TIM9_PWM_Init                            0x080049a5   Thumb Code   174  motor.o(i.TIM9_PWM_Init)
    TIM_ARRPreloadConfig                     0x08004a5d   Thumb Code    24  stm32f4xx_tim.o(i.TIM_ARRPreloadConfig)
    TIM_ClearFlag                            0x08004a75   Thumb Code     6  stm32f4xx_tim.o(i.TIM_ClearFlag)
    TIM_ClearITPendingBit                    0x08004a7b   Thumb Code     6  stm32f4xx_tim.o(i.TIM_ClearITPendingBit)
    TIM_Cmd                                  0x08004a81   Thumb Code    24  stm32f4xx_tim.o(i.TIM_Cmd)
    TIM_CtrlPWMOutputs                       0x08004a99   Thumb Code    30  stm32f4xx_tim.o(i.TIM_CtrlPWMOutputs)
    TIM_EncoderInterfaceConfig               0x08004ab7   Thumb Code    66  stm32f4xx_tim.o(i.TIM_EncoderInterfaceConfig)
    TIM_GetCapture1                          0x08004af9   Thumb Code     6  stm32f4xx_tim.o(i.TIM_GetCapture1)
    TIM_GetCapture2                          0x08004aff   Thumb Code     6  stm32f4xx_tim.o(i.TIM_GetCapture2)
    TIM_GetCapture3                          0x08004b05   Thumb Code     6  stm32f4xx_tim.o(i.TIM_GetCapture3)
    TIM_GetCapture4                          0x08004b0b   Thumb Code     6  stm32f4xx_tim.o(i.TIM_GetCapture4)
    TIM_GetITStatus                          0x08004b11   Thumb Code    34  stm32f4xx_tim.o(i.TIM_GetITStatus)
    TIM_ICInit                               0x08004b33   Thumb Code   110  stm32f4xx_tim.o(i.TIM_ICInit)
    TIM_ICStructInit                         0x08004ba1   Thumb Code    18  stm32f4xx_tim.o(i.TIM_ICStructInit)
    TIM_ITConfig                             0x08004bb3   Thumb Code    18  stm32f4xx_tim.o(i.TIM_ITConfig)
    TIM_OC1Init                              0x08004bc5   Thumb Code   114  stm32f4xx_tim.o(i.TIM_OC1Init)
    TIM_OC1PolarityConfig                    0x08004c41   Thumb Code    18  stm32f4xx_tim.o(i.TIM_OC1PolarityConfig)
    TIM_OC1PreloadConfig                     0x08004c53   Thumb Code    18  stm32f4xx_tim.o(i.TIM_OC1PreloadConfig)
    TIM_OC2Init                              0x08004c65   Thumb Code   154  stm32f4xx_tim.o(i.TIM_OC2Init)
    TIM_OC2PolarityConfig                    0x08004d09   Thumb Code    26  stm32f4xx_tim.o(i.TIM_OC2PolarityConfig)
    TIM_OC2PreloadConfig                     0x08004d23   Thumb Code    26  stm32f4xx_tim.o(i.TIM_OC2PreloadConfig)
    TIM_OC3Init                              0x08004d3d   Thumb Code   150  stm32f4xx_tim.o(i.TIM_OC3Init)
    TIM_OC3PolarityConfig                    0x08004ddd   Thumb Code    26  stm32f4xx_tim.o(i.TIM_OC3PolarityConfig)
    TIM_OC3PreloadConfig                     0x08004df7   Thumb Code    18  stm32f4xx_tim.o(i.TIM_OC3PreloadConfig)
    TIM_OC4Init                              0x08004e09   Thumb Code   112  stm32f4xx_tim.o(i.TIM_OC4Init)
    TIM_OC4PolarityConfig                    0x08004e81   Thumb Code    26  stm32f4xx_tim.o(i.TIM_OC4PolarityConfig)
    TIM_OC4PreloadConfig                     0x08004e9b   Thumb Code    26  stm32f4xx_tim.o(i.TIM_OC4PreloadConfig)
    TIM_SetCounter                           0x08004eb5   Thumb Code     4  stm32f4xx_tim.o(i.TIM_SetCounter)
    TIM_SetIC1Prescaler                      0x08004eb9   Thumb Code    18  stm32f4xx_tim.o(i.TIM_SetIC1Prescaler)
    TIM_SetIC2Prescaler                      0x08004ecb   Thumb Code    26  stm32f4xx_tim.o(i.TIM_SetIC2Prescaler)
    TIM_SetIC3Prescaler                      0x08004ee5   Thumb Code    18  stm32f4xx_tim.o(i.TIM_SetIC3Prescaler)
    TIM_SetIC4Prescaler                      0x08004ef7   Thumb Code    26  stm32f4xx_tim.o(i.TIM_SetIC4Prescaler)
    TIM_TimeBaseInit                         0x08004f11   Thumb Code   104  stm32f4xx_tim.o(i.TIM_TimeBaseInit)
    TIM_TimeBaseStructInit                   0x08004f95   Thumb Code    18  stm32f4xx_tim.o(i.TIM_TimeBaseStructInit)
    UART5_IRQHandler                         0x08004fa9   Thumb Code   244  usartx.o(i.UART5_IRQHandler)
    USART1_IRQHandler                        0x080050d5   Thumb Code   280  usartx.o(i.USART1_IRQHandler)
    USART1_SEND                              0x08005225   Thumb Code    26  usartx.o(i.USART1_SEND)
    USART2_IRQHandler                        0x08005245   Thumb Code   644  usartx.o(i.USART2_IRQHandler)
    USART3_IRQHandler                        0x08005531   Thumb Code   272  usartx.o(i.USART3_IRQHandler)
    USART3_SEND                              0x08005689   Thumb Code    36  usartx.o(i.USART3_SEND)
    USART5_SEND                              0x080056b5   Thumb Code    26  usartx.o(i.USART5_SEND)
    USART_Cmd                                0x080056d5   Thumb Code    24  stm32f4xx_usart.o(i.USART_Cmd)
    USART_GetITStatus                        0x080056ed   Thumb Code    84  stm32f4xx_usart.o(i.USART_GetITStatus)
    USART_ITConfig                           0x08005741   Thumb Code    74  stm32f4xx_usart.o(i.USART_ITConfig)
    USART_Init                               0x0800578d   Thumb Code   204  stm32f4xx_usart.o(i.USART_Init)
    USART_ReceiveData                        0x08005861   Thumb Code    10  stm32f4xx_usart.o(i.USART_ReceiveData)
    UsageFault_Handler                       0x0800586b   Thumb Code     4  stm32f4xx_it.o(i.UsageFault_Handler)
    Vz_to_Akm_Angle                          0x08005871   Thumb Code   206  usartx.o(i.Vz_to_Akm_Angle)
    XYZ_Target_Speed_transition              0x08005951   Thumb Code   102  usartx.o(i.XYZ_Target_Speed_transition)
    __0printf$3                              0x080059c1   Thumb Code    22  printf3.o(i.__0printf$3)
    __1printf$3                              0x080059c1   Thumb Code     0  printf3.o(i.__0printf$3)
    __2printf                                0x080059c1   Thumb Code     0  printf3.o(i.__0printf$3)
    __ARM_fpclassify                         0x080059e1   Thumb Code    48  fpclassify.o(i.__ARM_fpclassify)
    __hardfp_atan                            0x08005a11   Thumb Code   622  atan.o(i.__hardfp_atan)
    __hardfp_cos                             0x08005ce9   Thumb Code   180  cos.o(i.__hardfp_cos)
    __hardfp_pow                             0x08005db1   Thumb Code  3072  pow.o(i.__hardfp_pow)
    __hardfp_sin                             0x08006a01   Thumb Code   180  sin.o(i.__hardfp_sin)
    __hardfp_sqrt                            0x08006ac9   Thumb Code   122  sqrt.o(i.__hardfp_sqrt)
    __hardfp_tan                             0x08006b49   Thumb Code   108  tan.o(i.__hardfp_tan)
    __ieee754_rem_pio2                       0x08006bc9   Thumb Code   938  rred.o(i.__ieee754_rem_pio2)
    __kernel_cos                             0x08007001   Thumb Code   322  cos_i.o(i.__kernel_cos)
    __kernel_poly                            0x08007171   Thumb Code   248  poly.o(i.__kernel_poly)
    __kernel_sin                             0x08007269   Thumb Code   280  sin_i.o(i.__kernel_sin)
    __kernel_tan                             0x08007399   Thumb Code   764  tan_i.o(i.__kernel_tan)
    __mathlib_dbl_divzero                    0x080076e9   Thumb Code    28  dunder.o(i.__mathlib_dbl_divzero)
    __mathlib_dbl_infnan                     0x08007719   Thumb Code    20  dunder.o(i.__mathlib_dbl_infnan)
    __mathlib_dbl_infnan2                    0x0800772d   Thumb Code    20  dunder.o(i.__mathlib_dbl_infnan2)
    __mathlib_dbl_invalid                    0x08007741   Thumb Code    24  dunder.o(i.__mathlib_dbl_invalid)
    __mathlib_dbl_overflow                   0x08007761   Thumb Code    24  dunder.o(i.__mathlib_dbl_overflow)
    __mathlib_dbl_underflow                  0x08007781   Thumb Code    24  dunder.o(i.__mathlib_dbl_underflow)
    __scatterload_copy                       0x080077a1   Thumb Code    14  handlers.o(i.__scatterload_copy)
    __scatterload_null                       0x080077af   Thumb Code     2  handlers.o(i.__scatterload_null)
    __scatterload_zeroinit                   0x080077b1   Thumb Code    14  handlers.o(i.__scatterload_zeroinit)
    __set_errno                              0x080077c1   Thumb Code     6  errno.o(i.__set_errno)
    click_N_Double_MPU6050                   0x08007985   Thumb Code   184  key.o(i.click_N_Double_MPU6050)
    data_task                                0x08007a55   Thumb Code    36  usartx.o(i.data_task)
    data_transition                          0x08007a79   Thumb Code   260  usartx.o(i.data_transition)
    delay_init                               0x08007ba9   Thumb Code    58  delay.o(i.delay_init)
    delay_ms                                 0x08007bed   Thumb Code    60  delay.o(i.delay_ms)
    delay_us                                 0x08007c2d   Thumb Code    68  delay.o(i.delay_us)
    fabs                                     0x08007c75   Thumb Code    24  fabs.o(i.fabs)
    float_abs                                0x08007c8d   Thumb Code    26  balance.o(i.float_abs)
    fputc                                    0x08007ca9   Thumb Code    24  usart.o(i.fputc)
    getSysTickCnt                            0x08007cc5   Thumb Code    22  delay.o(i.getSysTickCnt)
    led_task                                 0x08007ce1   Thumb Code    24  led.o(i.led_task)
    main                                     0x08007d05   Thumb Code    34  main.o(i.main)
    oled_pow                                 0x08007d3d   Thumb Code    22  oled.o(i.oled_pow)
    oled_show                                0x08007d55   Thumb Code  2932  show.o(i.oled_show)
    pstwo_task                               0x08009451   Thumb Code    24  pstwo.o(i.pstwo_task)
    pvPortMalloc                             0x08009469   Thumb Code   262  heap_4.o(i.pvPortMalloc)
    pvTaskIncrementMutexHeldCount            0x080095bd   Thumb Code    26  tasks.o(i.pvTaskIncrementMutexHeldCount)
    pxPortInitialiseStack                    0x080095dd   Thumb Code    38  port.o(i.pxPortInitialiseStack)
    show_task                                0x08009609   Thumb Code   360  show.o(i.show_task)
    sqrt                                     0x08009795   Thumb Code   110  sqrt.o(i.sqrt)
    start_task                               0x08009805   Thumb Code   146  main.o(i.start_task)
    systemInit                               0x08009905   Thumb Code   190  system.o(i.systemInit)
    target_limit_float                       0x080099c3   Thumb Code    42  balance.o(i.target_limit_float)
    target_limit_int                         0x080099ed   Thumb Code    22  balance.o(i.target_limit_int)
    uart1_init                               0x08009a05   Thumb Code   168  usartx.o(i.uart1_init)
    uart2_init                               0x08009ab5   Thumb Code   166  usartx.o(i.uart2_init)
    uart3_init                               0x08009b65   Thumb Code   168  usartx.o(i.uart3_init)
    uart5_init                               0x08009c15   Thumb Code   212  usartx.o(i.uart5_init)
    usart1_send                              0x08009cf5   Thumb Code    20  usartx.o(i.usart1_send)
    usart3_send                              0x08009d0d   Thumb Code    22  usartx.o(i.usart3_send)
    usart5_send                              0x08009d29   Thumb Code    20  usartx.o(i.usart5_send)
    uxListRemove                             0x08009d41   Thumb Code    40  list.o(i.uxListRemove)
    vListInitialise                          0x08009d69   Thumb Code    26  list.o(i.vListInitialise)
    vListInitialiseItem                      0x08009d83   Thumb Code     6  list.o(i.vListInitialiseItem)
    vListInsert                              0x08009d89   Thumb Code    52  list.o(i.vListInsert)
    vListInsertEnd                           0x08009dbd   Thumb Code    24  list.o(i.vListInsertEnd)
    vPortEnterCritical                       0x08009dd5   Thumb Code    68  port.o(i.vPortEnterCritical)
    vPortExitCritical                        0x08009e5d   Thumb Code    48  port.o(i.vPortExitCritical)
    vPortFree                                0x08009ecd   Thumb Code   120  heap_4.o(i.vPortFree)
    vPortSetupTimerInterrupt                 0x08009f85   Thumb Code    26  port.o(i.vPortSetupTimerInterrupt)
    vPortValidateInterruptPriority           0x08009fa5   Thumb Code    86  port.o(i.vPortValidateInterruptPriority)
    vQueueAddToRegistry                      0x0800a045   Thumb Code    38  queue.o(i.vQueueAddToRegistry)
    vQueueWaitForMessageRestricted           0x0800a071   Thumb Code    74  queue.o(i.vQueueWaitForMessageRestricted)
    vTaskDelay                               0x0800a0bd   Thumb Code    72  tasks.o(i.vTaskDelay)
    vTaskDelayUntil                          0x0800a131   Thumb Code   170  tasks.o(i.vTaskDelayUntil)
    vTaskDelete                              0x0800a20d   Thumb Code   192  tasks.o(i.vTaskDelete)
    vTaskMissedYield                         0x0800a319   Thumb Code     8  tasks.o(i.vTaskMissedYield)
    vTaskPlaceOnEventList                    0x0800a325   Thumb Code    42  tasks.o(i.vTaskPlaceOnEventList)
    vTaskPlaceOnEventListRestricted          0x0800a379   Thumb Code    50  tasks.o(i.vTaskPlaceOnEventListRestricted)
    vTaskPriorityInherit                     0x0800a3d5   Thumb Code   164  tasks.o(i.vTaskPriorityInherit)
    vTaskSetTimeOutState                     0x0800a485   Thumb Code    32  tasks.o(i.vTaskSetTimeOutState)
    vTaskStartScheduler                      0x0800a4d1   Thumb Code   108  tasks.o(i.vTaskStartScheduler)
    vTaskSuspendAll                          0x0800a57d   Thumb Code    12  tasks.o(i.vTaskSuspendAll)
    vTaskSwitchContext                       0x0800a58d   Thumb Code   110  tasks.o(i.vTaskSwitchContext)
    xPortStartScheduler                      0x0800a635   Thumb Code   258  port.o(i.xPortStartScheduler)
    xPortSysTickHandler                      0x0800a791   Thumb Code    46  port.o(i.xPortSysTickHandler)
    xQueueGenericCreate                      0x0800a7c5   Thumb Code    78  queue.o(i.xQueueGenericCreate)
    xQueueGenericReceive                     0x0800a839   Thumb Code   416  queue.o(i.xQueueGenericReceive)
    xQueueGenericReset                       0x0800aa01   Thumb Code   136  queue.o(i.xQueueGenericReset)
    xQueueGenericSend                        0x0800aab1   Thumb Code   412  queue.o(i.xQueueGenericSend)
    xQueueGenericSendFromISR                 0x0800ac75   Thumb Code   234  queue.o(i.xQueueGenericSendFromISR)
    xTaskCheckForTimeOut                     0x0800ad85   Thumb Code   116  tasks.o(i.xTaskCheckForTimeOut)
    xTaskCreate                              0x0800ae25   Thumb Code    96  tasks.o(i.xTaskCreate)
    xTaskGetSchedulerState                   0x0800ae85   Thumb Code    24  tasks.o(i.xTaskGetSchedulerState)
    xTaskGetTickCount                        0x0800aea5   Thumb Code     6  tasks.o(i.xTaskGetTickCount)
    xTaskIncrementTick                       0x0800aeb1   Thumb Code   272  tasks.o(i.xTaskIncrementTick)
    xTaskPriorityDisinherit                  0x0800b011   Thumb Code   168  tasks.o(i.xTaskPriorityDisinherit)
    xTaskRemoveFromEventList                 0x0800b0e9   Thumb Code   118  tasks.o(i.xTaskRemoveFromEventList)
    xTaskResumeAll                           0x0800b19d   Thumb Code   214  tasks.o(i.xTaskResumeAll)
    xTimerCreateTimerTask                    0x0800b2bd   Thumb Code    56  timers.o(i.xTimerCreateTimerTask)
    xTimerGenericCommand                     0x0800b331   Thumb Code   118  timers.o(i.xTimerGenericCommand)
    oled_asc2_1206                           0x0800b3d4   Data        1140  oled.o(.constdata)
    oled_asc2_1608                           0x0800b848   Data        1520  oled.o(.constdata)
    Hzk16                                    0x0800be38   Data        2624  oled.o(.constdata)
    __mathlib_zero                           0x0800c9c8   Data           8  qnan.o(.constdata)
    Region$$Table$$Base                      0x0800cb20   Number         0  anon$$obj.o(Region$$Table)
    Region$$Table$$Limit                     0x0800cb40   Number         0  anon$$obj.o(Region$$Table)
    StartTask_Handler                        0x20000000   Data           4  main.o(.data)
    SystemCoreClock                          0x20000004   Data           4  system_stm32f4xx.o(.data)
    AHBPrescTable                            0x20000008   Data          16  system_stm32f4xx.o(.data)
    Voltage                                  0x20000018   Data           4  adc.o(.data)
    Voltage_Count                            0x2000001c   Data           4  adc.o(.data)
    Voltage_All                              0x20000020   Data           4  adc.o(.data)
    Led_Count                                0x20000038   Data           4  led.o(.data)
    Handkey                                  0x20000040   Data           2  pstwo.o(.data)
    Comd                                     0x20000042   Data           2  pstwo.o(.data)
    MASK                                     0x20000044   Data          32  pstwo.o(.data)
    TIM8CH1_CAPTURE_STA                      0x20000068   Data           1  timer.o(.data)
    TIM8CH1_CAPTURE_UPVAL                    0x2000006a   Data           2  timer.o(.data)
    TIM8CH1_CAPTURE_DOWNVAL                  0x2000006c   Data           2  timer.o(.data)
    TIM8CH2_CAPTURE_STA                      0x2000006e   Data           1  timer.o(.data)
    TIM8CH2_CAPTURE_UPVAL                    0x20000070   Data           2  timer.o(.data)
    TIM8CH2_CAPTURE_DOWNVAL                  0x20000072   Data           2  timer.o(.data)
    TIM8CH3_CAPTURE_STA                      0x20000074   Data           1  timer.o(.data)
    TIM8CH3_CAPTURE_UPVAL                    0x20000076   Data           2  timer.o(.data)
    TIM8CH3_CAPTURE_DOWNVAL                  0x20000078   Data           2  timer.o(.data)
    TIM8CH4_CAPTURE_STA                      0x2000007a   Data           1  timer.o(.data)
    TIM8CH4_CAPTURE_UPVAL                    0x2000007c   Data           2  timer.o(.data)
    TIM8CH4_CAPTURE_DOWNVAL                  0x2000007e   Data           2  timer.o(.data)
    TIM8_T1                                  0x20000080   Data           4  timer.o(.data)
    TIM8_T2                                  0x20000084   Data           4  timer.o(.data)
    TIM8_T3                                  0x20000088   Data           4  timer.o(.data)
    TIM8_T4                                  0x2000008c   Data           4  timer.o(.data)
    Remoter_Ch1                              0x20000090   Data           4  timer.o(.data)
    Remoter_Ch2                              0x20000094   Data           4  timer.o(.data)
    Remoter_Ch3                              0x20000098   Data           4  timer.o(.data)
    Remoter_Ch4                              0x2000009c   Data           4  timer.o(.data)
    L_Remoter_Ch1                            0x200000a0   Data           4  timer.o(.data)
    L_Remoter_Ch2                            0x200000a4   Data           4  timer.o(.data)
    L_Remoter_Ch3                            0x200000a8   Data           4  timer.o(.data)
    L_Remoter_Ch4                            0x200000ac   Data           4  timer.o(.data)
    uart3_rx_data                            0x200000b0   Data           7  usartx.o(.data)
    Tmp_Vx                                   0x200000c0   Data           4  usartx.o(.data)
    Tmp_Vz                                   0x200000c4   Data           4  usartx.o(.data)
    __stdout                                 0x200000e0   Data           4  usart.o(.data)
    USART_RX_STA                             0x200000e4   Data           2  usart.o(.data)
    pxCurrentTCB                             0x200000f8   Data           4  tasks.o(.data)
    Flag_Stop                                0x2000016c   Data           1  system.o(.data)
    Divisor_Mode                             0x20000170   Data           4  system.o(.data)
    Car_Mode                                 0x20000174   Data           1  system.o(.data)
    Servo                                    0x20000178   Data           4  system.o(.data)
    RC_Velocity                              0x2000017c   Data           4  system.o(.data)
    Move_X                                   0x20000180   Data           4  system.o(.data)
    Move_Y                                   0x20000184   Data           4  system.o(.data)
    Move_Z                                   0x20000188   Data           4  system.o(.data)
    Velocity_KP                              0x2000018c   Data           4  system.o(.data)
    Velocity_KI                              0x20000190   Data           4  system.o(.data)
    Velocity_KD                              0x20000194   Data           4  system.o(.data)
    I_Out_Max                                0x20000198   Data           4  system.o(.data)
    OutPut_Max                               0x2000019c   Data           4  system.o(.data)
    Encoder_precision                        0x200001a0   Data           4  system.o(.data)
    Wheel_perimeter                          0x200001a4   Data           4  system.o(.data)
    Wheel_spacing                            0x200001a8   Data           4  system.o(.data)
    Axle_spacing                             0x200001ac   Data           4  system.o(.data)
    Omni_turn_radiaus                        0x200001b0   Data           4  system.o(.data)
    PS2_ON_Flag                              0x200001b4   Data           1  system.o(.data)
    APP_ON_Flag                              0x200001b5   Data           1  system.o(.data)
    Remote_ON_Flag                           0x200001b6   Data           1  system.o(.data)
    CAN_ON_Flag                              0x200001b7   Data           1  system.o(.data)
    Usart1_ON_Flag                           0x200001b8   Data           1  system.o(.data)
    Usart5_ON_Flag                           0x200001b9   Data           1  system.o(.data)
    Flag_Left                                0x200001ba   Data           1  system.o(.data)
    Flag_Right                               0x200001bb   Data           1  system.o(.data)
    Flag_Direction                           0x200001bc   Data           1  system.o(.data)
    Turn_Flag                                0x200001bd   Data           1  system.o(.data)
    PID_Send                                 0x200001be   Data           1  system.o(.data)
    PS2_LX                                   0x200001c0   Data           4  system.o(.data)
    PS2_LY                                   0x200001c4   Data           4  system.o(.data)
    PS2_RX                                   0x200001c8   Data           4  system.o(.data)
    PS2_RY                                   0x200001cc   Data           4  system.o(.data)
    PS2_KEY                                  0x200001d0   Data           4  system.o(.data)
    Check                                    0x200001d4   Data           4  system.o(.data)
    Checking                                 0x200001d8   Data           4  system.o(.data)
    Checked                                  0x200001dc   Data           4  system.o(.data)
    CheckCount                               0x200001e0   Data           4  system.o(.data)
    CheckPhrase1                             0x200001e4   Data           4  system.o(.data)
    CheckPhrase2                             0x200001e8   Data           4  system.o(.data)
    ErrorCode                                0x200001ec   Data           4  system.o(.data)
    Time_count                               0x200001f0   Data           4  balance.o(.data)
    robot_mode_check_flag                    0x200001f4   Data           4  balance.o(.data)
    test_num                                 0x200001f8   Data           2  balance.o(.data)
    command_lost_count                       0x200001fa   Data           1  balance.o(.data)
    Chassis_Vx                               0x200001fc   Data           4  balance.o(.data)
    Chassis_Vz                               0x20000200   Data           4  balance.o(.data)
    Chassis_Odom_X                           0x20000204   Data           4  balance.o(.data)
    Chassis_Odom_Y                           0x20000208   Data           4  balance.o(.data)
    Chassis_Odom_Z                           0x2000020c   Data           4  balance.o(.data)
    Chassis_Odom_Length                      0x20000210   Data           4  balance.o(.data)
    p_out                                    0x20000214   Data           4  balance.o(.data)
    i_out                                    0x20000218   Data           4  balance.o(.data)
    d_out                                    0x2000021c   Data           4  balance.o(.data)
    output                                   0x20000220   Data           4  balance.o(.data)
    error                                    0x20000224   Data           4  balance.o(.data)
    pre_error                                0x20000228   Data           4  balance.o(.data)
    Voltage_Show                             0x20000260   Data           4  show.o(.data)
    i                                        0x20000264   Data           1  show.o(.data)
    Send_Count                               0x20000265   Data           1  show.o(.data)
    Buzzer_count                             0x20000268   Data           4  show.o(.data)
    gyro                                     0x2000027c   Data           6  mpu6050.o(.data)
    accel                                    0x20000282   Data           6  mpu6050.o(.data)
    sensors                                  0x20000288   Data           2  mpu6050.o(.data)
    Deviation_Count                          0x2000028c   Data           4  mpu6050.o(.data)
    Deviation_gyro                           0x20000290   Data           6  mpu6050.o(.data)
    Original_gyro                            0x20000296   Data           6  mpu6050.o(.data)
    Deviation_accel                          0x2000029c   Data           6  mpu6050.o(.data)
    Original_accel                           0x200002a2   Data           6  mpu6050.o(.data)
    q0                                       0x200002a8   Data           4  mpu6050.o(.data)
    q1                                       0x200002ac   Data           4  mpu6050.o(.data)
    q2                                       0x200002b0   Data           4  mpu6050.o(.data)
    q3                                       0x200002b4   Data           4  mpu6050.o(.data)
    Gx_offset                                0x200002b8   Data           2  mpu6050.o(.data)
    Gy_offset                                0x200002ba   Data           2  mpu6050.o(.data)
    Gz_offset                                0x200002bc   Data           2  mpu6050.o(.data)
    OLED_GRAM                                0x200002c4   Data        1024  oled.o(.bss)
    Data                                     0x200006c4   Data           9  pstwo.o(.bss)
    Send_Data                                0x200006d0   Data          48  usartx.o(.bss)
    Receive_Data                             0x20000700   Data          32  usartx.o(.bss)
    uart3_tx_data                            0x20000720   Data          26  usartx.o(.bss)
    xQueueRegistry                           0x20000794   Data          64  queue.o(.bss)
    smooth_control                           0x20005ae0   Data          12  system.o(.bss)
    MOTOR_A                                  0x20005aec   Data          20  system.o(.bss)
    MOTOR_B                                  0x20005b00   Data          20  system.o(.bss)
    MOTOR_C                                  0x20005b14   Data          20  system.o(.bss)
    MOTOR_D                                  0x20005b28   Data          20  system.o(.bss)
    OriginalEncoder                          0x20005b3c   Data          16  balance.o(.bss)
    Robot_Parament                           0x20005b4c   Data          24  robot_select_init.o(.bss)
    __initial_sp                             0x20005f68   Data           0  startup_stm32f40_41xxx.o(STACK)



==============================================================================

Memory Map of the image

  Image Entry point : 0x08000189

  Load Region LR_IROM1 (Base: 0x08000000, Size: 0x0000ce04, Max: 0x00100000, ABSOLUTE, COMPRESSED[0x0000cbbc])

    Execution Region ER_IROM1 (Exec base: 0x08000000, Load base: 0x08000000, Size: 0x0000cb40, Max: 0x00100000, ABSOLUTE)

    Exec Addr    Load Addr    Size         Type   Attr      Idx    E Section Name        Object

    0x08000000   0x08000000   0x00000188   Data   RO         1412    RESET               startup_stm32f40_41xxx.o
    0x08000188   0x08000188   0x00000000   Code   RO        11310  * .ARM.Collect$$$$00000000  mc_w.l(entry.o)
    0x08000188   0x08000188   0x00000004   Code   RO        11701    .ARM.Collect$$$$00000001  mc_w.l(entry2.o)
    0x0800018c   0x0800018c   0x00000004   Code   RO        11704    .ARM.Collect$$$$00000004  mc_w.l(entry5.o)
    0x08000190   0x08000190   0x00000000   Code   RO        11706    .ARM.Collect$$$$00000008  mc_w.l(entry7b.o)
    0x08000190   0x08000190   0x00000000   Code   RO        11708    .ARM.Collect$$$$0000000A  mc_w.l(entry8b.o)
    0x08000190   0x08000190   0x00000008   Code   RO        11709    .ARM.Collect$$$$0000000B  mc_w.l(entry9a.o)
    0x08000198   0x08000198   0x00000000   Code   RO        11711    .ARM.Collect$$$$0000000D  mc_w.l(entry10a.o)
    0x08000198   0x08000198   0x00000000   Code   RO        11713    .ARM.Collect$$$$0000000F  mc_w.l(entry11a.o)
    0x08000198   0x08000198   0x00000004   Code   RO        11702    .ARM.Collect$$$$00002712  mc_w.l(entry2.o)
    0x0800019c   0x0800019c   0x000000b6   Code   RO         4230    .emb_text           port.o
    0x08000252   0x08000252   0x00000002   PAD
    0x08000254   0x08000254   0x00000024   Code   RO         1413    .text               startup_stm32f40_41xxx.o
    0x08000278   0x08000278   0x0000001e   Code   RO        11317    .text               mc_w.l(llshl.o)
    0x08000296   0x08000296   0x00000024   Code   RO        11319    .text               mc_w.l(llsshr.o)
    0x080002ba   0x080002ba   0x00000024   Code   RO        11321    .text               mc_w.l(memcpya.o)
    0x080002de   0x080002de   0x00000024   Code   RO        11323    .text               mc_w.l(memseta.o)
    0x08000302   0x08000302   0x0000014e   Code   RO        11620    .text               mf_w.l(dadd.o)
    0x08000450   0x08000450   0x000000e4   Code   RO        11622    .text               mf_w.l(dmul.o)
    0x08000534   0x08000534   0x000000de   Code   RO        11624    .text               mf_w.l(ddiv.o)
    0x08000612   0x08000612   0x00000022   Code   RO        11628    .text               mf_w.l(dflti.o)
    0x08000634   0x08000634   0x0000001a   Code   RO        11630    .text               mf_w.l(dfltui.o)
    0x0800064e   0x0800064e   0x0000003e   Code   RO        11634    .text               mf_w.l(dfixi.o)
    0x0800068c   0x0800068c   0x00000026   Code   RO        11638    .text               mf_w.l(f2d.o)
    0x080006b2   0x080006b2   0x00000002   PAD
    0x080006b4   0x080006b4   0x00000030   Code   RO        11642    .text               mf_w.l(cdrcmple.o)
    0x080006e4   0x080006e4   0x00000038   Code   RO        11644    .text               mf_w.l(d2f.o)
    0x0800071c   0x0800071c   0x0000002c   Code   RO        11715    .text               mc_w.l(uidiv.o)
    0x08000748   0x08000748   0x00000020   Code   RO        11717    .text               mc_w.l(llushr.o)
    0x08000768   0x08000768   0x00000000   Code   RO        11728    .text               mc_w.l(iusefp.o)
    0x08000768   0x08000768   0x0000006e   Code   RO        11729    .text               mf_w.l(fepilogue.o)
    0x080007d6   0x080007d6   0x000000ba   Code   RO        11731    .text               mf_w.l(depilogue.o)
    0x08000890   0x08000890   0x0000002e   Code   RO        11733    .text               mf_w.l(dscalb.o)
    0x080008be   0x080008be   0x000000a2   Code   RO        11735    .text               mf_w.l(dsqrt.o)
    0x08000960   0x08000960   0x00000024   Code   RO        11741    .text               mc_w.l(init.o)
    0x08000984   0x08000984   0x00000056   Code   RO        11751    .text               mc_w.l(__dczerorl2.o)
    0x080009da   0x080009da   0x00000016   Code   RO         2166    i.ADC_Cmd           stm32f4xx_adc.o
    0x080009f0   0x080009f0   0x00000030   Code   RO         2167    i.ADC_CommonInit    stm32f4xx_adc.o
    0x08000a20   0x08000a20   0x00000008   Code   RO         2178    i.ADC_GetConversionValue  stm32f4xx_adc.o
    0x08000a28   0x08000a28   0x00000012   Code   RO         2179    i.ADC_GetFlagStatus  stm32f4xx_adc.o
    0x08000a3a   0x08000a3a   0x00000002   PAD
    0x08000a3c   0x08000a3c   0x00000054   Code   RO         2186    i.ADC_Init          stm32f4xx_adc.o
    0x08000a90   0x08000a90   0x000000b8   Code   RO         2191    i.ADC_RegularChannelConfig  stm32f4xx_adc.o
    0x08000b48   0x08000b48   0x0000000a   Code   RO         2193    i.ADC_SoftwareStartConv  stm32f4xx_adc.o
    0x08000b52   0x08000b52   0x00000002   PAD
    0x08000b54   0x08000b54   0x00000144   Code   RO         4607    i.APP_Show          show.o
    0x08000c98   0x08000c98   0x00000084   Code   RO          464    i.Adc_Init          adc.o
    0x08000d1c   0x08000d1c   0x00000084   Code   RO          465    i.Adc_POWER_Init    adc.o
    0x08000da0   0x08000da0   0x00000308   Code   RO         4411    i.Balance_task      balance.o
    0x080010a8   0x080010a8   0x00000004   Code   RO          340    i.BusFault_Handler  stm32f4xx_it.o
    0x080010ac   0x080010ac   0x00000038   Code   RO          736    i.Buzzer_Init       led.o
    0x080010e4   0x080010e4   0x000001f4   Code   RO          525    i.CAN1_Mode_Init    can.o
    0x080012d8   0x080012d8   0x00000130   Code   RO          527    i.CAN1_RX0_IRQHandler  can.o
    0x08001408   0x08001408   0x000000d8   Code   RO          529    i.CAN1_Rx_Msg       can.o
    0x080014e0   0x080014e0   0x00000012   Code   RO         2418    i.CAN_ITConfig      stm32f4xx_can.o
    0x080014f2   0x080014f2   0x00000002   PAD
    0x080014f4   0x080014f4   0x0000003c   Code   RO         1117    i.Check_Sum         usartx.o
    0x08001530   0x08001530   0x00000002   Code   RO          341    i.DebugMon_Handler  stm32f4xx_it.o
    0x08001532   0x08001532   0x00000002   PAD
    0x08001534   0x08001534   0x00000808   Code   RO         4412    i.Drive_Motor       balance.o
    0x08001d3c   0x08001d3c   0x00000030   Code   RO          784    i.Enable_Pin        motor.o
    0x08001d6c   0x08001d6c   0x000000e8   Code   RO          603    i.Encoder_Init_TIM2  encoder.o
    0x08001e54   0x08001e54   0x000000bc   Code   RO          604    i.Encoder_Init_TIM3  encoder.o
    0x08001f10   0x08001f10   0x000000bc   Code   RO          605    i.Encoder_Init_TIM4  encoder.o
    0x08001fcc   0x08001fcc   0x000000bc   Code   RO          606    i.Encoder_Init_TIM5  encoder.o
    0x08002088   0x08002088   0x00000090   Code   RO         1469    i.GPIO_Init         stm32f4xx_gpio.o
    0x08002118   0x08002118   0x00000046   Code   RO         1470    i.GPIO_PinAFConfig  stm32f4xx_gpio.o
    0x0800215e   0x0800215e   0x00000004   Code   RO         1477    i.GPIO_SetBits      stm32f4xx_gpio.o
    0x08002162   0x08002162   0x00000002   PAD
    0x08002164   0x08002164   0x00000030   Code   RO          466    i.Get_Adc           adc.o
    0x08002194   0x08002194   0x00000030   Code   RO          467    i.Get_Adc2          adc.o
    0x080021c4   0x080021c4   0x00000208   Code   RO         4414    i.Get_Velocity_Form_Encoder  balance.o
    0x080023cc   0x080023cc   0x0000002e   Code   RO          468    i.Get_adc_Average   adc.o
    0x080023fa   0x080023fa   0x00000002   PAD
    0x080023fc   0x080023fc   0x000000a0   Code   RO          469    i.Get_battery_volt  adc.o
    0x0800249c   0x0800249c   0x00000004   Code   RO          342    i.HardFault_Handler  stm32f4xx_it.o
    0x080024a0   0x080024a0   0x0000004c   Code   RO         4927    i.I2C_Ack           i2c.o
    0x080024ec   0x080024ec   0x0000004c   Code   RO         4928    i.I2C_GPIOInit      i2c.o
    0x08002538   0x08002538   0x0000004c   Code   RO         4929    i.I2C_NAck          i2c.o
    0x08002584   0x08002584   0x00000070   Code   RO         4931    i.I2C_ReadByte      i2c.o
    0x080025f4   0x080025f4   0x00000040   Code   RO         4932    i.I2C_ReadOneByte   i2c.o
    0x08002634   0x08002634   0x00000064   Code   RO         4933    i.I2C_Start         i2c.o
    0x08002698   0x08002698   0x00000048   Code   RO         4934    i.I2C_Stop          i2c.o
    0x080026e0   0x080026e0   0x00000064   Code   RO         4935    i.I2C_WaiteForAck   i2c.o
    0x08002744   0x08002744   0x00000058   Code   RO         4936    i.I2C_WriteBits     i2c.o
    0x0800279c   0x0800279c   0x00000064   Code   RO         4938    i.I2C_WriteByte     i2c.o
    0x08002800   0x08002800   0x00000032   Code   RO         4940    i.I2C_WriteOneByte  i2c.o
    0x08002832   0x08002832   0x00000002   PAD
    0x08002834   0x08002834   0x000000ec   Code   RO         4415    i.Incremental_PID_Controler  balance.o
    0x08002920   0x08002920   0x00000030   Code   RO          682    i.KEY_Init          key.o
    0x08002950   0x08002950   0x00000038   Code   RO         4420    i.Key               balance.o
    0x08002988   0x08002988   0x00000040   Code   RO          737    i.LED_Init          led.o
    0x080029c8   0x080029c8   0x0000003c   Code   RO         4805    i.MPU6050_Set_LPF   mpu6050.o
    0x08002a04   0x08002a04   0x0000003c   Code   RO         4806    i.MPU6050_Set_Rate  mpu6050.o
    0x08002a40   0x08002a40   0x00000088   Code   RO         4808    i.MPU6050_initialize  mpu6050.o
    0x08002ac8   0x08002ac8   0x00000014   Code   RO         4811    i.MPU6050_setFullScaleAccelRange  mpu6050.o
    0x08002adc   0x08002adc   0x00000014   Code   RO         4812    i.MPU6050_setFullScaleGyroRange  mpu6050.o
    0x08002af0   0x08002af0   0x0000005c   Code   RO         4816    i.MPU6050_task      mpu6050.o
    0x08002b4c   0x08002b4c   0x000000b8   Code   RO         4818    i.MPU_Get_Accelscope  mpu6050.o
    0x08002c04   0x08002c04   0x000000e0   Code   RO         4819    i.MPU_Get_Gyroscope  mpu6050.o
    0x08002ce4   0x08002ce4   0x00000028   Code   RO         4422    i.Math_Constrain    balance.o
    0x08002d0c   0x08002d0c   0x00000004   Code   RO          343    i.MemManage_Handler  stm32f4xx_it.o
    0x08002d10   0x08002d10   0x00000002   Code   RO          344    i.NMI_Handler       stm32f4xx_it.o
    0x08002d12   0x08002d12   0x00000002   PAD
    0x08002d14   0x08002d14   0x00000078   Code   RO         1420    i.NVIC_Init         misc.o
    0x08002d8c   0x08002d8c   0x00000014   Code   RO         1421    i.NVIC_PriorityGroupConfig  misc.o
    0x08002da0   0x08002da0   0x00000030   Code   RO          832    i.OLED_Clear        oled.o
    0x08002dd0   0x08002dd0   0x00000068   Code   RO          835    i.OLED_DrawPoint    oled.o
    0x08002e38   0x08002e38   0x00000134   Code   RO          836    i.OLED_Init         oled.o
    0x08002f6c   0x08002f6c   0x0000004c   Code   RO          837    i.OLED_Refresh_Gram  oled.o
    0x08002fb8   0x08002fb8   0x000000a8   Code   RO          840    i.OLED_ShowChar     oled.o
    0x08003060   0x08003060   0x00000094   Code   RO          841    i.OLED_ShowNumber   oled.o
    0x080030f4   0x080030f4   0x00000044   Code   RO          842    i.OLED_ShowString   oled.o
    0x08003138   0x08003138   0x00000058   Code   RO          843    i.OLED_WR_Byte      oled.o
    0x08003190   0x08003190   0x0000000c   Code   RO          935    i.PS2_AnologData    pstwo.o
    0x0800319c   0x0800319c   0x00000018   Code   RO          936    i.PS2_ClearData     pstwo.o
    0x080031b4   0x080031b4   0x00000090   Code   RO          937    i.PS2_Cmd           pstwo.o
    0x08003244   0x08003244   0x00000054   Code   RO          938    i.PS2_DataKey       pstwo.o
    0x08003298   0x08003298   0x0000005c   Code   RO          939    i.PS2_EnterConfing  pstwo.o
    0x080032f4   0x080032f4   0x0000005c   Code   RO          940    i.PS2_ExitConfing   pstwo.o
    0x08003350   0x08003350   0x00000058   Code   RO          941    i.PS2_Init          pstwo.o
    0x080033a8   0x080033a8   0x00000104   Code   RO          942    i.PS2_Read          pstwo.o
    0x080034ac   0x080034ac   0x000000b4   Code   RO          943    i.PS2_ReadData      pstwo.o
    0x08003560   0x08003560   0x0000001c   Code   RO          946    i.PS2_SetInit       pstwo.o
    0x0800357c   0x0800357c   0x00000044   Code   RO          947    i.PS2_ShortPoll     pstwo.o
    0x080035c0   0x080035c0   0x00000058   Code   RO          948    i.PS2_TurnOnAnalogMode  pstwo.o
    0x08003618   0x08003618   0x0000000c   Code   RO         3139    i.PWR_BackupAccessCmd  stm32f4xx_pwr.o
    0x08003624   0x08003624   0x00000020   Code   RO         1570    i.RCC_AHB1PeriphClockCmd  stm32f4xx_rcc.o
    0x08003644   0x08003644   0x00000020   Code   RO         1579    i.RCC_APB1PeriphClockCmd  stm32f4xx_rcc.o
    0x08003664   0x08003664   0x00000020   Code   RO         1582    i.RCC_APB2PeriphClockCmd  stm32f4xx_rcc.o
    0x08003684   0x08003684   0x00000020   Code   RO         1584    i.RCC_APB2PeriphResetCmd  stm32f4xx_rcc.o
    0x080036a4   0x080036a4   0x000000e8   Code   RO         1591    i.RCC_GetClocksFreq  stm32f4xx_rcc.o
    0x0800378c   0x0800378c   0x0000002c   Code   RO         1600    i.RCC_LSEConfig     stm32f4xx_rcc.o
    0x080037b8   0x080037b8   0x00000064   Code   RO          607    i.Read_Encoder      encoder.o
    0x0800381c   0x0800381c   0x000000bc   Code   RO         4574    i.Robot_Init        robot_select_init.o
    0x080038d8   0x080038d8   0x00000174   Code   RO         4425    i.Robot_Odometry    balance.o
    0x08003a4c   0x08003a4c   0x000001c0   Code   RO         4575    i.Robot_Select      robot_select_init.o
    0x08003c0c   0x08003c0c   0x000000ec   Code   RO          423    i.SetSysClock       system_stm32f4xx.o
    0x08003cf8   0x08003cf8   0x0000009c   Code   RO         4426    i.Set_Pwm           balance.o
    0x08003d94   0x08003d94   0x000001bc   Code   RO         4427    i.Smooth_control    balance.o
    0x08003f50   0x08003f50   0x00000028   Code   RO         1424    i.SysTick_CLKSourceConfig  misc.o
    0x08003f78   0x08003f78   0x00000010   Code   RO         1281    i.SysTick_Handler   delay.o
    0x08003f88   0x08003f88   0x00000068   Code   RO          425    i.SystemInit        system_stm32f4xx.o
    0x08003ff0   0x08003ff0   0x0000003a   Code   RO         2573    i.TI1_Config        stm32f4xx_tim.o
    0x0800402a   0x0800402a   0x00000050   Code   RO         2574    i.TI2_Config        stm32f4xx_tim.o
    0x0800407a   0x0800407a   0x00000048   Code   RO         2575    i.TI3_Config        stm32f4xx_tim.o
    0x080040c2   0x080040c2   0x00000050   Code   RO         2576    i.TI4_Config        stm32f4xx_tim.o
    0x08004112   0x08004112   0x00000002   PAD
    0x08004114   0x08004114   0x000000a0   Code   RO          785    i.TIM10_PWM_Init    motor.o
    0x080041b4   0x080041b4   0x000000a8   Code   RO          786    i.TIM11_PWM_Init    motor.o
    0x0800425c   0x0800425c   0x000000cc   Code   RO         1062    i.TIM12_SERVO_Init  timer.o
    0x08004328   0x08004328   0x000000f8   Code   RO          787    i.TIM1_PWM_Init     motor.o
    0x08004420   0x08004420   0x00000018   Code   RO          608    i.TIM2_IRQHandler   encoder.o
    0x08004438   0x08004438   0x00000018   Code   RO          609    i.TIM3_IRQHandler   encoder.o
    0x08004450   0x08004450   0x00000018   Code   RO          610    i.TIM4_IRQHandler   encoder.o
    0x08004468   0x08004468   0x00000018   Code   RO          611    i.TIM5_IRQHandler   encoder.o
    0x08004480   0x08004480   0x00000018   Code   RO          612    i.TIM8_BRK_TIM12_IRQHandler  encoder.o
    0x08004498   0x08004498   0x000003a8   Code   RO         1063    i.TIM8_CC_IRQHandler  timer.o
    0x08004840   0x08004840   0x00000150   Code   RO         1064    i.TIM8_Cap_Init     timer.o
    0x08004990   0x08004990   0x00000014   Code   RO         1066    i.TIM8_UP_TIM13_IRQHandler  timer.o
    0x080049a4   0x080049a4   0x000000b8   Code   RO          788    i.TIM9_PWM_Init     motor.o
    0x08004a5c   0x08004a5c   0x00000018   Code   RO         2577    i.TIM_ARRPreloadConfig  stm32f4xx_tim.o
    0x08004a74   0x08004a74   0x00000006   Code   RO         2583    i.TIM_ClearFlag     stm32f4xx_tim.o
    0x08004a7a   0x08004a7a   0x00000006   Code   RO         2584    i.TIM_ClearITPendingBit  stm32f4xx_tim.o
    0x08004a80   0x08004a80   0x00000018   Code   RO         2589    i.TIM_Cmd           stm32f4xx_tim.o
    0x08004a98   0x08004a98   0x0000001e   Code   RO         2591    i.TIM_CtrlPWMOutputs  stm32f4xx_tim.o
    0x08004ab6   0x08004ab6   0x00000042   Code   RO         2598    i.TIM_EncoderInterfaceConfig  stm32f4xx_tim.o
    0x08004af8   0x08004af8   0x00000006   Code   RO         2604    i.TIM_GetCapture1   stm32f4xx_tim.o
    0x08004afe   0x08004afe   0x00000006   Code   RO         2605    i.TIM_GetCapture2   stm32f4xx_tim.o
    0x08004b04   0x08004b04   0x00000006   Code   RO         2606    i.TIM_GetCapture3   stm32f4xx_tim.o
    0x08004b0a   0x08004b0a   0x00000006   Code   RO         2607    i.TIM_GetCapture4   stm32f4xx_tim.o
    0x08004b10   0x08004b10   0x00000022   Code   RO         2610    i.TIM_GetITStatus   stm32f4xx_tim.o
    0x08004b32   0x08004b32   0x0000006e   Code   RO         2612    i.TIM_ICInit        stm32f4xx_tim.o
    0x08004ba0   0x08004ba0   0x00000012   Code   RO         2613    i.TIM_ICStructInit  stm32f4xx_tim.o
    0x08004bb2   0x08004bb2   0x00000012   Code   RO         2614    i.TIM_ITConfig      stm32f4xx_tim.o
    0x08004bc4   0x08004bc4   0x0000007c   Code   RO         2618    i.TIM_OC1Init       stm32f4xx_tim.o
    0x08004c40   0x08004c40   0x00000012   Code   RO         2620    i.TIM_OC1PolarityConfig  stm32f4xx_tim.o
    0x08004c52   0x08004c52   0x00000012   Code   RO         2621    i.TIM_OC1PreloadConfig  stm32f4xx_tim.o
    0x08004c64   0x08004c64   0x000000a4   Code   RO         2623    i.TIM_OC2Init       stm32f4xx_tim.o
    0x08004d08   0x08004d08   0x0000001a   Code   RO         2625    i.TIM_OC2PolarityConfig  stm32f4xx_tim.o
    0x08004d22   0x08004d22   0x0000001a   Code   RO         2626    i.TIM_OC2PreloadConfig  stm32f4xx_tim.o
    0x08004d3c   0x08004d3c   0x000000a0   Code   RO         2628    i.TIM_OC3Init       stm32f4xx_tim.o
    0x08004ddc   0x08004ddc   0x0000001a   Code   RO         2630    i.TIM_OC3PolarityConfig  stm32f4xx_tim.o
    0x08004df6   0x08004df6   0x00000012   Code   RO         2631    i.TIM_OC3PreloadConfig  stm32f4xx_tim.o
    0x08004e08   0x08004e08   0x00000078   Code   RO         2633    i.TIM_OC4Init       stm32f4xx_tim.o
    0x08004e80   0x08004e80   0x0000001a   Code   RO         2634    i.TIM_OC4PolarityConfig  stm32f4xx_tim.o
    0x08004e9a   0x08004e9a   0x0000001a   Code   RO         2635    i.TIM_OC4PreloadConfig  stm32f4xx_tim.o
    0x08004eb4   0x08004eb4   0x00000004   Code   RO         2655    i.TIM_SetCounter    stm32f4xx_tim.o
    0x08004eb8   0x08004eb8   0x00000012   Code   RO         2656    i.TIM_SetIC1Prescaler  stm32f4xx_tim.o
    0x08004eca   0x08004eca   0x0000001a   Code   RO         2657    i.TIM_SetIC2Prescaler  stm32f4xx_tim.o
    0x08004ee4   0x08004ee4   0x00000012   Code   RO         2658    i.TIM_SetIC3Prescaler  stm32f4xx_tim.o
    0x08004ef6   0x08004ef6   0x0000001a   Code   RO         2659    i.TIM_SetIC4Prescaler  stm32f4xx_tim.o
    0x08004f10   0x08004f10   0x00000084   Code   RO         2661    i.TIM_TimeBaseInit  stm32f4xx_tim.o
    0x08004f94   0x08004f94   0x00000012   Code   RO         2662    i.TIM_TimeBaseStructInit  stm32f4xx_tim.o
    0x08004fa6   0x08004fa6   0x00000002   PAD
    0x08004fa8   0x08004fa8   0x0000012c   Code   RO         1118    i.UART5_IRQHandler  usartx.o
    0x080050d4   0x080050d4   0x00000150   Code   RO         1119    i.USART1_IRQHandler  usartx.o
    0x08005224   0x08005224   0x00000020   Code   RO         1120    i.USART1_SEND       usartx.o
    0x08005244   0x08005244   0x000002ec   Code   RO         1121    i.USART2_IRQHandler  usartx.o
    0x08005530   0x08005530   0x00000158   Code   RO         1122    i.USART3_IRQHandler  usartx.o
    0x08005688   0x08005688   0x0000002c   Code   RO         1123    i.USART3_SEND       usartx.o
    0x080056b4   0x080056b4   0x00000020   Code   RO         1124    i.USART5_SEND       usartx.o
    0x080056d4   0x080056d4   0x00000018   Code   RO         1972    i.USART_Cmd         stm32f4xx_usart.o
    0x080056ec   0x080056ec   0x00000054   Code   RO         1976    i.USART_GetITStatus  stm32f4xx_usart.o
    0x08005740   0x08005740   0x0000004a   Code   RO         1978    i.USART_ITConfig    stm32f4xx_usart.o
    0x0800578a   0x0800578a   0x00000002   PAD
    0x0800578c   0x0800578c   0x000000d4   Code   RO         1979    i.USART_Init        stm32f4xx_usart.o
    0x08005860   0x08005860   0x0000000a   Code   RO         1986    i.USART_ReceiveData  stm32f4xx_usart.o
    0x0800586a   0x0800586a   0x00000004   Code   RO          345    i.UsageFault_Handler  stm32f4xx_it.o
    0x0800586e   0x0800586e   0x00000002   PAD
    0x08005870   0x08005870   0x000000e0   Code   RO         1125    i.Vz_to_Akm_Angle   usartx.o
    0x08005950   0x08005950   0x00000070   Code   RO         1126    i.XYZ_Target_Speed_transition  usartx.o
    0x080059c0   0x080059c0   0x00000020   Code   RO        11420    i.__0printf$3       mc_w.l(printf3.o)
    0x080059e0   0x080059e0   0x00000030   Code   RO        11663    i.__ARM_fpclassify  m_wm.l(fpclassify.o)
    0x08005a10   0x08005a10   0x000002d8   Code   RO        11122    i.__hardfp_atan     m_wm.l(atan.o)
    0x08005ce8   0x08005ce8   0x000000c8   Code   RO        11148    i.__hardfp_cos      m_wm.l(cos.o)
    0x08005db0   0x08005db0   0x00000c50   Code   RO        11222    i.__hardfp_pow      m_wm.l(pow.o)
    0x08006a00   0x08006a00   0x000000c8   Code   RO        11250    i.__hardfp_sin      m_wm.l(sin.o)
    0x08006ac8   0x08006ac8   0x0000007a   Code   RO        11262    i.__hardfp_sqrt     m_wm.l(sqrt.o)
    0x08006b42   0x08006b42   0x00000006   PAD
    0x08006b48   0x08006b48   0x00000080   Code   RO        11286    i.__hardfp_tan      m_wm.l(tan.o)
    0x08006bc8   0x08006bc8   0x00000438   Code   RO        11684    i.__ieee754_rem_pio2  m_wm.l(rred.o)
    0x08007000   0x08007000   0x00000170   Code   RO        11646    i.__kernel_cos      m_wm.l(cos_i.o)
    0x08007170   0x08007170   0x000000f8   Code   RO        11681    i.__kernel_poly     m_wm.l(poly.o)
    0x08007268   0x08007268   0x00000130   Code   RO        11689    i.__kernel_sin      m_wm.l(sin_i.o)
    0x08007398   0x08007398   0x00000350   Code   RO        11695    i.__kernel_tan      m_wm.l(tan_i.o)
    0x080076e8   0x080076e8   0x00000030   Code   RO        11649    i.__mathlib_dbl_divzero  m_wm.l(dunder.o)
    0x08007718   0x08007718   0x00000014   Code   RO        11650    i.__mathlib_dbl_infnan  m_wm.l(dunder.o)
    0x0800772c   0x0800772c   0x00000014   Code   RO        11651    i.__mathlib_dbl_infnan2  m_wm.l(dunder.o)
    0x08007740   0x08007740   0x00000020   Code   RO        11652    i.__mathlib_dbl_invalid  m_wm.l(dunder.o)
    0x08007760   0x08007760   0x00000020   Code   RO        11653    i.__mathlib_dbl_overflow  m_wm.l(dunder.o)
    0x08007780   0x08007780   0x00000020   Code   RO        11655    i.__mathlib_dbl_underflow  m_wm.l(dunder.o)
    0x080077a0   0x080077a0   0x0000000e   Code   RO        11745    i.__scatterload_copy  mc_w.l(handlers.o)
    0x080077ae   0x080077ae   0x00000002   Code   RO        11746    i.__scatterload_null  mc_w.l(handlers.o)
    0x080077b0   0x080077b0   0x0000000e   Code   RO        11747    i.__scatterload_zeroinit  mc_w.l(handlers.o)
    0x080077be   0x080077be   0x00000002   PAD
    0x080077c0   0x080077c0   0x0000000c   Code   RO        11723    i.__set_errno       mc_w.l(errno.o)
    0x080077cc   0x080077cc   0x000001b8   Code   RO        11427    i._printf_core      mc_w.l(printf3.o)
    0x08007984   0x08007984   0x000000d0   Code   RO          686    i.click_N_Double_MPU6050  key.o
    0x08007a54   0x08007a54   0x00000024   Code   RO         1127    i.data_task         usartx.o
    0x08007a78   0x08007a78   0x00000130   Code   RO         1128    i.data_transition   usartx.o
    0x08007ba8   0x08007ba8   0x00000044   Code   RO         1282    i.delay_init        delay.o
    0x08007bec   0x08007bec   0x00000040   Code   RO         1283    i.delay_ms          delay.o
    0x08007c2c   0x08007c2c   0x00000048   Code   RO         1284    i.delay_us          delay.o
    0x08007c74   0x08007c74   0x00000018   Code   RO        11190    i.fabs              m_wm.l(fabs.o)
    0x08007c8c   0x08007c8c   0x0000001a   Code   RO         4429    i.float_abs         balance.o
    0x08007ca6   0x08007ca6   0x00000002   PAD
    0x08007ca8   0x08007ca8   0x0000001c   Code   RO         1364    i.fputc             usart.o
    0x08007cc4   0x08007cc4   0x0000001c   Code   RO         1286    i.getSysTickCnt     delay.o
    0x08007ce0   0x08007ce0   0x00000024   Code   RO          739    i.led_task          led.o
    0x08007d04   0x08007d04   0x00000038   Code   RO            4    i.main              main.o
    0x08007d3c   0x08007d3c   0x00000016   Code   RO          844    i.oled_pow          oled.o
    0x08007d52   0x08007d52   0x00000002   PAD
    0x08007d54   0x08007d54   0x00000c04   Code   RO         4608    i.oled_show         show.o
    0x08008958   0x08008958   0x00000098   Code   RO         3716    i.prvAddCurrentTaskToDelayedList  tasks.o
    0x080089f0   0x080089f0   0x000000b8   Code   RO         3717    i.prvAddNewTaskToReadyList  tasks.o
    0x08008aa8   0x08008aa8   0x00000064   Code   RO         4088    i.prvCheckForValidListAndQueue  timers.o
    0x08008b0c   0x08008b0c   0x00000064   Code   RO         3718    i.prvCheckTasksWaitingTermination  tasks.o
    0x08008b70   0x08008b70   0x0000002a   Code   RO         3474    i.prvCopyDataFromQueue  queue.o
    0x08008b9a   0x08008b9a   0x0000007c   Code   RO         3475    i.prvCopyDataToQueue  queue.o
    0x08008c16   0x08008c16   0x00000012   Code   RO         3719    i.prvDeleteTCB      tasks.o
    0x08008c28   0x08008c28   0x00000028   Code   RO         4089    i.prvGetNextExpireTime  timers.o
    0x08008c50   0x08008c50   0x0000007c   Code   RO         4319    i.prvHeapInit       heap_4.o
    0x08008ccc   0x08008ccc   0x00000028   Code   RO         3720    i.prvIdleTask       tasks.o
    0x08008cf4   0x08008cf4   0x0000002e   Code   RO         3477    i.prvInitialiseNewQueue  queue.o
    0x08008d22   0x08008d22   0x00000002   PAD
    0x08008d24   0x08008d24   0x000000d0   Code   RO         3721    i.prvInitialiseNewTask  tasks.o
    0x08008df4   0x08008df4   0x00000068   Code   RO         3722    i.prvInitialiseTaskLists  tasks.o
    0x08008e5c   0x08008e5c   0x00000068   Code   RO         4320    i.prvInsertBlockIntoFreeList  heap_4.o
    0x08008ec4   0x08008ec4   0x00000058   Code   RO         4091    i.prvInsertTimerInActiveList  timers.o
    0x08008f1c   0x08008f1c   0x0000001a   Code   RO         3478    i.prvIsQueueEmpty   queue.o
    0x08008f36   0x08008f36   0x0000001e   Code   RO         3479    i.prvIsQueueFull    queue.o
    0x08008f54   0x08008f54   0x000000a0   Code   RO         3480    i.prvNotifyQueueSetContainer  queue.o
    0x08008ff4   0x08008ff4   0x00000080   Code   RO         4092    i.prvProcessExpiredTimer  timers.o
    0x08009074   0x08009074   0x0000012c   Code   RO         4093    i.prvProcessReceivedCommands  timers.o
    0x080091a0   0x080091a0   0x00000074   Code   RO         4094    i.prvProcessTimerOrBlockTask  timers.o
    0x08009214   0x08009214   0x00000034   Code   RO         3724    i.prvResetNextTaskUnblockTime  tasks.o
    0x08009248   0x08009248   0x0000002c   Code   RO         4095    i.prvSampleTimeNow  timers.o
    0x08009274   0x08009274   0x000000bc   Code   RO         4096    i.prvSwitchTimerLists  timers.o
    0x08009330   0x08009330   0x00000074   Code   RO         4231    i.prvTaskExitError  port.o
    0x080093a4   0x080093a4   0x0000001a   Code   RO         4097    i.prvTimerTask      timers.o
    0x080093be   0x080093be   0x00000092   Code   RO         3481    i.prvUnlockQueue    queue.o
    0x08009450   0x08009450   0x00000018   Code   RO          951    i.pstwo_task        pstwo.o
    0x08009468   0x08009468   0x00000154   Code   RO         4321    i.pvPortMalloc      heap_4.o
    0x080095bc   0x080095bc   0x00000020   Code   RO         3728    i.pvTaskIncrementMutexHeldCount  tasks.o
    0x080095dc   0x080095dc   0x0000002c   Code   RO         4232    i.pxPortInitialiseStack  port.o
    0x08009608   0x08009608   0x0000018c   Code   RO         4609    i.show_task         show.o
    0x08009794   0x08009794   0x0000006e   Code   RO        11264    i.sqrt              m_wm.l(sqrt.o)
    0x08009802   0x08009802   0x00000002   PAD
    0x08009804   0x08009804   0x00000100   Code   RO            5    i.start_task        main.o
    0x08009904   0x08009904   0x000000be   Code   RO         4380    i.systemInit        system.o
    0x080099c2   0x080099c2   0x0000002a   Code   RO         4432    i.target_limit_float  balance.o
    0x080099ec   0x080099ec   0x00000016   Code   RO         4433    i.target_limit_int  balance.o
    0x08009a02   0x08009a02   0x00000002   PAD
    0x08009a04   0x08009a04   0x000000b0   Code   RO         1129    i.uart1_init        usartx.o
    0x08009ab4   0x08009ab4   0x000000b0   Code   RO         1130    i.uart2_init        usartx.o
    0x08009b64   0x08009b64   0x000000b0   Code   RO         1131    i.uart3_init        usartx.o
    0x08009c14   0x08009c14   0x000000e0   Code   RO         1132    i.uart5_init        usartx.o
    0x08009cf4   0x08009cf4   0x00000018   Code   RO         1133    i.usart1_send       usartx.o
    0x08009d0c   0x08009d0c   0x0000001c   Code   RO         1135    i.usart3_send       usartx.o
    0x08009d28   0x08009d28   0x00000018   Code   RO         1136    i.usart5_send       usartx.o
    0x08009d40   0x08009d40   0x00000028   Code   RO         3425    i.uxListRemove      list.o
    0x08009d68   0x08009d68   0x0000001a   Code   RO         3426    i.vListInitialise   list.o
    0x08009d82   0x08009d82   0x00000006   Code   RO         3427    i.vListInitialiseItem  list.o
    0x08009d88   0x08009d88   0x00000034   Code   RO         3428    i.vListInsert       list.o
    0x08009dbc   0x08009dbc   0x00000018   Code   RO         3429    i.vListInsertEnd    list.o
    0x08009dd4   0x08009dd4   0x00000088   Code   RO         4234    i.vPortEnterCritical  port.o
    0x08009e5c   0x08009e5c   0x00000070   Code   RO         4235    i.vPortExitCritical  port.o
    0x08009ecc   0x08009ecc   0x000000b8   Code   RO         4322    i.vPortFree         heap_4.o
    0x08009f84   0x08009f84   0x00000020   Code   RO         4236    i.vPortSetupTimerInterrupt  port.o
    0x08009fa4   0x08009fa4   0x000000a0   Code   RO         4237    i.vPortValidateInterruptPriority  port.o
    0x0800a044   0x0800a044   0x0000002c   Code   RO         3487    i.vQueueAddToRegistry  queue.o
    0x0800a070   0x0800a070   0x0000004a   Code   RO         3491    i.vQueueWaitForMessageRestricted  queue.o
    0x0800a0ba   0x0800a0ba   0x00000002   PAD
    0x0800a0bc   0x0800a0bc   0x00000074   Code   RO         3736    i.vTaskDelay        tasks.o
    0x0800a130   0x0800a130   0x000000dc   Code   RO         3737    i.vTaskDelayUntil   tasks.o
    0x0800a20c   0x0800a20c   0x0000010c   Code   RO         3738    i.vTaskDelete       tasks.o
    0x0800a318   0x0800a318   0x0000000c   Code   RO         3742    i.vTaskMissedYield  tasks.o
    0x0800a324   0x0800a324   0x00000054   Code   RO         3744    i.vTaskPlaceOnEventList  tasks.o
    0x0800a378   0x0800a378   0x0000005c   Code   RO         3745    i.vTaskPlaceOnEventListRestricted  tasks.o
    0x0800a3d4   0x0800a3d4   0x000000b0   Code   RO         3747    i.vTaskPriorityInherit  tasks.o
    0x0800a484   0x0800a484   0x0000004c   Code   RO         3751    i.vTaskSetTimeOutState  tasks.o
    0x0800a4d0   0x0800a4d0   0x000000ac   Code   RO         3752    i.vTaskStartScheduler  tasks.o
    0x0800a57c   0x0800a57c   0x00000010   Code   RO         3754    i.vTaskSuspendAll   tasks.o
    0x0800a58c   0x0800a58c   0x000000a8   Code   RO         3755    i.vTaskSwitchContext  tasks.o
    0x0800a634   0x0800a634   0x0000015c   Code   RO         4238    i.xPortStartScheduler  port.o
    0x0800a790   0x0800a790   0x00000034   Code   RO         4239    i.xPortSysTickHandler  port.o
    0x0800a7c4   0x0800a7c4   0x00000074   Code   RO         3496    i.xQueueGenericCreate  queue.o
    0x0800a838   0x0800a838   0x000001c8   Code   RO         3497    i.xQueueGenericReceive  queue.o
    0x0800aa00   0x0800aa00   0x000000b0   Code   RO         3498    i.xQueueGenericReset  queue.o
    0x0800aab0   0x0800aab0   0x000001c4   Code   RO         3499    i.xQueueGenericSend  queue.o
    0x0800ac74   0x0800ac74   0x00000110   Code   RO         3500    i.xQueueGenericSendFromISR  queue.o
    0x0800ad84   0x0800ad84   0x000000a0   Code   RO         3756    i.xTaskCheckForTimeOut  tasks.o
    0x0800ae24   0x0800ae24   0x00000060   Code   RO         3757    i.xTaskCreate       tasks.o
    0x0800ae84   0x0800ae84   0x00000020   Code   RO         3761    i.xTaskGetSchedulerState  tasks.o
    0x0800aea4   0x0800aea4   0x0000000c   Code   RO         3762    i.xTaskGetTickCount  tasks.o
    0x0800aeb0   0x0800aeb0   0x00000160   Code   RO         3764    i.xTaskIncrementTick  tasks.o
    0x0800b010   0x0800b010   0x000000d8   Code   RO         3767    i.xTaskPriorityDisinherit  tasks.o
    0x0800b0e8   0x0800b0e8   0x000000b4   Code   RO         3768    i.xTaskRemoveFromEventList  tasks.o
    0x0800b19c   0x0800b19c   0x00000120   Code   RO         3770    i.xTaskResumeAll    tasks.o
    0x0800b2bc   0x0800b2bc   0x00000074   Code   RO         4101    i.xTimerCreateTimerTask  timers.o
    0x0800b330   0x0800b330   0x000000a4   Code   RO         4102    i.xTimerGenericCommand  timers.o
    0x0800b3d4   0x0800b3d4   0x000014a4   Data   RO          846    .constdata          oled.o
    0x0800c878   0x0800c878   0x00000098   Data   RO        11125    .constdata          m_wm.l(atan.o)
    0x0800c910   0x0800c910   0x00000088   Data   RO        11225    .constdata          m_wm.l(pow.o)
    0x0800c998   0x0800c998   0x00000030   Data   RO        11647    .constdata          m_wm.l(cos_i.o)
    0x0800c9c8   0x0800c9c8   0x00000008   Data   RO        11683    .constdata          m_wm.l(qnan.o)
    0x0800c9d0   0x0800c9d0   0x000000c8   Data   RO        11686    .constdata          m_wm.l(rred.o)
    0x0800ca98   0x0800ca98   0x00000028   Data   RO        11690    .constdata          m_wm.l(sin_i.o)
    0x0800cac0   0x0800cac0   0x00000060   Data   RO        11696    .constdata          m_wm.l(tan_i.o)
    0x0800cb20   0x0800cb20   0x00000020   Data   RO        11743    Region$$Table       anon$$obj.o


    Execution Region RW_IRAM1 (Exec base: 0x20000000, Load base: 0x0800cb40, Size: 0x00005f68, Max: 0x00020000, ABSOLUTE, COMPRESSED[0x0000007c])

    Exec Addr    Load Addr    Size         Type   Attr      Idx    E Section Name        Object

    0x20000000   COMPRESSED   0x00000004   Data   RW            6    .data               main.o
    0x20000004   COMPRESSED   0x00000014   Data   RW          426    .data               system_stm32f4xx.o
    0x20000018   COMPRESSED   0x0000000c   Data   RW          471    .data               adc.o
    0x20000024   COMPRESSED   0x00000014   Data   RW          687    .data               key.o
    0x20000038   COMPRESSED   0x00000008   Data   RW          740    .data               led.o
    0x20000040   COMPRESSED   0x00000028   Data   RW          953    .data               pstwo.o
    0x20000068   COMPRESSED   0x00000048   Data   RW         1067    .data               timer.o
    0x200000b0   COMPRESSED   0x00000026   Data   RW         1138    .data               usartx.o
    0x200000d6   COMPRESSED   0x00000002   PAD
    0x200000d8   COMPRESSED   0x00000008   Data   RW         1287    .data               delay.o
    0x200000e0   COMPRESSED   0x00000006   Data   RW         1367    .data               usart.o
    0x200000e6   COMPRESSED   0x00000010   Data   RW         1623    .data               stm32f4xx_rcc.o
    0x200000f6   COMPRESSED   0x00000002   PAD
    0x200000f8   COMPRESSED   0x0000003c   Data   RW         3773    .data               tasks.o
    0x20000134   COMPRESSED   0x00000014   Data   RW         4110    .data               timers.o
    0x20000148   COMPRESSED   0x0000000c   Data   RW         4240    .data               port.o
    0x20000154   COMPRESSED   0x00000018   Data   RW         4327    .data               heap_4.o
    0x2000016c   COMPRESSED   0x00000084   Data   RW         4382    .data               system.o
    0x200001f0   COMPRESSED   0x0000006e   Data   RW         4435    .data               balance.o
    0x2000025e   COMPRESSED   0x00000002   PAD
    0x20000260   COMPRESSED   0x00000019   Data   RW         4610    .data               show.o
    0x20000279   COMPRESSED   0x00000003   PAD
    0x2000027c   COMPRESSED   0x00000042   Data   RW         4822    .data               mpu6050.o
    0x200002be   COMPRESSED   0x00000002   PAD
    0x200002c0   COMPRESSED   0x00000004   Data   RW        11724    .data               mc_w.l(errno.o)
    0x200002c4        -       0x00000400   Zero   RW          845    .bss                oled.o
    0x200006c4        -       0x00000009   Zero   RW          952    .bss                pstwo.o
    0x200006cd   COMPRESSED   0x00000003   PAD
    0x200006d0        -       0x000000c1   Zero   RW         1137    .bss                usartx.o
    0x20000791   COMPRESSED   0x00000003   PAD
    0x20000794        -       0x00000040   Zero   RW         3511    .bss                queue.o
    0x200007d4        -       0x000002e4   Zero   RW         3772    .bss                tasks.o
    0x20000ab8        -       0x00000028   Zero   RW         4109    .bss                timers.o
    0x20000ae0        -       0x00005000   Zero   RW         4326    .bss                heap_4.o
    0x20005ae0        -       0x0000005c   Zero   RW         4381    .bss                system.o
    0x20005b3c        -       0x00000010   Zero   RW         4434    .bss                balance.o
    0x20005b4c        -       0x00000018   Zero   RW         4576    .bss                robot_select_init.o
    0x20005b64   COMPRESSED   0x00000004   PAD
    0x20005b68        -       0x00000400   Zero   RW         1410    STACK               startup_stm32f40_41xxx.o


==============================================================================

Image component sizes


      Code (inc. data)   RO Data    RW Data    ZI Data      Debug   Object Name

       566         64          0         12          0       4005   adc.o
      4746        384          0        110         16      13315   balance.o
      1020         70          0          0          0       2929   can.o
       248         24          0          8          0       3029   delay.o
      1016         70          0          0          0       5835   encoder.o
         0          0          0          0          0       9336   event_groups.o
       752        176          0         24      20480       3907   heap_4.o
       914        100          0          0          0       6705   i2c.o
       256         30          0         20          0       2906   key.o
       156         22          0          8          0       2148   led.o
       148          0          0          0          0       3150   list.o
       312        132          0          4          0     322724   main.o
       180         24          0          0          0       2033   misc.o
       808         46          0          0          0       3627   motor.o
       796         64          0         66          0       6338   mpu6050.o
      1030         44       5284          0       1024       7144   oled.o
      1182        396          0         12          0      10745   port.o
      1184        150          0         40          9       7738   pstwo.o
      2164        238          0          0         64      13213   queue.o
       636        140          0          0         24       1885   robot_select_init.o
      3796        456          0         25          0       3384   show.o
        36          8        392          0       1024        828   startup_stm32f40_41xxx.o
       374         24          0          0          0       5458   stm32f4xx_adc.o
        18          0          0          0          0       1439   stm32f4xx_can.o
       218          0          0          0          0       2270   stm32f4xx_gpio.o
        20          0          0          0          0       2657   stm32f4xx_it.o
        12          6          0          0          0        522   stm32f4xx_pwr.o
       404         46          0         16          0       5664   stm32f4xx_rcc.o
      1644         66          0          0          0      23413   stm32f4xx_tim.o
       404          8          0          0          0       4190   stm32f4xx_usart.o
       190          0          0        132         92       3887   system.o
       340         32          0         20          0       1701   system_stm32f4xx.o
      3626        928          0         60        740      30125   tasks.o
      1496        150          0         72          0       4441   timer.o
      1310        312          0         20         40       8711   timers.o
        28          4          0          6          0       2384   usart.o
      3400        450          0         38        193      14301   usartx.o

    ----------------------------------------------------------------------
     35466       4664       5708        704      23716     548087   Object Totals
         0          0         32          0          0          0   (incl. Generated)
        36          0          0         11         10          0   (incl. Padding)

    ----------------------------------------------------------------------

      Code (inc. data)   RO Data    RW Data    ZI Data      Debug   Library Member Name

       728        106        152          0          0        228   atan.o
       200         20          0          0          0        164   cos.o
       368         46         48          0          0        200   cos_i.o
       184         44          0          0          0        744   dunder.o
        24          0          0          0          0        124   fabs.o
        48          0          0          0          0        124   fpclassify.o
       248          0          0          0          0        152   poly.o
      3152        296        136          0          0        352   pow.o
         0          0          8          0          0          0   qnan.o
      1080        142        200          0          0        188   rred.o
       200         20          0          0          0        164   sin.o
       304         24         40          0          0        208   sin_i.o
       232          0          0          0          0        296   sqrt.o
       128         20          0          0          0        144   tan.o
       848         84         96          0          0        196   tan_i.o
        86          0          0          0          0          0   __dczerorl2.o
         0          0          0          0          0          0   entry.o
         0          0          0          0          0          0   entry10a.o
         0          0          0          0          0          0   entry11a.o
         8          4          0          0          0          0   entry2.o
         4          0          0          0          0          0   entry5.o
         0          0          0          0          0          0   entry7b.o
         0          0          0          0          0          0   entry8b.o
         8          4          0          0          0          0   entry9a.o
        12          6          0          4          0         68   errno.o
        30          0          0          0          0          0   handlers.o
        36          8          0          0          0         68   init.o
         0          0          0          0          0          0   iusefp.o
        30          0          0          0          0         68   llshl.o
        36          0          0          0          0         68   llsshr.o
        32          0          0          0          0         68   llushr.o
        36          0          0          0          0         68   memcpya.o
        36          0          0          0          0        108   memseta.o
       472         14          0          0          0        184   printf3.o
        44          0          0          0          0         80   uidiv.o
        48          0          0          0          0         68   cdrcmple.o
        56          0          0          0          0         88   d2f.o
       334          0          0          0          0        148   dadd.o
       222          0          0          0          0        100   ddiv.o
       186          0          0          0          0        176   depilogue.o
        62          0          0          0          0         80   dfixi.o
        34          0          0          0          0         76   dflti.o
        26          0          0          0          0         76   dfltui.o
       228          0          0          0          0         96   dmul.o
        46          0          0          0          0         80   dscalb.o
       162          0          0          0          0        100   dsqrt.o
        38          0          0          0          0         68   f2d.o
       110          0          0          0          0        168   fepilogue.o

    ----------------------------------------------------------------------
     10178        838        680          4          0       5388   Library Totals
        12          0          0          0          0          0   (incl. Padding)

    ----------------------------------------------------------------------

      Code (inc. data)   RO Data    RW Data    ZI Data      Debug   Library Name

      7744        802        680          0          0       3284   m_wm.l
       870         36          0          4          0        780   mc_w.l
      1552          0          0          0          0       1324   mf_w.l

    ----------------------------------------------------------------------
     10178        838        680          4          0       5388   Library Totals

    ----------------------------------------------------------------------

==============================================================================


      Code (inc. data)   RO Data    RW Data    ZI Data      Debug   

     45644       5502       6388        708      23716     525719   Grand Totals
     45644       5502       6388        124      23716     525719   ELF Image Totals (compressed)
     45644       5502       6388        124          0          0   ROM Totals

==============================================================================

    Total RO  Size (Code + RO Data)                52032 (  50.81kB)
    Total RW  Size (RW Data + ZI Data)             24424 (  23.85kB)
    Total ROM Size (Code + RO Data + RW Data)      52156 (  50.93kB)

==============================================================================

