<html>
<body>
<pre>
<h1>µVision Build Log</h1>
<h2>Tool Versions:</h2>
IDE-Version: ¦ÌVision V5.39.0.0
Copyright (C) 2023 ARM Ltd and ARM Germany GmbH. All rights reserved.
License Information: 1 zxf, 1, LIC=EXJT4-F5LV2-WF8I7-EEYK8-LQ262-920LD
 
Tool Versions:
Toolchain:       MDK-ARM Plus  Version: 5.39.0.0
Toolchain Path:  D:\Keil_v5\ARM\ARMCC\Bin
C Compiler:      Armcc.exe V5.06 update 6 (build 750)
Assembler:       Armasm.exe V5.06 update 6 (build 750)
Linker/Locator:  ArmLink.exe V5.06 update 6 (build 750)
Library Manager: ArmAr.exe V5.06 update 6 (build 750)
Hex Converter:   FromElf.exe V5.06 update 6 (build 750)
CPU DLL:         SARMCM3.DLL V5.39.0.0
Dialog DLL:      DCM.DLL V1.17.5.0
Target DLL:      Segger\JL2CM3.dll V2.99.43.0
Dialog DLL:      TCM.DLL V1.56.4.0
 
<h2>Project:</h2>
D:\Users_origincar\origincar_controller\USER\OriginCar.uvprojx
Project File Date:  08/01/2025

<h2>Output:</h2>
*** Using Compiler 'V5.06 update 6 (build 750)', folder: 'D:\Keil_v5\ARM\ARMCC\Bin'
Rebuild target 'FreeRTOS'
Note: source file 'D:/Keil_v5/ARM/Packs/ARM/CMSIS-DSP/1.15.0/Source/BasicMathFunctions/BasicMathFunctions.c' - object file renamed from '..\OBJ\BasicMathFunctions.o' to '..\OBJ\basicmathfunctions_1.o'.
Note: source file 'D:/Keil_v5/ARM/Packs/ARM/CMSIS-DSP/1.15.0/Source/BayesFunctions/BayesFunctionsF16.c' - object file renamed from '..\OBJ\BayesFunctionsF16.o' to '..\OBJ\bayesfunctionsf16_1.o'.
compiling stm32f4xx_it.c...
compiling system_stm32f4xx.c...
compiling sys.c...
compiling main.c...
compiling pstwo.c...
compiling delay.c...
compiling timer.c...
assembling startup_stm32f40_41xxx.s...
compiling adc.c...
compiling oled.c...
compiling can.c...
compiling motor.c...
compiling encoder.c...
compiling LED.C...
compiling key.c...
compiling usartx.c...
compiling usart.c...
compiling misc.c...
compiling stm32f4xx_gpio.c...
compiling stm32f4xx_syscfg.c...
compiling stm32f4xx_rcc.c...
compiling stm32f4xx_usart.c...
compiling stm32f4xx_adc.c...
compiling stm32f4xx_can.c...
compiling stm32f4xx_pwr.c...
compiling stm32f4xx_tim.c...
compiling croutine.c...
compiling list.c...
compiling event_groups.c...
compiling queue.c...
compiling tasks.c...
compiling timers.c...
compiling port.c...
compiling heap_4.c...
compiling system.c...
compiling kalman_filter.c...
compiling QuaternionEKF.c...
compiling BasicMathFunctionsF16.c...
compiling BasicMathFunctions.c...
compiling balance.c...
compiling BayesFunctions.c...
compiling robot_select_init.c...
compiling show.c...
compiling I2C.c...
compiling MPU6050.c...
compiling inv_mpu.c...
compiling inv_mpu_dmp_motion_driver.c...
compiling BayesFunctionsF16.c...
compiling CommonTablesF16.c...
compiling ComplexMathFunctions.c...
compiling CommonTables.c...
compiling ComplexMathFunctionsF16.c...
compiling ControllerFunctions.c...
compiling DistanceFunctions.c...
compiling DistanceFunctionsF16.c...
compiling FastMathFunctionsF16.c...
compiling FastMathFunctions.c...
compiling FilteringFunctionsF16.c...
compiling InterpolationFunctions.c...
compiling InterpolationFunctionsF16.c...
compiling MatrixFunctionsF16.c...
compiling MatrixFunctions.c...
compiling FilteringFunctions.c...
compiling QuaternionMathFunctions.c...
compiling SVMFunctions.c...
compiling SVMFunctionsF16.c...
compiling StatisticsFunctionsF16.c...
compiling SupportFunctionsF16.c...
compiling StatisticsFunctions.c...
compiling SupportFunctions.c...
compiling TransformFunctionsF16.c...
compiling TransformFunctions.c...
linking...
Program Size: Code=58100 RO-data=9692 RW-data=844 ZI-data=23732  
FromELF: creating hex file...
"..\OBJ\OriginCar.axf" - 0 Error(s), 0 Warning(s).

<h2>Software Packages used:</h2>

Package Vendor: ARM
                http://www.keil.com/pack/ARM.CMSIS.5.9.0.pack
                ARM::CMSIS@5.9.0
                CMSIS (Common Microcontroller Software Interface Standard)
   * Component: CORE Version: 5.6.0

Package Vendor: ARM
                https://www.keil.com/pack/ARM.CMSIS-DSP.1.15.0.pack
                ARM::CMSIS-DSP@1.15.0
                CMSIS Embedded Compute Library
   * Component: DSP Variant: Source Version: 1.15.0

Package Vendor: Keil
                https://www.keil.com/pack/Keil.STM32F4xx_DFP.3.0.0.pack
                Keil::STM32F4xx_DFP@3.0.0
                STMicroelectronics STM32F4 Series Device Support

<h2>Collection of Component include folders:</h2>
  ./RTE/_FreeRTOS
  D:/Keil_v5/ARM/Packs/ARM/CMSIS-DSP/1.15.0/Include
  D:/Keil_v5/ARM/Packs/ARM/CMSIS-DSP/1.15.0/PrivateInclude
  D:/Keil_v5/ARM/Packs/ARM/CMSIS/5.9.0/CMSIS/Core/Include

<h2>Collection of Component Files used:</h2>

   * Component: ARM::CMSIS:CORE@5.6.0

   * Component: ARM::CMSIS:DSP&Source@1.15.0
      Include file:  Include/arm_math.h
      Include file:  Include/arm_const_structs.h
      Include file:  Include/arm_math_f16.h
      Include file:  Include/arm_common_tables.h
      Include file:  Include/arm_common_tables_f16.h
      Include file:  Include/arm_const_structs_f16.h
      Source file:   Source/BasicMathFunctions/BasicMathFunctions.c
      Source file:   Source/QuaternionMathFunctions/QuaternionMathFunctions.c
      Source file:   Source/ComplexMathFunctions/ComplexMathFunctions.c
      Source file:   Source/TransformFunctions/TransformFunctions.c
      Source file:   Source/InterpolationFunctions/InterpolationFunctionsF16.c
      Source file:   Source/InterpolationFunctions/InterpolationFunctions.c
      Source file:   Source/ControllerFunctions/ControllerFunctions.c
      Source file:   Source/DistanceFunctions/DistanceFunctions.c
      Source file:   Source/MatrixFunctions/MatrixFunctions.c
      Source file:   Source/MatrixFunctions/MatrixFunctionsF16.c
      Source file:   Source/StatisticsFunctions/StatisticsFunctions.c
      Source file:   Source/SupportFunctions/SupportFunctionsF16.c
      Source file:   Source/DistanceFunctions/DistanceFunctionsF16.c
      Source file:   Source/TransformFunctions/TransformFunctionsF16.c
      Source file:   Source/BasicMathFunctions/BasicMathFunctionsF16.c
      Source file:   Source/SVMFunctions/SVMFunctions.c
      Source file:   Source/SVMFunctions/SVMFunctionsF16.c
      Source file:   Source/BayesFunctions/BayesFunctions.c
      Source file:   Source/FilteringFunctions/FilteringFunctionsF16.c
      Source file:   Source/BayesFunctions/BayesFunctionsF16.c
      Source file:   Source/CommonTables/CommonTablesF16.c
      Source file:   Source/StatisticsFunctions/StatisticsFunctionsF16.c
      Source file:   Source/SupportFunctions/SupportFunctions.c
      Source file:   Source/FastMathFunctions/FastMathFunctionsF16.c
      Source file:   Source/FastMathFunctions/FastMathFunctions.c
      Source file:   Source/ComplexMathFunctions/ComplexMathFunctionsF16.c
      Source file:   Source/CommonTables/CommonTables.c
      Source file:   Source/FilteringFunctions/FilteringFunctions.c
Build Time Elapsed:  00:00:09
</pre>
</body>
</html>
